06-17 22:18:55.970  1366  1931 E PQ      : [PQ][PQSessionManager] destroyPQSession, PQID = (3000eeb6), user = (0xb4000075b05fd550)
06-17 22:18:55.970  1366  1931 E PQ      : [PQ][PQSessionManager] destroyPQSession, PQID = (3000eeb7), user = (0xb4000075b05fd550)
06-17 22:18:55.970  1366  1931 E PQ      : [PQ][PQSessionManager] destroyPQSession, PQID = (3000eeb8), user = (0xb4000075b05fd550)
06-17 22:18:55.970  1366  1931 E PQ      : [PQ][PQSessionManager] destroyPQSession, PQID = (3000eeb9), user = (0xb4000075b05e5550)
06-17 22:18:55.970  1366  1931 E PQ      : [PQ][PQSessionManager] destroyPQSession, PQID = (3000eeba), user = (0xb4000075b05e5550)
06-17 22:18:55.970  1366  1931 E PQ      : [PQ][PQSessionManager] destroyPQSession, PQID = (3000eebb), user = (0xb4000075b05e5550)
06-17 22:18:55.970  1366  1931 E PQ      : [PQ][PQSessionManager] destroyPQSession, PQID = (3000eebc), user = (0xb4000075b05e5550)
06-17 22:18:55.970  1366  1931 E PQ      : [PQ][PQSessionManager] destroyPQSession, PQID = (3000eebd), user = (0xb4000075b05c5550)
06-17 22:18:55.970  1366  1931 E PQ      : [PQ][PQSessionManager] destroyPQSession, PQID = (3000eebe), user = (0xb4000075b05c5550)
06-17 22:18:55.970  1366  1931 E PQ      : [PQ][PQSessionManager] destroyPQSession, PQID = (3000eebf), user = (0xb4000075b05c5550)
06-17 22:18:55.970  1366  1931 E PQ      : [PQ][PQSessionManager] destroyPQSession, PQID = (3000eec0), user = (0xb4000075b05c5550)
06-17 22:18:55.970  1366  1931 E PQ      : [PQ][PQSessionManager] destroyPQSession, PQID = (3000eec1), user = (0xb4000075b0411550)
06-17 22:18:55.970  1366  1931 E PQ      : [PQ][PQSessionManager] destroyPQSession, PQID = (3000eec2), user = (0xb4000075b0411550)
06-17 22:18:55.970  1366  1931 E PQ      : [PQ][PQSessionManager] destroyPQSession, PQID = (3000eec3), user = (0xb4000075b0411550)
06-17 22:18:55.970  1366  1931 E PQ      : [PQ][PQSessionManager] destroyPQSession, PQID = (3000eec4), user = (0xb4000075b0411550)
06-17 22:18:55.970  1366  1931 E PQ      : [PQ][PQSessionManager] destroyPQSession, PQID = (3000eec5), user = (0xb4000075b03f9550)
06-17 22:18:55.970  1366  1931 E PQ      : [PQ][PQSessionManager] destroyPQSession, PQID = (3000eec6), user = (0xb4000075b03f9550)
06-17 22:18:55.970  1366  1931 E PQ      : [PQ][PQSessionManager] destroyPQSession, PQID = (3000eec7), user = (0xb4000075b03f9550)
06-17 22:18:55.970  1366  1931 E PQ      : [PQ][PQSessionManager] destroyPQSession, PQID = (3000eec8), user = (0xb4000075b03f9550)
06-17 22:18:55.970  1366  1931 E PQ      : [PQ][PQSessionManager] destroyPQSession, PQID = (3000eec9), user = (0xb4000075b03ce550)
06-17 22:18:55.970  1366  1931 E PQ      : [PQ][PQSessionManager] destroyPQSession, PQID = (3000eeca), user = (0xb4000075b03ce550)
06-17 22:18:55.970  1366  1931 E PQ      : [PQ][PQSessionManager] destroyPQSession, PQID = (3000eecb), user = (0xb4000075b03ce550)
06-17 22:18:55.970  1366  1931 E PQ      : [PQ][PQSessionManager] destroyPQSession, PQID = (3000eecc), user = (0xb4000075b03ce550)
06-17 22:18:55.971  1366  1931 E PQ      : [PQ][PQSessionManager] destroyPQSession, PQID = (3000eecd), user = (0xb4000075b033e550)
06-17 22:18:55.971  1366  1931 E PQ      : [PQ][PQSessionManager] destroyPQSession, PQID = (3000eece), user = (0xb4000075b033e550)
06-17 22:18:55.971  1366  1931 E PQ      : [PQ][PQSessionManager] destroyPQSession, PQID = (3000eecf), user = (0xb4000075b033e550)
06-17 22:18:55.971  1366  1931 E PQ      : [PQ][PQSessionManager] destroyPQSession, PQID = (3000eed0), user = (0xb4000075b033e550)
06-17 22:18:55.966  1084  1084 W sensors@2.0-ser: type=1400 audit(0.0:4076036): avc: denied { read } for name="state" dev="sysfs" ino=42826 scontext=u:r:mtk_hal_sensors:s0 tcontext=u:object_r:sysfs:s0 tclass=file permissive=0
06-17 22:18:55.971  1366  1931 E PQ      : [PQ][PQSessionManager] destroyPQSession, PQID = (3000eed1), user = (0xb4000075b031f550)
06-17 22:18:55.971  1366  1931 E PQ      : [PQ][PQSessionManager] destroyPQSession, PQID = (3000eed2), user = (0xb4000075b031f550)
06-17 22:18:55.971  1366  1931 E PQ      : [PQ][PQSessionManager] destroyPQSession, PQID = (3000eed3), user = (0xb4000075b031f550)
06-17 22:18:55.971  1366  1931 E PQ      : [PQ][PQSessionManager] destroyPQSession, PQID = (3000eed4), user = (0xb4000075b031f550)
06-17 22:18:55.971  1366  1931 E PQ      : [PQ][PQSessionManager] destroyPQSession, PQID = (3000eed5), user = (0xb4000075b0307550)
06-17 22:18:55.971  1366  1931 E PQ      : [PQ][PQSessionManager] destroyPQSession, PQID = (3000eed6), user = (0xb4000075b0307550)
06-17 22:18:55.971  1366  1931 E PQ      : [PQ][PQSessionManager] destroyPQSession, PQID = (3000eed7), user = (0xb4000075b0307550)
06-17 22:18:55.971  1366  1931 E PQ      : [PQ][PQSessionManager] destroyPQSession, PQID = (3000eed8), user = (0xb4000075b0307550)
06-17 22:18:55.971  1366  1931 E PQ      : [PQ][PQSessionManager] destroyPQSession, PQID = (3000eed9), user = (0xb4000075b02c3550)
06-17 22:18:55.971  1366  1931 E PQ      : [PQ][PQSessionManager] destroyPQSession, PQID = (3000eeda), user = (0xb4000075b02c3550)
06-17 22:18:55.971  1366  1931 E PQ      : [PQ][PQSessionManager] destroyPQSession, PQID = (3000eedb), user = (0xb4000075b02c3550)
06-17 22:18:55.971  1366  1931 E PQ      : [PQ][PQSessionManager] destroyPQSession, PQID = (3000eedc), user = (0xb4000075b02c3550)
06-17 22:18:55.971  1366  1931 E PQ      : [PQ][PQSessionManager] destroyPQSession, PQID = (3000eedd), user = (0xb4000075b0285550)
06-17 22:18:55.971  1366  1931 E PQ      : [PQ][PQSessionManager] destroyPQSession, PQID = (3000eede), user = (0xb4000075b0285550)
06-17 22:18:55.971  1366  1931 E PQ      : [PQ][PQSessionManager] destroyPQSession, PQID = (3000eedf), user = (0xb4000075b0285550)
06-17 22:18:55.971  1366  1931 E PQ      : [PQ][PQSessionManager] destroyPQSession, PQID = (3000eee0), user = (0xb4000075b0285550)
06-17 22:18:55.971  1366  1931 E PQ      : [PQ][PQSessionManager] destroyPQSession, PQID = (3000eee1), user = (0xb4000075b0242550)
06-17 22:18:55.971  1366  1931 E PQ      : [PQ][PQSessionManager] destroyPQSession, PQID = (3000eee2), user = (0xb4000075b0242550)
06-17 22:18:55.971  1366  1931 E PQ      : [PQ][PQSessionManager] destroyPQSession, PQID = (3000eee3), user = (0xb4000075b0242550)
06-17 22:18:55.971  1366  1931 E PQ      : [PQ][PQSessionManager] destroyPQSession, PQID = (3000eee4), user = (0xb4000075b0242550)
06-17 22:18:55.971  1366  1931 E PQ      : [PQ][PQSessionManager] destroyPQSession, PQID = (3000eee5), user = (0xb40000731f005550)
06-17 22:18:55.971  1366  1931 E PQ      : [PQ][PQSessionManager] destroyPQSession, PQID = (3000eee6), user = (0xb40000731f005550)
06-17 22:18:55.971  1366  1931 E PQ      : [PQ][PQSessionManager] destroyPQSession, PQID = (3000eee7), user = (0xb40000731f005550)
06-17 22:18:55.971  1366  1931 E PQ      : [PQ][PQSessionManager] destroyPQSession, PQID = (3000eee8), user = (0xb40000731f005550)
06-17 22:18:55.971  1366  1931 E PQ      : [PQ][PQSessionManager] destroyPQSession, PQID = (3000eee9), user = (0xb40000731efed550)
06-17 22:18:55.971  1366  1931 E PQ      : [PQ][PQSessionManager] destroyPQSession, PQID = (3000eeea), user = (0xb40000731efed550)
06-17 22:18:55.971  1366  1931 E PQ      : [PQ][PQSessionManager] destroyPQSession, PQID = (3000eeeb), user = (0xb40000731efed550)
06-17 22:18:55.971  1366  1931 E PQ      : [PQ][PQSessionManager] destroyPQSession, PQID = (3000eeec), user = (0xb40000731efed550)
06-17 22:18:55.971  1366  1931 E PQ      : [PQ][PQSessionManager] destroyPQSession, PQID = (3000eeed), user = (0xb40000731ef3f550)
06-17 22:18:55.971  1366  1931 E PQ      : [PQ][PQSessionManager] destroyPQSession, PQID = (3000eeee), user = (0xb40000731ef3f550)
06-17 22:18:55.971  1366  1931 E PQ      : [PQ][PQSessionManager] destroyPQSession, PQID = (3000eeef), user = (0xb40000731ef3f550)
06-17 22:18:55.971  1366  1931 E PQ      : [PQ][PQSessionManager] destroyPQSession, PQID = (3000eef0), user = (0xb40000731ef3f550)
06-17 22:18:55.972  1366  1931 E PQ      : [PQ][PQSessionManager] destroyPQSession, PQID = (3000eef1), user = (0xb40000731eeb6550)
06-17 22:18:55.972  1366  1931 E PQ      : [PQ][PQSessionManager] destroyPQSession, PQID = (3000eef2), user = (0xb40000731eeb6550)
06-17 22:18:55.972  1366  1931 E PQ      : [PQ][PQSessionManager] destroyPQSession, PQID = (3000eef3), user = (0xb40000731eeb6550)
06-17 22:18:55.972  1366  1931 E PQ      : [PQ][PQSessionManager] destroyPQSession, PQID = (3000eef4), user = (0xb40000731eeb6550)
06-17 22:18:55.972  1366  1931 E PQ      : [PQ][PQSessionManager] destroyPQSession, PQID = (3000eef5), user = (0xb40000731ee84550)
06-17 22:18:55.972  1366  1931 E PQ      : [PQ][PQSessionManager] destroyPQSession, PQID = (3000eef6), user = (0xb40000731ee84550)
06-17 22:18:55.972  1366  1931 E PQ      : [PQ][PQSessionManager] destroyPQSession, PQID = (3000eef7), user = (0xb40000731ee84550)
06-17 22:18:55.972  1366  1931 E PQ      : [PQ][PQSessionManager] destroyPQSession, PQID = (3000eef8), user = (0xb40000731ee84550)
06-17 22:18:55.972  1366  1931 E PQ      : [PQ][PQSessionManager] destroyPQSession, PQID = (3000eef9), user = (0xb40000731c5e9550)
06-17 22:18:55.972  1366  1931 E PQ      : [PQ][PQSessionManager] destroyPQSession, PQID = (3000eefa), user = (0xb40000731c5e9550)
06-17 22:18:55.972  1366  1931 E PQ      : [PQ][PQSessionManager] destroyPQSession, PQID = (3000eefb), user = (0xb40000731c5e9550)
06-17 22:18:55.972  1366  1931 E PQ      : [PQ][PQSessionManager] destroyPQSession, PQID = (3000eefc), user = (0xb40000731c5e9550)
06-17 22:18:55.972  1366  1931 E PQ      : [PQ][PQSessionManager] destroyPQSession, PQID = (3000eefd), user = (0xb400007317634550)
06-17 22:18:55.973  1366  1931 E PQ      : [PQ][PQSessionManager] destroyPQSession, PQID = (3000eefe), user = (0xb400007317634550)
06-17 22:18:55.973  1366  1931 E PQ      : [PQ][PQSessionManager] destroyPQSession, PQID = (3000eeff), user = (0xb400007317634550)
06-17 22:18:55.973  1366  1931 E PQ      : [PQ][PQSessionManager] destroyPQSession, PQID = (3000ef00), user = (0xb400007317634550)
06-17 22:18:55.973  1366  1931 E PQ      : [PQ][PQSessionManager] destroyPQSession, PQID = (3000ef01), user = (0xb40000731761c550)
06-17 22:18:55.973  1366  1931 E PQ      : [PQ][PQSessionManager] destroyPQSession, PQID = (3000ef02), user = (0xb40000731761c550)
06-17 22:18:55.973  1366  1931 E PQ      : [PQ][PQSessionManager] destroyPQSession, PQID = (3000ef03), user = (0xb40000731761c550)
06-17 22:18:55.973  1366  1931 E PQ      : [PQ][PQSessionManager] destroyPQSession, PQID = (3000ef04), user = (0xb40000731761c550)
06-17 22:18:55.973  1366  1931 E PQ      : [PQ][PQSessionManager] destroyPQSession, PQID = (3000ef05), user = (0xb400007317604550)
06-17 22:18:55.973  1366  1931 E PQ      : [PQ][PQSessionManager] destroyPQSession, PQID = (3000ef06), user = (0xb400007317604550)
06-17 22:18:55.973  1366  1931 E PQ      : [PQ][PQSessionManager] destroyPQSession, PQID = (3000ef07), user = (0xb400007317604550)
06-17 22:18:55.973  1366  1931 E PQ      : [PQ][PQSessionManager] destroyPQSession, PQID = (3000ef08), user = (0xb400007317604550)
06-17 22:18:55.973  1366  1931 E PQ      : [PQ][PQSessionManager] destroyPQSession, PQID = (3000ef09), user = (0xb4000073149e9550)
06-17 22:18:55.973  1366  1931 E PQ      : [PQ][PQSessionManager] destroyPQSession, PQID = (3000ef0a), user = (0xb4000073149e9550)
06-17 22:18:55.973  1366  1931 E PQ      : [PQ][PQSessionManager] destroyPQSession, PQID = (3000ef0b), user = (0xb4000073149e9550)
06-17 22:18:55.973  1366  1931 E PQ      : [PQ][PQSessionManager] destroyPQSession, PQID = (3000ef0c), user = (0xb4000073149e9550)
06-17 22:18:55.973  1366  1931 E PQ      : [PQ][PQSessionManager] destroyPQSession, PQID = (3000ef0d), user = (0xb4000073149d1550)
06-17 22:18:55.973  1366  1931 E PQ      : [PQ][PQSessionManager] destroyPQSession, PQID = (3000ef0e), user = (0xb4000073149d1550)
06-17 22:18:55.973  1366  1931 E PQ      : [PQ][PQSessionManager] destroyPQSession, PQID = (3000ef0f), user = (0xb4000073149d1550)
06-17 22:18:55.973  1366  1931 E PQ      : [PQ][PQSessionManager] destroyPQSession, PQID = (3000ef10), user = (0xb4000073149d1550)
06-17 22:18:55.974  1366  1931 E PQ      : [PQ][PQSessionManager] destroyPQSession, PQID = (3000ef11), user = (0xb4000073149b9550)
06-17 22:18:55.974  1366  1931 E PQ      : [PQ][PQSessionManager] destroyPQSession, PQID = (3000ef12), user = (0xb4000073149b9550)
06-17 22:18:55.974  1366  1931 E PQ      : [PQ][PQSessionManager] destroyPQSession, PQID = (3000ef13), user = (0xb4000073149b9550)
06-17 22:18:55.974  1366  1931 E PQ      : [PQ][PQSessionManager] destroyPQSession, PQID = (3000ef14), user = (0xb4000073149b9550)
06-17 22:18:55.974  1366  1931 E PQ      : [PQ][PQSessionManager] destroyPQSession, PQID = (3000ef15), user = (0xb40000731491f550)
06-17 22:18:55.974  1366  1931 E PQ      : [PQ][PQSessionManager] destroyPQSession, PQID = (3000ef16), user = (0xb40000731491f550)
06-17 22:18:55.974  1366  1931 E PQ      : [PQ][PQSessionManager] destroyPQSession, PQID = (3000ef17), user = (0xb40000731491f550)
06-17 22:18:55.974  1366  1931 E PQ      : [PQ][PQSessionManager] destroyPQSession, PQID = (3000ef18), user = (0xb40000731491f550)
06-17 22:18:55.974  1366  1931 E PQ      : [PQ][PQSessionManager] destroyPQSession, PQID = (3000ef19), user = (0xb400007314907550)
06-17 22:18:55.974  1366  1931 E PQ      : [PQ][PQSessionManager] destroyPQSession, PQID = (3000ef1a), user = (0xb400007314907550)
06-17 22:18:55.974  1366  1931 E PQ      : [PQ][PQSessionManager] destroyPQSession, PQID = (3000ef1b), user = (0xb400007314907550)
06-17 22:18:55.974  1366  1931 E PQ      : [PQ][PQSessionManager] destroyPQSession, PQID = (3000ef1c), user = (0xb400007314907550)
06-17 22:18:55.974  1366  1931 E PQ      : [PQ][PQSessionManager] destroyPQSession, PQID = (3000ef1d), user = (0xb4000073148ef550)
06-17 22:18:55.974  1366  1931 E PQ      : [PQ][PQSessionManager] destroyPQSession, PQID = (3000ef1e), user = (0xb4000073148ef550)
06-17 22:18:55.974  1366  1931 E PQ      : [PQ][PQSessionManager] destroyPQSession, PQID = (3000ef1f), user = (0xb4000073148ef550)
06-17 22:18:55.974  1366  1931 E PQ      : [PQ][PQSessionManager] destroyPQSession, PQID = (3000ef20), user = (0xb4000073148ef550)
06-17 22:18:55.974  1366  1931 E PQ      : [PQ][PQSessionManager] destroyPQSession, PQID = (3000ef21), user = (0xb40000731482e550)
06-17 22:18:55.974  1366  1931 E PQ      : [PQ][PQSessionManager] destroyPQSession, PQID = (3000ef22), user = (0xb40000731482e550)
06-17 22:18:55.974  1366  1931 E PQ      : [PQ][PQSessionManager] destroyPQSession, PQID = (3000ef23), user = (0xb40000731482e550)
06-17 22:18:55.974  1366  1931 E PQ      : [PQ][PQSessionManager] destroyPQSession, PQID = (3000ef24), user = (0xb40000731482e550)
06-17 22:18:55.975  1366  1931 E PQ      : [PQ][PQSessionManager] destroyPQSession, PQID = (3000ef25), user = (0xb400007314816550)
06-17 22:18:55.975  1366  1931 E PQ      : [PQ][PQSessionManager] destroyPQSession, PQID = (3000ef26), user = (0xb400007314816550)
06-17 22:18:55.975  1366  1931 E PQ      : [PQ][PQSessionManager] destroyPQSession, PQID = (3000ef27), user = (0xb400007314816550)
06-17 22:18:55.975  1366  1931 E PQ      : [PQ][PQSessionManager] destroyPQSession, PQID = (3000ef28), user = (0xb400007314816550)
06-17 22:18:55.975  1366  1931 E PQ      : [PQ][PQSessionManager] destroyPQSession, PQID = (3000ef29), user = (0xb4000073147b0550)
06-17 22:18:55.975  1366  1931 E PQ      : [PQ][PQSessionManager] destroyPQSession, PQID = (3000ef2a), user = (0xb4000073147b0550)
06-17 22:18:55.975  1366  1931 E PQ      : [PQ][PQSessionManager] destroyPQSession, PQID = (3000ef2b), user = (0xb4000073147b0550)
06-17 22:18:55.975  1366  1931 E PQ      : [PQ][PQSessionManager] destroyPQSession, PQID = (3000ef2c), user = (0xb4000073147b0550)
06-17 22:18:55.975  1366  1931 E PQ      : [PQ][PQSessionManager] destroyPQSession, PQID = (3000ef2d), user = (0xb400007314739550)
06-17 22:18:55.975  1366  1931 E PQ      : [PQ][PQSessionManager] destroyPQSession, PQID = (3000ef2e), user = (0xb400007314739550)
06-17 22:18:55.975  1366  1931 E PQ      : [PQ][PQSessionManager] destroyPQSession, PQID = (3000ef2f), user = (0xb400007314739550)
06-17 22:18:55.975  1366  1931 E PQ      : [PQ][PQSessionManager] destroyPQSession, PQID = (3000ef30), user = (0xb400007314739550)
06-17 22:18:55.975  1366  1931 E PQ      : [PQ][PQSessionManager] destroyPQSession, PQID = (3000ef31), user = (0xb400007314711550)
06-17 22:18:55.975  1366  1931 E PQ      : [PQ][PQSessionManager] destroyPQSession, PQID = (3000ef32), user = (0xb400007314711550)
06-17 22:18:55.975  1366  1931 E PQ      : [PQ][PQSessionManager] destroyPQSession, PQID = (3000ef33), user = (0xb400007314711550)
06-17 22:18:55.975  1366  1931 E PQ      : [PQ][PQSessionManager] destroyPQSession, PQID = (3000ef34), user = (0xb400007314711550)
06-17 22:18:55.975  1366  1931 E PQ      : [PQ][PQSessionManager] destroyPQSession, PQID = (3000ef35), user = (0xb4000073146f9550)
06-17 22:18:55.975  1366  1931 E PQ      : [PQ][PQSessionManager] destroyPQSession, PQID = (3000ef36), user = (0xb4000073146f9550)
06-17 22:18:55.975  1366  1931 E PQ      : [PQ][PQSessionManager] destroyPQSession, PQID = (3000ef37), user = (0xb4000073146f9550)
06-17 22:18:55.975  1366  1931 E PQ      : [PQ][PQSessionManager] destroyPQSession, PQID = (3000ef38), user = (0xb4000073146f9550)
06-17 22:18:55.976  1366  1931 E PQ      : [PQ][PQSessionManager] destroyPQSession, PQID = (3000ef39), user = (0xb4000073146dd550)
06-17 22:18:55.976  1366  1931 E PQ      : [PQ][PQSessionManager] destroyPQSession, PQID = (3000ef3a), user = (0xb4000073146dd550)
06-17 22:18:55.976  1366  1931 E PQ      : [PQ][PQSessionManager] destroyPQSession, PQID = (3000ef3b), user = (0xb4000073146dd550)
06-17 22:18:55.976  1366  1931 E PQ      : [PQ][PQSessionManager] destroyPQSession, PQID = (3000ef3c), user = (0xb4000073146dd550)
06-17 22:18:55.976  1366  1931 E PQ      : [PQ][PQSessionManager] destroyPQSession, PQID = (3000ef3d), user = (0xb4000073146c5550)
06-17 22:18:55.976  1366  1931 E PQ      : [PQ][PQSessionManager] destroyPQSession, PQID = (3000ef3e), user = (0xb4000073146c5550)
06-17 22:18:55.976  1366  1931 E PQ      : [PQ][PQSessionManager] destroyPQSession, PQID = (3000ef3f), user = (0xb4000073146c5550)
06-17 22:18:55.976  1366  1931 E PQ      : [PQ][PQSessionManager] destroyPQSession, PQID = (3000ef40), user = (0xb4000073146c5550)
06-17 22:18:55.976  1366  1931 E PQ      : [PQ][PQSessionManager] destroyPQSession, PQID = (3000ef41), user = (0xb4000073146ad550)
06-17 22:18:55.976  1366  1931 E PQ      : [PQ][PQSessionManager] destroyPQSession, PQID = (3000ef42), user = (0xb4000073146ad550)
06-17 22:18:55.976  1366  1931 E PQ      : [PQ][PQSessionManager] destroyPQSession, PQID = (3000ef43), user = (0xb4000073146ad550)
06-17 22:18:55.976  1366  1931 E PQ      : [PQ][PQSessionManager] destroyPQSession, PQID = (3000ef44), user = (0xb4000073146ad550)
06-17 22:18:55.976  1366  1931 E PQ      : [PQ][PQSessionManager] destroyPQSession, PQID = (3000ef45), user = (0xb400007314671550)
06-17 22:18:55.976  1366  1931 E PQ      : [PQ][PQSessionManager] destroyPQSession, PQID = (3000ef46), user = (0xb400007314671550)
06-17 22:18:55.976  1366  1931 E PQ      : [PQ][PQSessionManager] destroyPQSession, PQID = (3000ef47), user = (0xb400007314671550)
06-17 22:18:55.976  1366  1931 E PQ      : [PQ][PQSessionManager] destroyPQSession, PQID = (3000ef48), user = (0xb400007314671550)
06-17 22:18:55.977  1366  1931 E PQ      : [PQ][PQSessionManager] destroyPQSession, PQID = (3000ef49), user = (0xb400007314659550)
06-17 22:18:55.977  1366  1931 E PQ      : [PQ][PQSessionManager] destroyPQSession, PQID = (3000ef4a), user = (0xb400007314659550)
06-17 22:18:55.977  1366  1931 E PQ      : [PQ][PQSessionManager] destroyPQSession, PQID = (3000ef4b), user = (0xb400007314659550)
06-17 22:18:55.977  1366  1931 E PQ      : [PQ][PQSessionManager] destroyPQSession, PQID = (3000ef4c), user = (0xb400007314659550)
06-17 22:18:55.977  1366  1931 E PQ      : [PQ][PQSessionManager] destroyPQSession, PQID = (3000ef4d), user = (0xb40000731462b550)
06-17 22:18:55.977  1366  1931 E PQ      : [PQ][PQSessionManager] destroyPQSession, PQID = (3000ef4e), user = (0xb40000731462b550)
06-17 22:18:55.977  1366  1931 E PQ      : [PQ][PQSessionManager] destroyPQSession, PQID = (3000ef4f), user = (0xb40000731462b550)
06-17 22:18:55.977  1366  1931 E PQ      : [PQ][PQSessionManager] destroyPQSession, PQID = (3000ef50), user = (0xb40000731462b550)
06-17 22:18:55.977  1366  1931 E PQ      : [PQ][PQSessionManager] destroyPQSession, PQID = (3000ef51), user = (0xb400007314613550)
06-17 22:18:55.977  1366  1931 E PQ      : [PQ][PQSessionManager] destroyPQSession, PQID = (3000ef52), user = (0xb400007314613550)
06-17 22:18:55.977  1366  1931 E PQ      : [PQ][PQSessionManager] destroyPQSession, PQID = (3000ef53), user = (0xb400007314613550)
06-17 22:18:55.977  1366  1931 E PQ      : [PQ][PQSessionManager] destroyPQSession, PQID = (3000ef54), user = (0xb400007314613550)
06-17 22:18:55.977  1366  1931 E PQ      : [PQ][PQSessionManager] destroyPQSession, PQID = (3000ef55), user = (0xb400007311422550)
06-17 22:18:55.977  1366  1931 E PQ      : [PQ][PQSessionManager] destroyPQSession, PQID = (3000ef56), user = (0xb400007311422550)
06-17 22:18:55.977  1366  1931 E PQ      : [PQ][PQSessionManager] destroyPQSession, PQID = (3000ef57), user = (0xb400007311422550)
06-17 22:18:55.977  1366  1931 E PQ      : [PQ][PQSessionManager] destroyPQSession, PQID = (3000ef58), user = (0xb400007311422550)
06-17 22:18:55.977  1366  1931 E PQ      : [PQ][PQSessionManager] destroyPQSession, PQID = (3000ef59), user = (0xb400007310de9550)
06-17 22:18:55.977  1366  1931 E PQ      : [PQ][PQSessionManager] destroyPQSession, PQID = (3000ef5a), user = (0xb400007310de9550)
06-17 22:18:55.978  1366  1931 E PQ      : [PQ][PQSessionManager] destroyPQSession, PQID = (3000ef5b), user = (0xb400007310de9550)
06-17 22:18:55.978  1366  1931 E PQ      : [PQ][PQSessionManager] destroyPQSession, PQID = (3000ef5c), user = (0xb400007310de9550)
06-17 22:18:55.978  1366  1931 E PQ      : [PQ][PQSessionManager] destroyPQSession, PQID = (3000ef5d), user = (0xb400007310dd1550)
06-17 22:18:55.978  1366  1931 E PQ      : [PQ][PQSessionManager] destroyPQSession, PQID = (3000ef5e), user = (0xb400007310dd1550)
06-17 22:18:55.978  1366  1931 E PQ      : [PQ][PQSessionManager] destroyPQSession, PQID = (3000ef5f), user = (0xb400007310dd1550)
06-17 22:18:55.978  1366  1931 E PQ      : [PQ][PQSessionManager] destroyPQSession, PQID = (3000ef60), user = (0xb400007310dd1550)
06-17 22:18:55.978  1366  1931 E PQ      : [PQ][PQSessionManager] destroyPQSession, PQID = (3000ef61), user = (0xb400007310db9550)
06-17 22:18:55.978  1366  1931 E PQ      : [PQ][PQSessionManager] destroyPQSession, PQID = (3000ef62), user = (0xb400007310db9550)
06-17 22:18:55.978  1366  1931 E PQ      : [PQ][PQSessionManager] destroyPQSession, PQID = (3000ef63), user = (0xb400007310db9550)
06-17 22:18:55.978  1366  1931 E PQ      : [PQ][PQSessionManager] destroyPQSession, PQID = (3000ef64), user = (0xb400007310db9550)
06-17 22:18:55.978  1366  1931 E PQ      : [PQ][PQSessionManager] destroyPQSession, PQID = (3000ef65), user = (0xb400007310a4b550)
06-17 22:18:55.978  1366  1931 E PQ      : [PQ][PQSessionManager] destroyPQSession, PQID = (3000ef66), user = (0xb400007310a4b550)
06-17 22:18:55.978  1366  1931 E PQ      : [PQ][PQSessionManager] destroyPQSession, PQID = (3000ef67), user = (0xb400007310a4b550)
06-17 22:18:55.978  1366  1931 E PQ      : [PQ][PQSessionManager] destroyPQSession, PQID = (3000ef68), user = (0xb400007310a4b550)
06-17 22:18:55.978  1366  1931 E PQ      : [PQ][PQSessionManager] destroyPQSession, PQID = (3000ef69), user = (0xb400007310a33550)
06-17 22:18:55.978  1366  1931 E PQ      : [PQ][PQSessionManager] destroyPQSession, PQID = (3000ef6a), user = (0xb400007310a33550)
06-17 22:18:55.978  1366  1931 E PQ      : [PQ][PQSessionManager] destroyPQSession, PQID = (3000ef6b), user = (0xb400007310a33550)
06-17 22:18:55.978  1366  1931 E PQ      : [PQ][PQSessionManager] destroyPQSession, PQID = (3000ef6c), user = (0xb400007310a33550)
06-17 22:18:55.978  1366  1931 E PQ      : [PQ][PQSessionManager] destroyPQSession, PQID = (3000ef6d), user = (0xb400007310a1b550)
06-17 22:18:55.978  1366  1931 E PQ      : [PQ][PQSessionManager] destroyPQSession, PQID = (3000ef6e), user = (0xb400007310a1b550)
06-17 22:18:55.978  1366  1931 E PQ      : [PQ][PQSessionManager] destroyPQSession, PQID = (3000ef6f), user = (0xb400007310a1b550)
06-17 22:18:55.978  1366  1931 E PQ      : [PQ][PQSessionManager] destroyPQSession, PQID = (3000ef70), user = (0xb400007310a1b550)
06-17 22:18:55.979  1366  1931 E PQ      : [PQ][PQSessionManager] destroyPQSession, PQID = (3000ef71), user = (0xb400007310a03550)
06-17 22:18:55.979  1366  1931 E PQ      : [PQ][PQSessionManager] destroyPQSession, PQID = (3000ef72), user = (0xb400007310a03550)
06-17 22:18:55.979  1366  1931 E PQ      : [PQ][PQSessionManager] destroyPQSession, PQID = (3000ef73), user = (0xb400007310a03550)
06-17 22:18:55.979  1366  1931 E PQ      : [PQ][PQSessionManager] destroyPQSession, PQID = (3000ef74), user = (0xb400007310a03550)
06-17 22:18:55.979  1366  1931 E PQ      : [PQ][PQSessionManager] destroyPQSession, PQID = (3000ef75), user = (0xb4000073101e1550)
06-17 22:18:55.979  1366  1931 E PQ      : [PQ][PQSessionManager] destroyPQSession, PQID = (3000ef76), user = (0xb4000073101e1550)
06-17 22:18:55.979  1366  1931 E PQ      : [PQ][PQSessionManager] destroyPQSession, PQID = (3000ef77), user = (0xb4000073101e1550)
06-17 22:18:55.979  1366  1931 E PQ      : [PQ][PQSessionManager] destroyPQSession, PQID = (3000ef78), user = (0xb4000073101e1550)
06-17 22:18:55.979  1366  1931 E PQ      : [PQ][PQSessionManager] destroyPQSession, PQID = (3000ef79), user = (0xb4000073101c9550)
06-17 22:18:55.979  1366  1931 E PQ      : [PQ][PQSessionManager] destroyPQSession, PQID = (3000ef7a), user = (0xb4000073101c9550)
06-17 22:18:55.979  1366  1931 E PQ      : [PQ][PQSessionManager] destroyPQSession, PQID = (3000ef7b), user = (0xb4000073101c9550)
06-17 22:18:55.979  1366  1931 E PQ      : [PQ][PQSessionManager] destroyPQSession, PQID = (3000ef7c), user = (0xb4000073101c9550)
06-17 22:18:55.979  1366  1931 E PQ      : [PQ][PQSessionManager] destroyPQSession, PQID = (3000ef7d), user = (0xb4000073101b1550)
06-17 22:18:55.979  1366  1931 E PQ      : [PQ][PQSessionManager] destroyPQSession, PQID = (3000ef7e), user = (0xb4000073101b1550)
06-17 22:18:55.979  1366  1931 E PQ      : [PQ][PQSessionManager] destroyPQSession, PQID = (3000ef7f), user = (0xb4000073101b1550)
06-17 22:18:55.979  1366  1931 E PQ      : [PQ][PQSessionManager] destroyPQSession, PQID = (3000ef80), user = (0xb4000073101b1550)
06-17 22:18:55.979  1366  1931 E PQ      : [PQ][PQSessionManager] destroyPQSession, PQID = (3000ef81), user = (0xb40000731018c550)
06-17 22:18:55.980  1366  1931 E PQ      : [PQ][PQSessionManager] destroyPQSession, PQID = (3000ef82), user = (0xb40000731018c550)
06-17 22:18:55.980  1366  1931 E PQ      : [PQ][PQSessionManager] destroyPQSession, PQID = (3000ef83), user = (0xb40000731018c550)
06-17 22:18:55.980  1366  1931 E PQ      : [PQ][PQSessionManager] destroyPQSession, PQID = (3000ef84), user = (0xb40000731018c550)
06-17 22:18:55.980  1366  1931 E PQ      : [PQ][PQSessionManager] destroyPQSession, PQID = (3000ef85), user = (0xb400007310174550)
06-17 22:18:55.980  1366  1931 E PQ      : [PQ][PQSessionManager] destroyPQSession, PQID = (3000ef86), user = (0xb400007310174550)
06-17 22:18:55.980  1366  1931 E PQ      : [PQ][PQSessionManager] destroyPQSession, PQID = (3000ef87), user = (0xb400007310174550)
06-17 22:18:55.980  1366  1931 E PQ      : [PQ][PQSessionManager] destroyPQSession, PQID = (3000ef88), user = (0xb400007310174550)
06-17 22:18:55.980  1366  1931 E PQ      : [PQ][PQSessionManager] destroyPQSession, PQID = (3000ef89), user = (0xb40000730fc5c550)
06-17 22:18:55.980  1366  1931 E PQ      : [PQ][PQSessionManager] destroyPQSession, PQID = (3000ef8a), user = (0xb40000730fc5c550)
06-17 22:18:55.980  1366  1931 E PQ      : [PQ][PQSessionManager] destroyPQSession, PQID = (3000ef8b), user = (0xb40000730fc5c550)
06-17 22:18:55.980  1366  1931 E PQ      : [PQ][PQSessionManager] destroyPQSession, PQID = (3000ef8c), user = (0xb40000730fc5c550)
06-17 22:18:55.980  1366  1931 E PQ      : [PQ][PQSessionManager] destroyPQSession, PQID = (3000ef8d), user = (0xb40000730fc44550)
06-17 22:18:55.980  1366  1931 E PQ      : [PQ][PQSessionManager] destroyPQSession, PQID = (3000ef8e), user = (0xb40000730fc44550)
06-17 22:18:55.980  1366  1931 E PQ      : [PQ][PQSessionManager] destroyPQSession, PQID = (3000ef8f), user = (0xb40000730fc44550)
06-17 22:18:55.980  1366  1931 E PQ      : [PQ][PQSessionManager] destroyPQSession, PQID = (3000ef90), user = (0xb40000730fc44550)
06-17 22:18:55.981  1366  1931 E PQ      : [PQ][PQSessionManager] destroyPQSession, PQID = (3000ef91), user = (0xb40000730fc2c550)
06-17 22:18:55.981  1366  1931 E PQ      : [PQ][PQSessionManager] destroyPQSession, PQID = (3000ef92), user = (0xb40000730fc2c550)
06-17 22:18:55.981  1366  1931 E PQ      : [PQ][PQSessionManager] destroyPQSession, PQID = (3000ef93), user = (0xb40000730fc2c550)
06-17 22:18:55.981  1366  1931 E PQ      : [PQ][PQSessionManager] destroyPQSession, PQID = (3000ef94), user = (0xb40000730fc2c550)
06-17 22:18:55.981  1366  1931 E PQ      : [PQ][PQSessionManager] destroyPQSession, PQID = (500002ad), user = (0xb4000075a027c070)
06-17 22:18:55.981  1366  1931 E PQ      : [PQ][PQSessionManager] destroyPQSession, PQID = (500002ae), user = (0xb4000075a027c070)
06-17 22:18:55.981  1366  1931 E PQ      : [PQ][PQSessionManager] destroyPQSession, PQID = (500002af), user = (0xb4000075a027c070)
06-17 22:18:55.981  1366  1931 E PQ      : [PQ][PQSessionManager] destroyPQSession, PQID = (500002b0), user = (0xb4000075a027c070)
06-17 22:18:55.981  1366  1931 E PQ      : [PQ][PQSessionManager] destroyPQSession, PQID = (3000ee51), user = (0xb4000072a25a4668)
06-17 22:18:55.981  1366  1931 E PQ      : [PQ][PQSessionManager] destroyPQSession, PQID = (3000ee52), user = (0xb4000072a25a4668)
06-17 22:18:55.981  1366  1931 E PQ      : [PQ][PQSessionManager] destroyPQSession, PQID = (3000ee53), user = (0xb4000072a25a4668)
06-17 22:18:55.981  1366  1931 E PQ      : [PQ][PQSessionManager] destroyPQSession, PQID = (3000ee54), user = (0xb4000072a25a4668)
06-17 22:18:55.981  1366  1931 E PQ      : [PQ][PQSessionManager] destroyPQSession, PQID = (3000ee4d), user = (0xb4000072a2585aa0)
06-17 22:18:55.981  1366  1931 E PQ      : [PQ][PQSessionManager] destroyPQSession, PQID = (3000ee4e), user = (0xb4000072a2585aa0)
06-17 22:18:55.981  1366  1931 E PQ      : [PQ][PQSessionManager] destroyPQSession, PQID = (3000ee4f), user = (0xb4000072a2585aa0)
06-17 22:18:55.981  1366  1931 E PQ      : [PQ][PQSessionManager] destroyPQSession, PQID = (3000ee50), user = (0xb4000072a2585aa0)
06-17 22:18:55.981  1366  1931 E PQ      : [PQ][PQSessionManager] destroyPQSession, PQID = (3000ee49), user = (0xb4000072a2566f18)
06-17 22:18:55.981  1366  1931 E PQ      : [PQ][PQSessionManager] destroyPQSession, PQID = (3000ee4a), user = (0xb4000072a2566f18)
06-17 22:18:55.981  1366  1931 E PQ      : [PQ][PQSessionManager] destroyPQSession, PQID = (3000ee4b), user = (0xb4000072a2566f18)
06-17 22:18:55.981  1366  1931 E PQ      : [PQ][PQSessionManager] destroyPQSession, PQID = (3000ee4c), user = (0xb4000072a2566f18)
06-17 22:18:55.981  1366  1931 E PQ      : [PQ][PQSessionManager] destroyPQSession, PQID = (3000ee45), user = (0xb4000072a25483d0)
06-17 22:18:55.981  1366  1931 E PQ      : [PQ][PQSessionManager] destroyPQSession, PQID = (3000ee46), user = (0xb4000072a25483d0)
06-17 22:18:55.981  1366  1931 E PQ      : [PQ][PQSessionManager] destroyPQSession, PQID = (3000ee47), user = (0xb4000072a25483d0)
06-17 22:18:55.981  1366  1931 E PQ      : [PQ][PQSessionManager] destroyPQSession, PQID = (3000ee48), user = (0xb4000072a25483d0)
06-17 22:18:55.981  1366  1931 E PQ      : [PQ][PQSessionManager] destroyPQSession, PQID = (3000ee41), user = (0xb4000072a2520348)
06-17 22:18:55.981  1366  1931 E PQ      : [PQ][PQSessionManager] destroyPQSession, PQID = (3000ee42), user = (0xb4000072a2520348)
06-17 22:18:55.981  1366  1931 E PQ      : [PQ][PQSessionManager] destroyPQSession, PQID = (3000ee43), user = (0xb4000072a2520348)
06-17 22:18:55.981  1366  1931 E PQ      : [PQ][PQSessionManager] destroyPQSession, PQID = (3000ee44), user = (0xb4000072a2520348)
06-17 22:18:55.981  1366  1931 E PQ      : [PQ][PQSessionManager] destroyPQSession, PQID = (3000ee3d), user = (0xb4000072a24dd0b0)
06-17 22:18:55.981  1366  1931 E PQ      : [PQ][PQSessionManager] destroyPQSession, PQID = (3000ee3e), user = (0xb4000072a24dd0b0)
06-17 22:18:55.981  1366  1931 E PQ      : [PQ][PQSessionManager] destroyPQSession, PQID = (3000ee3f), user = (0xb4000072a24dd0b0)
06-17 22:18:55.981  1366  1931 E PQ      : [PQ][PQSessionManager] destroyPQSession, PQID = (3000ee40), user = (0xb4000072a24dd0b0)
06-17 22:18:55.981  1366  1931 E PQ      : [PQ][PQSessionManager] destroyPQSession, PQID = (3000ee39), user = (0xb4000072a24be3f0)
06-17 22:18:55.981  1366  1931 E PQ      : [PQ][PQSessionManager] destroyPQSession, PQID = (3000ee3a), user = (0xb4000072a24be3f0)
06-17 22:18:55.981  1366  1931 E PQ      : [PQ][PQSessionManager] destroyPQSession, PQID = (3000ee3b), user = (0xb4000072a24be3f0)
06-17 22:18:55.981  1366  1931 E PQ      : [PQ][PQSessionManager] destroyPQSession, PQID = (3000ee3c), user = (0xb4000072a24be3f0)
06-17 22:18:55.982  1366  1931 E PQ      : [PQ][PQSessionManager] destroyPQSession, PQID = (3000ee35), user = (0xb4000072a244dc20)
06-17 22:18:55.982  1366  1931 E PQ      : [PQ][PQSessionManager] destroyPQSession, PQID = (3000ee36), user = (0xb4000072a244dc20)
06-17 22:18:55.982  1366  1931 E PQ      : [PQ][PQSessionManager] destroyPQSession, PQID = (3000ee37), user = (0xb4000072a244dc20)
06-17 22:18:55.982  1366  1931 E PQ      : [PQ][PQSessionManager] destroyPQSession, PQID = (3000ee38), user = (0xb4000072a244dc20)
06-17 22:18:55.982  1097  1151 I libPowerHal: [unsetGPUFreq] current min:0, max:0; scn_gpu_min:0, scn_gpu_max:-1; scn_gpu_min(HL):-1, scn_gpu_max(HL):-1
06-17 22:18:55.982  1097  1151 I libPowerHal: [setGPUFreq] Soft min/max = (0, 0); Hard min/max = (2, 0)
06-17 22:18:55.982  1097  1151 I libPowerHal: [setGPUFreq] final min/max = (0, 0)
06-17 22:18:55.982  1366  1931 I MtkCam/P2/StreamingNode: [uninit] P2S cam 0: uninit lock +
06-17 22:18:55.982  1366  1931 I MtkCam/P2/StreamingNode: [uninit] P2S cam 0: uninit lock -
06-17 22:18:55.983  1366 25144 W MtkCam/fdNodeImp: [onDequeRequest] [exitPending] mRequestQueue.size:0
06-17 22:18:55.983  1366  1931 W mHalFDVT: (1931)[halFDUninit] FD HAL Object is already uninited...
06-17 22:18:55.983  1366  1931 D AppFDFT_SW: FdDumper destructor
06-17 22:18:55.984  1366  1931 I mtkcam-ppl_fbm: [~FrameBufferManagerImpl] + mDebuggeeCookie:0xb4000073f024e908
06-17 22:18:55.984  1366  1931 I mtkcam-ppl_fbm: [~FrameBufferManagerImpl] -
06-17 22:18:55.984  1097  1151 I libPowerHal: [unsetGPUFreq] current min:0, max:0; scn_gpu_min:0, scn_gpu_max:-1; scn_gpu_min(HL):-1, scn_gpu_max(HL):-1
06-17 22:18:55.984  1097  1151 I libPowerHal: [setGPUFreq] Soft min/max = (0, 0); Hard min/max = (2, 0)
06-17 22:18:55.984  1097  1151 I libPowerHal: [setGPUFreq] final min/max = (0, 0)
06-17 22:18:55.986  1366  1931 I MtkCam/ppl_context: [onLastStrongRef] - <4Cell/0>
06-17 22:18:55.986  1366  1931 I mtkcam-FeatureSettingPolicy: [~FeatureSettingPolicy] (0xb4000074a025cbc0) dtor
06-17 22:18:55.986  1366  1931 I MtkCam/ppl_plugin: [~PipelinePlugin] Yuv: dtor(0xb400007420227b58)
06-17 22:18:55.986  1366  1931 I MtkCam/ppl_plugin: [~PipelinePlugin] remove plugin(0x0), hash:221852933, mInstances size:0
06-17 22:18:55.986  1366  1931 I MtkCam/ppl_plugin: [~PipelinePlugin] Raw: dtor(0xb40000742022cd28)
06-17 22:18:55.986  1366  1931 I MtkCam/ppl_plugin: [~PipelinePlugin] remove plugin(0x0), hash:221852933, mInstances size:0
06-17 22:18:55.986  1366  1931 I MtkCam/ppl_plugin: [~PipelinePlugin] MultiFrame: dtor(0xb400007420222ae8)
06-17 22:18:55.986  1366  1931 I MtkCam/ppl_plugin: [~PipelinePlugin] remove plugin(0x0), hash:221852933, mInstances size:0
06-17 22:18:55.986  1366  1931 I mtkcam-DeviceAdapter: 0[HalDeviceAdapter::powerOff] powerOff +
06-17 22:18:55.986  1366  1931 I af_mgr_v3: AF-CamPwrOffState : + Dev 1
06-17 22:18:55.986  1366  1931 I af_mgr_v3: AF-CamPwrOffState : uninitMcuDrv - Dev: 1
06-17 22:18:55.986  1366  1931 D LensDrv : [uninit] pthread_join
06-17 22:18:55.986  1366  1931 D LensDrv : [Main ][uninit] : lens uninit() [m_userCnt]1 [fdMCU_main]187 +
06-17 22:18:55.987  1366  1931 D LensDrv : [Main ][uninit] : lens uninit() [fdMCU_main] -1  -
06-17 22:18:55.987  1366  1931 I af_mgr_v3: AF-CamPwrOffState : -
06-17 22:18:55.987  1366  1931 I Drv/HWsync: Drv/HWsync[uninit] +, user&cnt(HW_SYNC_USER_HALSENSOR,2),srIdxNum(1)
06-17 22:18:55.987  1366  1931 I Drv/HWsync: Drv/HWsync[uninit] idx(0,remain_0),tg(1)
06-17 22:18:55.986  1084  1084 W sensors@2.0-ser: type=1400 audit(0.0:4076037): avc: denied { read } for name="state" dev="sysfs" ino=42826 scontext=u:r:mtk_hal_sensors:s0 tcontext=u:object_r:sysfs:s0 tclass=file permissive=0
06-17 22:18:56.001  1366  1931 I mtkcam-DeviceAdapter: 0[HalDeviceAdapter::powerOff] powerOff -
06-17 22:18:56.002  1366  1931 I Drv/HWsync: Drv/HWsync[uninit] +, user&cnt(HW_SYNC_USER_AE,1),srIdxNum(0)
06-17 22:18:56.002  1366  1931 I Drv/HWsync: Drv/HWsync[uninit] mAECyclePeriod(-1)
06-17 22:18:56.002  1366  1931 I af_mgr_v3: AF-uninit         : +
06-17 22:18:56.003  1084  1084 I Gyroscope: batch: handle:3, flag:0,samplingPeriodNs:20000000 maxBatchReportLatencyNs:0
06-17 22:18:56.005  1366  1931 I hw-BpHwBinder: onLastStrongRef automatically unlinking death recipients
06-17 22:18:56.005  1366  1931 I af_mgr_v3: AF-uninit         : Algo(0x0), users 0
06-17 22:18:56.005  1366  1931 I af_mgr_v3: AF-uninit         : -
06-17 22:18:56.005  1366  1931 I FlashHal: setFlashOff().
06-17 22:18:56.005  1366  1931 I StrobeDrvFlashlight: setOnOff(): enable(0).
06-17 22:18:56.005  1366  1931 I StrobeDrvFlashlight: setOnOff(): off time(-1).
06-17 22:18:56.005  1366  1931 I StrobeDrvFlashlightFops: ioctl failed: type/ct (1,1) Inappropriate ioctl for device
06-17 22:18:56.005  1366  1931 I StrobeDrvFlashlight: getHwFault(): flag1(0) ret(-1).
06-17 22:18:56.005  1366  1931 I StrobeDrvFlashlightFops: ioctl failed: type/ct (1,1) Inappropriate ioctl for device
06-17 22:18:56.005  1366  1931 I StrobeDrvFlashlight: getHwFault(): flag2(0) ret(-1).
06-17 22:18:56.005  1366  1931 I StrobeDrvFlashlight: setCharger(): ready(0).
06-17 22:18:56.005  1366  1931 I StrobeDrvFlashlightFops: ioctl failed: type/ct (1,1) Inappropriate ioctl for device
06-17 22:18:56.005  1366  1931 I StrobeDrvFlashlight: setCharger(): time(115903637).
06-17 22:18:56.005  1366  1931 I FlashHal: uninit().
06-17 22:18:56.005  1366  1931 I StrobeDrvFlashlight: lowPowerDetectEnd().
06-17 22:18:56.005  1366  1931 I StrobeDrvFlashlightFops: closekd(): mUsers(0).
06-17 22:18:56.005  1366  1931 I StrobeDrvFlashlight: uninit(): mUsers(0).
06-17 22:18:56.006  1366  1931 I FlickerHal: uninit(). m_sensorDev(1)
06-17 22:18:56.006  1366  1931 I FlickerPlatformAdapter: releaseBuf(). Release buf success.
06-17 22:18:56.006  1366  1931 D AppTsf  : [TsfExit] TsfExit; ShadingVersion: 2021.0805.1657 sync codebase and add error handling
06-17 22:18:56.006  1366  1931 D AppTsf  : [~AppTsf] destructor; ShadingVersion: 2021.0805.1657 sync codebase and add error handling
06-17 22:18:56.006  1366  1931 D tsf_core: [~TsfCore] destructor
06-17 22:18:56.008  1366  1931 D CAM_CUS_MSDK: CAM_CUS_MSDK [unlockCustomTuningLibrary] Find sensor id 38e1
06-17 22:18:56.008  1366  1931 D CAM_CUS_MSDK: CAM_CUS_MSDK last item in sensorList found.  i(10)
06-17 22:18:56.008  1366  1931 D CAM_CUS_MSDK: CAM_CUS_MSDK SID 38E1 data is found
06-17 22:18:56.006  1084  1084 W sensors@2.0-ser: type=1400 audit(0.0:4076038): avc: denied { read } for name="state" dev="sysfs" ino=42826 scontext=u:r:mtk_hal_sensors:s0 tcontext=u:object_r:sysfs:s0 tclass=file permissive=0
06-17 22:18:56.017  1366  1931 I MtkCam/HwUtils/PlugProcessingFCell: [uninitImp][x100] PlugRemosaic - uninit - 9259077 ns
06-17 22:18:56.019  1366  1931 W mtkcam-devicesessionpolicy: [0:DeviceSessionPolicy::destroy] not implement yet.
06-17 22:18:56.019  1366  1931 W mtkcam-dev3-utils: [destroy] AppConfigUtil::destroy
06-17 22:18:56.020  1366  1931 I mtkcam-dev3: [0-session::tryRunCommandLocked] Run command onCloseLocked -
06-17 22:18:56.020  1366  1931 W mtkcam-dev3: [0-session-cmd::~CommandHandler] dtor
06-17 22:18:56.020  1366  1931 I mtkcam-devicemgr: [detachOpenDeviceLocked] device: device@3.6/internal/0 openTimestamp:06-17 22:18:52.877
06-17 22:18:56.020  1366  1931 I FlashHal: getTorchStatus(): torch status(0).
06-17 22:18:56.020  1366  1931 I FlashHal: getTorchStatus(): torch status(0).
06-17 22:18:56.020  1366  1931 I FlashHal: getTorchStatus(): torch status(0).
06-17 22:18:56.020  1366  1931 I FlashHal: getTorchStatus(): torch status(0).
06-17 22:18:56.020  1366  1931 I FlashHal: getTorchStatus(): torch status(0).
06-17 22:18:56.021  1291  1291 I CameraProviderManager: Camera device device@3.6/internal/0 torch status is now AVAILABLE_OFF
06-17 22:18:56.021  1291  1291 I CameraService: onTorchStatusChangedLocked: Torch status changed for cameraId=0, newStatus=1
06-17 22:18:56.021  1366  1931 I mtkcam-camprovider: [onTorchModeStatusChange] device@3.6/internal/0 TorchModeStatus:1
06-17 22:18:56.021  1291  1291 I CameraProviderManager: Camera device device@3.6/internal/2 torch status is now AVAILABLE_OFF
06-17 22:18:56.021  1291  1291 I CameraService: onTorchStatusChangedLocked: Torch status changed for cameraId=2, newStatus=1
06-17 22:18:56.022  1366  1931 I mtkcam-camprovider: [onTorchModeStatusChange] device@3.6/internal/2 TorchModeStatus:1
06-17 22:18:56.022  1291  1291 I CameraProviderManager: Camera device device@3.6/internal/3 torch status is now AVAILABLE_OFF
06-17 22:18:56.022  1291  1291 I CameraService: onTorchStatusChangedLocked: Torch status changed for cameraId=3, newStatus=1
06-17 22:18:56.022  1366  1931 I mtkcam-camprovider: [onTorchModeStatusChange] device@3.6/internal/3 TorchModeStatus:1
06-17 22:18:56.023  1291  1291 I CameraProviderManager: Camera device device@3.6/internal/4 torch status is now AVAILABLE_OFF
06-17 22:18:56.023  1291  1291 I CameraService: onTorchStatusChangedLocked: Torch status changed for cameraId=4, newStatus=1
06-17 22:18:56.023  1366  1931 I mtkcam-camprovider: [onTorchModeStatusChange] device@3.6/internal/4 TorchModeStatus:1
06-17 22:18:56.023  1291  1291 I CameraProviderManager: Camera device device@3.6/internal/5 torch status is now AVAILABLE_OFF
06-17 22:18:56.023  1291  1291 I CameraService: onTorchStatusChangedLocked: Torch status changed for cameraId=5, newStatus=1
06-17 22:18:56.023  1366  1931 I mtkcam-camprovider: [onTorchModeStatusChange] device@3.6/internal/5 TorchModeStatus:1
06-17 22:18:56.025  1097  1151 I libPowerHal: [PD] camerahalserver update cmd:1404300 param:0
06-17 22:18:56.025  1097  1151 I libPowerHal: [PD] (more) /proc/perfmgr/boost_ctrl/eas_ctrl/perf_prefer_idle set +prefix:3 0;
06-17 22:18:56.025  1366  1931 I mtkcam-dev3: [0-session::close] -
06-17 22:18:56.026  1366  1931 D mtkcam-dev3-utils: [~AppBufferHandleHolder] free buffer handle: 0xb400007450255f90
06-17 22:18:56.026  1097  1151 I libPowerHal: [PD] camerahalserver update cmd:240c000 param:50
06-17 22:18:56.026  1366  1931 D mtkcam-dev3-utils: [~AppBufferHandleHolder] free buffer handle: 0xb40000745024df50
06-17 22:18:56.026  1366  1931 D mtkcam-dev3-utils: [~AppBufferHandleHolder] free buffer handle: 0xb40000745024e850
06-17 22:18:56.026  1366  1931 D mtkcam-dev3-utils: [~AppBufferHandleHolder] free buffer handle: 0xb400007450232bf0
06-17 22:18:56.026  1366  1931 D mtkcam-dev3-utils: [~AppBufferHandleHolder] free buffer handle: 0xb40000745025d6d0
06-17 22:18:56.026  1366  1931 D mtkcam-dev3-utils: [~AppBufferHandleHolder] free buffer handle: 0xb400007450234db0
06-17 22:18:56.026  1366  1931 D mtkcam-dev3-utils: [~AppBufferHandleHolder] free buffer handle: 0xb400007450261270
06-17 22:18:56.027  1366  1931 D mtkcam-dev3-utils: [~AppBufferHandleHolder] free buffer handle: 0xb40000745023a210
06-17 22:18:56.028  1291  1291 I CameraLatencyHistogram: Stream 0 dequeueBuffer latency histogram (86) samples:
06-17 22:18:56.028  1291  1291 I CameraLatencyHistogram:         5     10     15     20     25     30     35     40     45    inf (max ms)
06-17 22:18:56.028  1291  1291 I CameraLatencyHistogram:      98.84   1.16   0.00   0.00   0.00   0.00   0.00   0.00   0.00   0.00 (%)
06-17 22:18:56.028  1291  1291 I Camera3-Device: disconnectImpl: X
06-17 22:18:56.029  1366  1931 I mtkcam-dev3-hidl: [0-hidl-session::~HidlCameraDeviceSession] dtor
06-17 22:18:56.030  1291  1291 I CameraService: disconnect: Disconnected client for camera 0 for PID 24239
06-17 22:18:56.031 24239 24435 W com.meeting.srt: Long monitor contention with owner main (24239) at void android.hardware.camera2.impl.CameraDeviceImpl.close()(CameraDeviceImpl.java:1441) waiters=0 in void android.hardware.camera2.impl.CameraDeviceImpl$CameraDeviceCallbacks.onCaptureStarted(android.hardware.camera2.impl.CaptureResultExtras, long) for 101ms
06-17 22:18:56.032 24239 24239 I VideoEncoder: 4 encoders found
06-17 22:18:56.032 24239 24239 I VideoEncoder: Encoder c2.mtk.avc.encoder
06-17 22:18:56.032 24239 24239 I VideoEncoder: Color supported: 2130708361
06-17 22:18:56.032 24239 24239 I VideoEncoder: Encoder selected c2.mtk.avc.encoder
06-17 22:18:56.034 24239 25241 D CCodec  : allocate(c2.mtk.avc.encoder)
06-17 22:18:56.036 24239 25241 I CCodec  : setting up 'default' as default (vendor) store
06-17 22:18:56.036  1082  1082 D C2MtkComponentStore: trytofind: name=c2.mtk.avc.encoder
06-17 22:18:56.036  1082  1082 D C2MtkComponentStore: find: name=c2.mtk.avc.encoder, key=c2.mtk.avc.encoder
06-17 22:18:56.037  1082  1082 V C2MtkVenc: in CreateCodec2AvcFactory
06-17 22:18:56.037  1082  1082 E C2MtkVenc: [0xF0782BFC] Failed to open: /vendor/etc/mtk_platform_codecs_whitelist.xml
06-17 22:18:56.037  1082  1082 V C2MtkVenc: in CreateCodec2InitFactory
06-17 22:18:56.037  1082  1082 E C2MtkVenc: [0xF0787DBC] Failed to open: /vendor/etc/mtk_platform_codecs_whitelist.xml
06-17 22:18:56.038  1082  1082 D C2MtkComponentStore: onNumberOfVideoInstancesChanged: Decoder 1, Encoder 1
06-17 22:18:56.038  1082  1082 V C2MtkVenc: Number of instances increased to 1(c2.mtk.avc.encoder)
06-17 22:18:56.038  1082  1082 D C2MtkVenc: [0xEDC02CC0] IntfImpl: name=c2.mtk.avc.encoder, kind=2, domain=1, mediaType=video/avc, driverIntf=proprietary
06-17 22:18:56.040  1082 25242 D VCodec  : [ProprietaryDevice] [INFO] driver create done.handle: 4039827456, 
06-17 22:18:56.041  1082  1082 D C2MtkVenc: [0xEDC02CC0] Supported resolution: max(width 1920, height 1088), min(width 128, height 96)
06-17 22:18:56.041  1082  1082 D C2MtkVenc: [0xEDC02CC0] Alignment required for input buffer: width 16, height 8
06-17 22:18:56.041  1082  1082 I android.hardware.media.c2@1.2-mediatek: missing struct descriptor #Param::CoreIndex(--004) for field values of struct #Param::CoreIndex(F-12004)
06-17 22:18:56.042  1082  1082 V C2MtkVenc: Pixel format 0x0 not supported
06-17 22:18:56.042  1082  1082 V C2MtkVenc: OutputBufferAllocConfigSetter: old 4 : new 4
06-17 22:18:56.042  1082  1082 V C2MtkVenc: OutputStreamInfoSetter: old 1 : new 1
06-17 22:18:56.042  1082  1082 V C2MtkVenc: TileLayoutSetter WxH: 320, 240
06-17 22:18:56.042  1082  1082 V C2MtkVenc: TileLayoutSetter OLD TileLayout 256, 256, 16, 10, 0
06-17 22:18:56.042  1082  1082 V C2MtkVenc: TileLayoutSetter TileLayout     256, 256, 2, 1, 0
06-17 22:18:56.042  1082  1082 V C2MtkVenc: setting temporal layering 0 + 0
06-17 22:18:56.042  1082  1082 V C2MtkVenc: setting max input refernce count 0 
06-17 22:18:56.043  1082  1082 V C2MtkVenc: setting dynamic ref into type: 0 refpValue:ffffffff update=1
06-17 22:18:56.043  1082  1082 V C2MtkVenc: QpdeltaSetter: -1
06-17 22:18:56.043  1082  1082 V C2MtkVenc: DynamicQpSetter: -1 -1
06-17 22:18:56.043  1082  1082 V C2MtkVenc: AdaptiveSizeSetter: resolution:(0,0), modified:0
06-17 22:18:56.043  1082  1082 I android.hardware.media.c2@1.2-mediatek: missing struct descriptor #Param::CoreIndex(--1812) for field values of struct #Param::CoreIndex(F-11812)
06-17 22:18:56.043  1082  1082 V C2MtkVenc: InitQpboundSetter: max: -1 min: -1
06-17 22:18:56.043  1082  1082 D C2MtkVencExt: [0xED907940] ExtIntfImpl: name=c2.mtk.avc.encoder, kind=2, domain=1, mediaType=video/avc
06-17 22:18:56.043  1082  1082 E C2MtkVenc: [0xEBD187FC] Lock on weak_ptr (mIntf) returns null.
06-17 22:18:56.043  1082  1082 D C2MtkVencExt: VencQpmapSetter: me.qpmapOn 0
06-17 22:18:56.043  1082  1082 V C2MtkVencExt: VencFrameLvlQpSetter: me.FrameLvlQpOn 0
06-17 22:18:56.043  1082  1082 D C2MtkComponent: [0xED680750] setWorkflow: PROCESSED->COMPLETED
06-17 22:18:56.043  1082  1082 D C2MtkComponent: [0xED680750] setWorkflow: UNPROCESSED->PROCESSED
06-17 22:18:56.044  1082  1082 D C2MtkComponent: [0xED680740] c2.mtk.avc.encoder.preproc thread stared.
06-17 22:18:56.044  1082  1082 D C2MtkComponent: [0xED680740] c2.mtk.avc.encoder.postproc thread stared.
06-17 22:18:56.044  1082  1082 D C2MtkComponent: [0xED680740] c2.mtk.avc.encoder.postprocasyncs1 thread stared.
06-17 22:18:56.044  1082  1082 D C2MtkComponent: [0xED680740] c2.mtk.avc.encoder.postprocasyncs2 thread stared.
06-17 22:18:56.044  1082  1082 D C2MtkVenc: [0xED680740] C2MtkVenc: name=c2.mtk.avc.encoder, kind=2, domain=1, mediaType=video/avc
06-17 22:18:56.044  1082  1082 D C2MtkVenc: [0xED680740] Client: mCallingUid 10569, mCallingPid 24239
