06-17 22:18:55.666  1366  1933 E NormalPipe: [vendor/mediatek/proprietary/hardware/mtkcam/drv/src/isp/mt6765/iopipe/CamIO/NormalPipe.cpp, sendCommand, line3760] ERROR: error: sendCommand fail: (cmd,arg1,arg2,arg3)=(0x00001500,0x72AF9FE7F0,0x72AF9FE7F4,0xB40000751025DB4C) (sendCommand){#3760:vendor/mediatek/proprietary/hardware/mtkcam/drv/src/isp/mt6765/iopipe/CamIO/NormalPipe.cpp}
06-17 22:18:55.666  1366 25145 W LMVDrv  : [GetLMVStatusAndUpdate]Cannot find magicNum(0) in queue(0)
06-17 22:18:55.667  1366 25113 D isp_tuning_custom: [evaluate_Shading_Ratio] sensorid(14561), preSensorId(14561), eSensorMode(0), preSensorMode(0), isSensorOrModeSwitch(0), isInit(0)
06-17 22:18:55.667  1366 25113 D isp_tuning_custom: [iso_smooth][ISO smooth enabled][ISO idx(35083)]avgISO = 650.
06-17 22:18:55.667  1366 25113 D isp_tuning_custom: [RA_smooth][RA smooth][frm idx(35083)] rto for iso(30), prev_rto(30),RA_incremental_step(2), smoothed ratio(30)
06-17 22:18:55.667  1366 25113 D isp_tuning_custom: xmy-sensor 14561,ratio 30,iso 650
06-17 22:18:55.668  1366 25113 W TuningMgr: TuningMgr[updateEngine] WARNING: [temp log] AF enable(1_0x100e02e0_0x808001e8)
06-17 22:18:55.673  1291 25136 E IMGMapper: set:481 Failed to decode data for type SMPTE2086
06-17 22:18:55.674  1291 25136 E IMGMapper: set:481 Failed to decode data for type CTA861_3
06-17 22:18:55.676 24239 24275 E IMGMapper: set:481 Failed to decode data for type SMPTE2086
06-17 22:18:55.676 24239 24275 E IMGMapper: set:481 Failed to decode data for type CTA861_3
06-17 22:18:55.679 24239 25100 E IMGMapper: set:481 Failed to decode data for type SMPTE2086
06-17 22:18:55.679 24239 25100 E IMGMapper: set:481 Failed to decode data for type CTA861_3
06-17 22:18:55.683  1366 25220 D AfAlgo  : down maxOffset=31 maxCompLevel=31, cutOffset=5, maxOffset=31 offset -21, level 21, cut offset 5, x/y/z/g=-364/603/649/957
06-17 22:18:55.684  1366 25220 I af_mgr_v3: #(   78,   76) MoveLensTo Dev(1) DAC(771)
06-17 22:18:55.692 24239 24275 E IMGMapper: set:481 Failed to decode data for type SMPTE2086
06-17 22:18:55.692 24239 24275 E IMGMapper: set:481 Failed to decode data for type CTA861_3
06-17 22:18:55.698  1366 25194 E PQ      : [PQ][PQSessionManager] createPQSession(3000ee5900010001) user(0xb4000075b0c7e550)
06-17 22:18:55.698  1366 25194 E PQ      : [PQ][PQSessionManager] Duplicated ID[3000ee5900010001] found, please check if double createPQSession!
06-17 22:18:55.698  1366 25194 E PQ      : [PQ][PQSessionManager] getPQSessionListHandle id[3000ee5900010001] 
06-17 22:18:55.698  1366 25194 E PQ      : [PQ][PQSessionManager] getPQSessionListHandle, find id[3000ee5900010001] 
06-17 22:18:55.698  1366 25194 E PQ      : [PQ][PQSession] incRefCount id[3000ee5900010001] user[0xb4000075b0c7e550] existed
06-17 22:18:55.698  1366 25194 E PQ      : [PQ][PQSession] incRefCount id[3000ee5900010001] user[0xb4000075b0c7e550] numOfUser[1]
06-17 22:18:55.698  1366 25194 E PQ      : [PQ][PQAshmem] getAshmemValueByOffset : get offset 0x00000040 = 0x00000000
06-17 22:18:55.698  1366 25194 E PQ      : [PQ][PQSession] setPQParam() id[3000ee5900010001] enable[0], scenario[65537]
06-17 22:18:55.698  1366 25194 E PQ      : [PQ][PQSession] setDpPqConfig m_svp = 0, enDRE = 0
06-17 22:18:55.698  1366 25194 E PQ      : [PQ][PQSession] Timestamp = [221852933], FrameNo = [74], RequestNo = [74], enableDump = [0]
06-17 22:18:55.698  1366 25194 E PQ      : [PQ][PQSession] PQParam.u.isp.lensId = [0]
06-17 22:18:55.698  1366 25194 E PQ      : [PQ][PQSession] ispScenarioIndex = [0]
06-17 22:18:55.698  1366 25194 E PQ      : [PQ][PQSession] m_pPQSessionHandle->PQParam.u.isp.isIspScenario = [0], m_pPQSessionHandle->PQParam.u.isp.ispScenario = [0]
06-17 22:18:55.698  1366 25194 E PQ      : [PQ][PQSession] getDpPqConfig() id[3000ee5900010001] enable[0], scenario[65537]
06-17 22:18:55.698  1366 25194 E PQ      : [PQ][PQSession] getDpPqConfig() enSharp[0] enDC[0] enColor[0] enHDR[0] enUR[0] enReFocus[0] enCcorr[0] enDRE[0] enHFG[0]
06-17 22:18:55.698  1366 28812 E PQ      : [PQ][PQSessionManager] PQSessionManager::getPQSession id[3000ee5900010001]
06-17 22:18:55.698  1366 28812 E PQ      : [PQ][PQSessionManager] getPQSessionListHandle id[3000ee5900010001] 
06-17 22:18:55.698  1366 28812 E PQ      : [PQ][PQSessionManager] getPQSessionListHandle, find id[3000ee5900010001] 
06-17 22:18:55.698  1366 28812 E PQ      : [PQ]PQSession::setPipeNum m_PipeNum[1] value[1]
06-17 22:18:55.698  1366 28812 E MDP     : [PQ][PQRSZAdaptor(0)] calRegs PQParam
06-17 22:18:55.698  1366 28812 E PQ      : [PQ][PQSession] getDpPqConfig() id[3000ee5900010001] enable[0], scenario[65537]
06-17 22:18:55.698  1366 28812 E PQ      : [PQ][PQSession] getDpPqConfig() enSharp[0] enDC[0] enColor[0] enHDR[0] enUR[0] enReFocus[0] enCcorr[0] enDRE[0] enHFG[0]
06-17 22:18:55.698  1366 28812 E PQ      : [PQ][PQAshmem] getAshmemValueByOffset : get offset 0x0000001c = 0x00000001
06-17 22:18:55.698  1366 28812 E PQ      : [PQ][PQRSZConfig] PQRSZConfig::getUREnableStatus = 1 
06-17 22:18:55.698  1366 28812 E PQ      : [PQ][PQAshmem] getAshmemValueByOffset : get offset 0x00000088 = 0x00000000
06-17 22:18:55.698  1366 28812 E PQ      : [PQ][PQAshmem] getAshmemValueByAddr : get addr 0x72a1798ffc = 0x00000000
06-17 22:18:55.698  1366 28812 E PQ      : [PQ][PQAshmem] getAshmemValueByAddr : get addr 0x72a1798ffc = 0x00000000
06-17 22:18:55.698  1366 28812 E PQ      : [PQ][PQAshmem] getAshmemValueByAddr : get addr 0x72a179cffc = 0x00000000
06-17 22:18:55.698  1366 28812 E PQ      : [PQ][PQAshmem] getAshmemValueByAddr : get addr 0x72a179cffc = 0x00000000
06-17 22:18:55.698  1366 28812 E MDP     : [PQ][PQRSZAdaptor(0)] MEDIA_ISP_CAPTURE
06-17 22:18:55.698  1366 28812 E PQ      : [PQ][PQAshmem] getAshmemValueByAddr : get addr 0x72a179affc = 0x00000000
06-17 22:18:55.698  1366 28812 E PQ      : [PQ][PQAshmem] getAshmemValueByAddr : get addr 0x72a179affc = 0x00000000
06-17 22:18:55.698  1366 28812 E PQ      : [PQ][PQAshmem] getAshmemValueByAddr : get addr 0x72a179affc = 0x00000000
06-17 22:18:55.698  1366 28812 E MDP     : [PQ][PQRSZAdaptor(0)] calRegs: m_identifier[0]
06-17 22:18:55.698  1366 28812 E MDP     : [PQ][PQRSZAdaptor(0)] PRZ_control_1 = 2270113, RSZ_horizontal_coeff_step = 8000, RSZ_vertical_coeff_step = fd2ee
06-17 22:18:55.698  1366 28812 E MDP     : [PQ][PQRSZAdaptor(0)] tapAdaptEnable = 0, TapAdaptSlope = 8
06-17 22:18:55.700  1366 25113 I Hal3ARaw: [122311294] SEC data.0304, Dev(1) i4FrameNum(77) MasterIdx = 0, SlaveIdx = 0, m_bIsSkipSync3A(0) rNewParam(0,0,0)(0,0)
06-17 22:18:55.700  1366  1933 E camiopipe: [vendor/mediatek/proprietary/hardware/mtkcam/drv/src/isp/mt6765/imageio/pipe/CamIOPipe/CamIOPipe.cpp, sendCommand, line3831] ERROR: [0x0]:NOT support command! (sendCommand){#3831:vendor/mediatek/proprietary/hardware/mtkcam/drv/src/isp/mt6765/imageio/pipe/CamIOPipe/CamIOPipe.cpp}
06-17 22:18:55.700  1366  1933 E camiopipe: [vendor/mediatek/proprietary/hardware/mtkcam/drv/src/isp/mt6765/imageio/pipe/CamIOPipe/CamIOPipe.cpp, sendCommand, line3838] ERROR: [0x0]:sendCommand(0x1500) error! (sendCommand){#3838:vendor/mediatek/proprietary/hardware/mtkcam/drv/src/isp/mt6765/imageio/pipe/CamIOPipe/CamIOPipe.cpp}
06-17 22:18:55.700  1366  1933 E NormalPipe: [vendor/mediatek/proprietary/hardware/mtkcam/drv/src/isp/mt6765/iopipe/CamIO/NormalPipe.cpp, sendCommand, line3760] ERROR: error: sendCommand fail: (cmd,arg1,arg2,arg3)=(0x00001500,0x72AF9FE7F0,0x72AF9FE7F4,0xB4000075102455EC) (sendCommand){#3760:vendor/mediatek/proprietary/hardware/mtkcam/drv/src/isp/mt6765/iopipe/CamIO/NormalPipe.cpp}
06-17 22:18:55.700  1366 25145 W LMVDrv  : [GetLMVStatusAndUpdate]Cannot find magicNum(0) in queue(0)
06-17 22:18:55.701  1366 25113 D isp_tuning_custom: [evaluate_Shading_Ratio] sensorid(14561), preSensorId(14561), eSensorMode(0), preSensorMode(0), isSensorOrModeSwitch(0), isInit(0)
06-17 22:18:55.701  1366 25113 D isp_tuning_custom: [iso_smooth][ISO smooth enabled][ISO idx(35084)]avgISO = 650.
06-17 22:18:55.701  1366 25113 D isp_tuning_custom: [RA_smooth][RA smooth][frm idx(35084)] rto for iso(30), prev_rto(30),RA_incremental_step(2), smoothed ratio(30)
06-17 22:18:55.701  1366 25113 D isp_tuning_custom: xmy-sensor 14561,ratio 30,iso 650
06-17 22:18:55.702  1366 25113 W TuningMgr: TuningMgr[updateEngine] WARNING: [temp log] AF enable(1_0x100e02e0_0x808001e8)
06-17 22:18:55.708  1291 25136 E IMGMapper: set:481 Failed to decode data for type SMPTE2086
06-17 22:18:55.708  1291 25136 E IMGMapper: set:481 Failed to decode data for type CTA861_3
06-17 22:18:55.709 24239 24275 E IMGMapper: set:481 Failed to decode data for type SMPTE2086
06-17 22:18:55.709 24239 24275 E IMGMapper: set:481 Failed to decode data for type CTA861_3
06-17 22:18:55.713 24239 25100 E IMGMapper: set:481 Failed to decode data for type SMPTE2086
06-17 22:18:55.713 24239 25100 E IMGMapper: set:481 Failed to decode data for type CTA861_3
06-17 22:18:55.717  1366 25220 D AfAlgo  : down maxOffset=31 maxCompLevel=31, cutOffset=5, maxOffset=31 offset -21, level 21, cut offset 5, x/y/z/g=-375/605/669/976
06-17 22:18:55.717  1366 25220 I af_mgr_v3: #(   79,   77) MoveLensTo Dev(1) DAC(795)
06-17 22:18:55.725 24239 24275 E IMGMapper: set:481 Failed to decode data for type SMPTE2086
06-17 22:18:55.725 24239 24275 E IMGMapper: set:481 Failed to decode data for type CTA861_3
06-17 22:18:55.731  1366 25194 E PQ      : [PQ][PQSessionManager] createPQSession(3000ee5900010001) user(0xb4000075b0c7e550)
06-17 22:18:55.731  1366 25194 E PQ      : [PQ][PQSessionManager] Duplicated ID[3000ee5900010001] found, please check if double createPQSession!
06-17 22:18:55.731  1366 25194 E PQ      : [PQ][PQSessionManager] getPQSessionListHandle id[3000ee5900010001] 
06-17 22:18:55.731  1366 25194 E PQ      : [PQ][PQSessionManager] getPQSessionListHandle, find id[3000ee5900010001] 
06-17 22:18:55.731  1366 25194 E PQ      : [PQ][PQSession] incRefCount id[3000ee5900010001] user[0xb4000075b0c7e550] existed
06-17 22:18:55.731  1366 25194 E PQ      : [PQ][PQSession] incRefCount id[3000ee5900010001] user[0xb4000075b0c7e550] numOfUser[1]
06-17 22:18:55.732  1366 25194 E PQ      : [PQ][PQAshmem] getAshmemValueByOffset : get offset 0x00000040 = 0x00000000
06-17 22:18:55.732  1366 25194 E PQ      : [PQ][PQSession] setPQParam() id[3000ee5900010001] enable[0], scenario[65537]
06-17 22:18:55.732  1366 25194 E PQ      : [PQ][PQSession] setDpPqConfig m_svp = 0, enDRE = 0
06-17 22:18:55.732  1366 25194 E PQ      : [PQ][PQSession] Timestamp = [221852933], FrameNo = [75], RequestNo = [75], enableDump = [0]
06-17 22:18:55.732  1366 25194 E PQ      : [PQ][PQSession] PQParam.u.isp.lensId = [0]
06-17 22:18:55.732  1366 25194 E PQ      : [PQ][PQSession] ispScenarioIndex = [0]
06-17 22:18:55.732  1366 25194 E PQ      : [PQ][PQSession] m_pPQSessionHandle->PQParam.u.isp.isIspScenario = [0], m_pPQSessionHandle->PQParam.u.isp.ispScenario = [0]
06-17 22:18:55.732  1366 25194 E PQ      : [PQ][PQSession] getDpPqConfig() id[3000ee5900010001] enable[0], scenario[65537]
06-17 22:18:55.732  1366 25194 E PQ      : [PQ][PQSession] getDpPqConfig() enSharp[0] enDC[0] enColor[0] enHDR[0] enUR[0] enReFocus[0] enCcorr[0] enDRE[0] enHFG[0]
06-17 22:18:55.732  1366 28812 E PQ      : [PQ][PQSessionManager] PQSessionManager::getPQSession id[3000ee5900010001]
06-17 22:18:55.732  1366 28812 E PQ      : [PQ][PQSessionManager] getPQSessionListHandle id[3000ee5900010001] 
06-17 22:18:55.732  1366 28812 E PQ      : [PQ][PQSessionManager] getPQSessionListHandle, find id[3000ee5900010001] 
06-17 22:18:55.732  1366 28812 E PQ      : [PQ]PQSession::setPipeNum m_PipeNum[1] value[1]
06-17 22:18:55.732  1366 28812 E MDP     : [PQ][PQRSZAdaptor(0)] calRegs PQParam
06-17 22:18:55.732  1366 28812 E PQ      : [PQ][PQSession] getDpPqConfig() id[3000ee5900010001] enable[0], scenario[65537]
06-17 22:18:55.732  1366 28812 E PQ      : [PQ][PQSession] getDpPqConfig() enSharp[0] enDC[0] enColor[0] enHDR[0] enUR[0] enReFocus[0] enCcorr[0] enDRE[0] enHFG[0]
06-17 22:18:55.732  1366 28812 E PQ      : [PQ][PQAshmem] getAshmemValueByOffset : get offset 0x0000001c = 0x00000001
06-17 22:18:55.732  1366 28812 E PQ      : [PQ][PQRSZConfig] PQRSZConfig::getUREnableStatus = 1 
06-17 22:18:55.732  1366 28812 E PQ      : [PQ][PQAshmem] getAshmemValueByOffset : get offset 0x00000088 = 0x00000000
06-17 22:18:55.732  1366 28812 E PQ      : [PQ][PQAshmem] getAshmemValueByAddr : get addr 0x72a1798ffc = 0x00000000
06-17 22:18:55.732  1366 28812 E PQ      : [PQ][PQAshmem] getAshmemValueByAddr : get addr 0x72a1798ffc = 0x00000000
06-17 22:18:55.732  1366 28812 E PQ      : [PQ][PQAshmem] getAshmemValueByAddr : get addr 0x72a179cffc = 0x00000000
06-17 22:18:55.732  1366 28812 E PQ      : [PQ][PQAshmem] getAshmemValueByAddr : get addr 0x72a179cffc = 0x00000000
06-17 22:18:55.732  1366 28812 E MDP     : [PQ][PQRSZAdaptor(0)] MEDIA_ISP_CAPTURE
06-17 22:18:55.732  1366 28812 E PQ      : [PQ][PQAshmem] getAshmemValueByAddr : get addr 0x72a179affc = 0x00000000
06-17 22:18:55.732  1366 28812 E PQ      : [PQ][PQAshmem] getAshmemValueByAddr : get addr 0x72a179affc = 0x00000000
06-17 22:18:55.732  1366 28812 E PQ      : [PQ][PQAshmem] getAshmemValueByAddr : get addr 0x72a179affc = 0x00000000
06-17 22:18:55.732  1366 28812 E MDP     : [PQ][PQRSZAdaptor(0)] calRegs: m_identifier[0]
06-17 22:18:55.732  1366 28812 E MDP     : [PQ][PQRSZAdaptor(0)] PRZ_control_1 = 2270113, RSZ_horizontal_coeff_step = 8000, RSZ_vertical_coeff_step = fd2ee
06-17 22:18:55.732  1366 28812 E MDP     : [PQ][PQRSZAdaptor(0)] tapAdaptEnable = 0, TapAdaptSlope = 8
06-17 22:18:55.733  1366 25113 I Hal3ARaw: [122311294] SEC data.0304, Dev(1) i4FrameNum(78) MasterIdx = 0, SlaveIdx = 0, m_bIsSkipSync3A(0) rNewParam(0,0,0)(0,0)
06-17 22:18:55.734  1366  1933 E camiopipe: [vendor/mediatek/proprietary/hardware/mtkcam/drv/src/isp/mt6765/imageio/pipe/CamIOPipe/CamIOPipe.cpp, sendCommand, line3831] ERROR: [0x0]:NOT support command! (sendCommand){#3831:vendor/mediatek/proprietary/hardware/mtkcam/drv/src/isp/mt6765/imageio/pipe/CamIOPipe/CamIOPipe.cpp}
06-17 22:18:55.734  1366  1933 E camiopipe: [vendor/mediatek/proprietary/hardware/mtkcam/drv/src/isp/mt6765/imageio/pipe/CamIOPipe/CamIOPipe.cpp, sendCommand, line3838] ERROR: [0x0]:sendCommand(0x1500) error! (sendCommand){#3838:vendor/mediatek/proprietary/hardware/mtkcam/drv/src/isp/mt6765/imageio/pipe/CamIOPipe/CamIOPipe.cpp}
06-17 22:18:55.734  1366  1933 E NormalPipe: [vendor/mediatek/proprietary/hardware/mtkcam/drv/src/isp/mt6765/iopipe/CamIO/NormalPipe.cpp, sendCommand, line3760] ERROR: error: sendCommand fail: (cmd,arg1,arg2,arg3)=(0x00001500,0x72AF9FE7F0,0x72AF9FE7F4,0xB40000751023E6AC) (sendCommand){#3760:vendor/mediatek/proprietary/hardware/mtkcam/drv/src/isp/mt6765/iopipe/CamIO/NormalPipe.cpp}
06-17 22:18:55.734  1366 25145 W LMVDrv  : [GetLMVStatusAndUpdate]Cannot find magicNum(0) in queue(0)
06-17 22:18:55.735  1366 25113 D isp_tuning_custom: [evaluate_Shading_Ratio] sensorid(14561), preSensorId(14561), eSensorMode(0), preSensorMode(0), isSensorOrModeSwitch(0), isInit(0)
06-17 22:18:55.735  1366 25113 D isp_tuning_custom: [iso_smooth][ISO smooth enabled][ISO idx(35085)]avgISO = 650.
06-17 22:18:55.735  1366 25113 D isp_tuning_custom: [RA_smooth][RA smooth][frm idx(35085)] rto for iso(30), prev_rto(30),RA_incremental_step(2), smoothed ratio(30)
06-17 22:18:55.735  1366 25113 D isp_tuning_custom: xmy-sensor 14561,ratio 30,iso 650
06-17 22:18:55.735  1366 25113 W TuningMgr: TuningMgr[updateEngine] WARNING: [temp log] AF enable(1_0x100e02e0_0x808001e8)
06-17 22:18:55.741  1291 25136 E IMGMapper: set:481 Failed to decode data for type SMPTE2086
06-17 22:18:55.741  1291 25136 E IMGMapper: set:481 Failed to decode data for type CTA861_3
06-17 22:18:55.745 24239 24275 E IMGMapper: set:481 Failed to decode data for type SMPTE2086
06-17 22:18:55.745 24239 24275 E IMGMapper: set:481 Failed to decode data for type CTA861_3
06-17 22:18:55.746 24239 25100 E IMGMapper: set:481 Failed to decode data for type SMPTE2086
06-17 22:18:55.746 24239 25100 E IMGMapper: set:481 Failed to decode data for type CTA861_3
06-17 22:18:55.750  1366 25220 D AfAlgo  : down maxOffset=31 maxCompLevel=31, cutOffset=5, maxOffset=31 offset -21, level 21, cut offset 5, x/y/z/g=-375/607/669/978
06-17 22:18:55.751  1366 25220 I af_mgr_v3: #(   80,   78) MoveLensTo Dev(1) DAC(819)
06-17 22:18:55.759  1384  1486 D AAL     : 06-17 10:18:55.742 BL=1630,ESS= 256, 
06-17 22:18:55.759 24239 24275 E IMGMapper: set:481 Failed to decode data for type SMPTE2086
06-17 22:18:55.760 24239 24275 E IMGMapper: set:481 Failed to decode data for type CTA861_3
06-17 22:18:55.766  1366 25194 E PQ      : [PQ][PQSessionManager] createPQSession(3000ee5900010001) user(0xb4000075b0c7e550)
06-17 22:18:55.766  1366 25194 E PQ      : [PQ][PQSessionManager] Duplicated ID[3000ee5900010001] found, please check if double createPQSession!
06-17 22:18:55.766  1366 25194 E PQ      : [PQ][PQSessionManager] getPQSessionListHandle id[3000ee5900010001] 
06-17 22:18:55.766  1366 25194 E PQ      : [PQ][PQSessionManager] getPQSessionListHandle, find id[3000ee5900010001] 
06-17 22:18:55.766  1366 25194 E PQ      : [PQ][PQSession] incRefCount id[3000ee5900010001] user[0xb4000075b0c7e550] existed
06-17 22:18:55.766  1366 25194 E PQ      : [PQ][PQSession] incRefCount id[3000ee5900010001] user[0xb4000075b0c7e550] numOfUser[1]
06-17 22:18:55.766  1366 25194 E PQ      : [PQ][PQAshmem] getAshmemValueByOffset : get offset 0x00000040 = 0x00000000
06-17 22:18:55.766  1366 25194 E PQ      : [PQ][PQSession] setPQParam() id[3000ee5900010001] enable[0], scenario[65537]
06-17 22:18:55.766  1366 25194 E PQ      : [PQ][PQSession] setDpPqConfig m_svp = 0, enDRE = 0
06-17 22:18:55.766  1366 25194 E PQ      : [PQ][PQSession] Timestamp = [221852933], FrameNo = [76], RequestNo = [76], enableDump = [0]
06-17 22:18:55.766  1366 25194 E PQ      : [PQ][PQSession] PQParam.u.isp.lensId = [0]
06-17 22:18:55.766  1366 25194 E PQ      : [PQ][PQSession] ispScenarioIndex = [0]
06-17 22:18:55.766  1366 25194 E PQ      : [PQ][PQSession] m_pPQSessionHandle->PQParam.u.isp.isIspScenario = [0], m_pPQSessionHandle->PQParam.u.isp.ispScenario = [0]
06-17 22:18:55.766  1366 25194 E PQ      : [PQ][PQSession] getDpPqConfig() id[3000ee5900010001] enable[0], scenario[65537]
06-17 22:18:55.766  1366 25194 E PQ      : [PQ][PQSession] getDpPqConfig() enSharp[0] enDC[0] enColor[0] enHDR[0] enUR[0] enReFocus[0] enCcorr[0] enDRE[0] enHFG[0]
06-17 22:18:55.766  1366 28812 E PQ      : [PQ][PQSessionManager] PQSessionManager::getPQSession id[3000ee5900010001]
06-17 22:18:55.766  1366 28812 E PQ      : [PQ][PQSessionManager] getPQSessionListHandle id[3000ee5900010001] 
06-17 22:18:55.766  1366 28812 E PQ      : [PQ][PQSessionManager] getPQSessionListHandle, find id[3000ee5900010001] 
06-17 22:18:55.766  1366 28812 E PQ      : [PQ]PQSession::setPipeNum m_PipeNum[1] value[1]
06-17 22:18:55.766  1366 28812 E MDP     : [PQ][PQRSZAdaptor(0)] calRegs PQParam
06-17 22:18:55.766  1366 28812 E PQ      : [PQ][PQSession] getDpPqConfig() id[3000ee5900010001] enable[0], scenario[65537]
06-17 22:18:55.766  1366 28812 E PQ      : [PQ][PQSession] getDpPqConfig() enSharp[0] enDC[0] enColor[0] enHDR[0] enUR[0] enReFocus[0] enCcorr[0] enDRE[0] enHFG[0]
06-17 22:18:55.766  1366 28812 E PQ      : [PQ][PQAshmem] getAshmemValueByOffset : get offset 0x0000001c = 0x00000001
06-17 22:18:55.766  1366 28812 E PQ      : [PQ][PQRSZConfig] PQRSZConfig::getUREnableStatus = 1 
06-17 22:18:55.766  1366 28812 E PQ      : [PQ][PQAshmem] getAshmemValueByOffset : get offset 0x00000088 = 0x00000000
06-17 22:18:55.766  1366 28812 E PQ      : [PQ][PQAshmem] getAshmemValueByAddr : get addr 0x72a1798ffc = 0x00000000
06-17 22:18:55.766  1366 28812 E PQ      : [PQ][PQAshmem] getAshmemValueByAddr : get addr 0x72a1798ffc = 0x00000000
06-17 22:18:55.766  1366 28812 E PQ      : [PQ][PQAshmem] getAshmemValueByAddr : get addr 0x72a179cffc = 0x00000000
06-17 22:18:55.766  1366 28812 E PQ      : [PQ][PQAshmem] getAshmemValueByAddr : get addr 0x72a179cffc = 0x00000000
06-17 22:18:55.766  1366 28812 E MDP     : [PQ][PQRSZAdaptor(0)] MEDIA_ISP_CAPTURE
06-17 22:18:55.766  1366 28812 E PQ      : [PQ][PQAshmem] getAshmemValueByAddr : get addr 0x72a179affc = 0x00000000
06-17 22:18:55.766  1366 28812 E PQ      : [PQ][PQAshmem] getAshmemValueByAddr : get addr 0x72a179affc = 0x00000000
06-17 22:18:55.766  1366 28812 E PQ      : [PQ][PQAshmem] getAshmemValueByAddr : get addr 0x72a179affc = 0x00000000
06-17 22:18:55.766  1366 28812 E MDP     : [PQ][PQRSZAdaptor(0)] calRegs: m_identifier[0]
06-17 22:18:55.766  1366 28812 E MDP     : [PQ][PQRSZAdaptor(0)] PRZ_control_1 = 2270113, RSZ_horizontal_coeff_step = 8000, RSZ_vertical_coeff_step = fd2ee
06-17 22:18:55.766  1366 28812 E MDP     : [PQ][PQRSZAdaptor(0)] tapAdaptEnable = 0, TapAdaptSlope = 8
06-17 22:18:55.767  1366 25113 I Hal3ARaw: [122311294] SEC data.0304, Dev(1) i4FrameNum(79) MasterIdx = 0, SlaveIdx = 0, m_bIsSkipSync3A(0) rNewParam(0,0,0)(0,0)
06-17 22:18:55.767  1366  1933 E camiopipe: [vendor/mediatek/proprietary/hardware/mtkcam/drv/src/isp/mt6765/imageio/pipe/CamIOPipe/CamIOPipe.cpp, sendCommand, line3831] ERROR: [0x0]:NOT support command! (sendCommand){#3831:vendor/mediatek/proprietary/hardware/mtkcam/drv/src/isp/mt6765/imageio/pipe/CamIOPipe/CamIOPipe.cpp}
06-17 22:18:55.767  1366  1933 E camiopipe: [vendor/mediatek/proprietary/hardware/mtkcam/drv/src/isp/mt6765/imageio/pipe/CamIOPipe/CamIOPipe.cpp, sendCommand, line3838] ERROR: [0x0]:sendCommand(0x1500) error! (sendCommand){#3838:vendor/mediatek/proprietary/hardware/mtkcam/drv/src/isp/mt6765/imageio/pipe/CamIOPipe/CamIOPipe.cpp}
06-17 22:18:55.767  1366  1933 E NormalPipe: [vendor/mediatek/proprietary/hardware/mtkcam/drv/src/isp/mt6765/iopipe/CamIO/NormalPipe.cpp, sendCommand, line3760] ERROR: error: sendCommand fail: (cmd,arg1,arg2,arg3)=(0x00001500,0x72AF9FE7F0,0x72AF9FE7F4,0xB40000751025F71C) (sendCommand){#3760:vendor/mediatek/proprietary/hardware/mtkcam/drv/src/isp/mt6765/iopipe/CamIO/NormalPipe.cpp}
06-17 22:18:55.768  1366 25145 W LMVDrv  : [GetLMVStatusAndUpdate]Cannot find magicNum(0) in queue(0)
06-17 22:18:55.769  1366 25113 D isp_tuning_custom: [evaluate_Shading_Ratio] sensorid(14561), preSensorId(14561), eSensorMode(0), preSensorMode(0), isSensorOrModeSwitch(0), isInit(0)
06-17 22:18:55.769  1366 25113 D isp_tuning_custom: [iso_smooth][ISO smooth enabled][ISO idx(35086)]avgISO = 650.
06-17 22:18:55.769  1366 25113 D isp_tuning_custom: [RA_smooth][RA smooth][frm idx(35086)] rto for iso(30), prev_rto(30),RA_incremental_step(2), smoothed ratio(30)
06-17 22:18:55.769  1366 25113 D isp_tuning_custom: xmy-sensor 14561,ratio 30,iso 650
06-17 22:18:55.769  1366 25113 W TuningMgr: TuningMgr[updateEngine] WARNING: [temp log] AF enable(1_0x100e02e0_0x808001e8)
06-17 22:18:55.775  1291 25136 E IMGMapper: set:481 Failed to decode data for type SMPTE2086
06-17 22:18:55.775  1291 25136 E IMGMapper: set:481 Failed to decode data for type CTA861_3
06-17 22:18:55.778 24239 24275 E IMGMapper: set:481 Failed to decode data for type SMPTE2086
06-17 22:18:55.778 24239 24275 E IMGMapper: set:481 Failed to decode data for type CTA861_3
06-17 22:18:55.780 24239 25100 E IMGMapper: set:481 Failed to decode data for type SMPTE2086
06-17 22:18:55.780 24239 25100 E IMGMapper: set:481 Failed to decode data for type CTA861_3
06-17 22:18:55.784  1366 25220 D AfAlgo  : down maxOffset=31 maxCompLevel=31, cutOffset=5, maxOffset=31 offset -21, level 21, cut offset 5, x/y/z/g=-353/606/646/953
06-17 22:18:55.785 24239 24275 E IMGMapper: set:481 Failed to decode data for type SMPTE2086
06-17 22:18:55.785 24239 24275 E IMGMapper: set:481 Failed to decode data for type CTA861_3
06-17 22:18:55.785  1366 25220 I af_mgr_v3: #(   81,   79) MoveLensTo Dev(1) DAC(843)
06-17 22:18:55.798  1957  2309 D PHH-Power: mtk power hint
06-17 22:18:55.799  1097  1151 I libPowerHal: [setGPUFreq] MTKPOWER_HINT_APP_TOUCH user set gpu freq min:0, max:-1
06-17 22:18:55.799  1097  1151 I libPowerHal: [setGPUFreq] Soft min/max = (0, 0); Hard min/max = (2, 0)
06-17 22:18:55.799  1097  1151 I libPowerHal: [setGPUFreq] final min/max = (0, 0)
06-17 22:18:55.799  1366 25194 E PQ      : [PQ][PQSessionManager] createPQSession(3000ee5900010001) user(0xb4000075b0c7e550)
06-17 22:18:55.800  1366 25194 E PQ      : [PQ][PQSessionManager] Duplicated ID[3000ee5900010001] found, please check if double createPQSession!
06-17 22:18:55.800  1366 25194 E PQ      : [PQ][PQSessionManager] getPQSessionListHandle id[3000ee5900010001] 
06-17 22:18:55.800  1366 25194 E PQ      : [PQ][PQSessionManager] getPQSessionListHandle, find id[3000ee5900010001] 
06-17 22:18:55.800  1366 25194 E PQ      : [PQ][PQSession] incRefCount id[3000ee5900010001] user[0xb4000075b0c7e550] existed
06-17 22:18:55.800  1366 25194 E PQ      : [PQ][PQSession] incRefCount id[3000ee5900010001] user[0xb4000075b0c7e550] numOfUser[1]
06-17 22:18:55.800  1366 25194 E PQ      : [PQ][PQAshmem] getAshmemValueByOffset : get offset 0x00000040 = 0x00000000
06-17 22:18:55.800  1366 25194 E PQ      : [PQ][PQSession] setPQParam() id[3000ee5900010001] enable[0], scenario[65537]
06-17 22:18:55.800  1366 25194 E PQ      : [PQ][PQSession] setDpPqConfig m_svp = 0, enDRE = 0
06-17 22:18:55.800  1366 25194 E PQ      : [PQ][PQSession] Timestamp = [221852933], FrameNo = [77], RequestNo = [77], enableDump = [0]
06-17 22:18:55.800  1366 25194 E PQ      : [PQ][PQSession] PQParam.u.isp.lensId = [0]
06-17 22:18:55.800  1366 25194 E PQ      : [PQ][PQSession] ispScenarioIndex = [0]
06-17 22:18:55.800  1366 25194 E PQ      : [PQ][PQSession] m_pPQSessionHandle->PQParam.u.isp.isIspScenario = [0], m_pPQSessionHandle->PQParam.u.isp.ispScenario = [0]
06-17 22:18:55.800  1366 25194 E PQ      : [PQ][PQSession] getDpPqConfig() id[3000ee5900010001] enable[0], scenario[65537]
06-17 22:18:55.800  1957  2309 D PHH-Power: mtk1 power hint
06-17 22:18:55.800  1366 25194 E PQ      : [PQ][PQSession] getDpPqConfig() enSharp[0] enDC[0] enColor[0] enHDR[0] enUR[0] enReFocus[0] enCcorr[0] enDRE[0] enHFG[0]
06-17 22:18:55.800  1366 28812 E PQ      : [PQ][PQSessionManager] PQSessionManager::getPQSession id[3000ee5900010001]
06-17 22:18:55.800  1366 28812 E PQ      : [PQ][PQSessionManager] getPQSessionListHandle id[3000ee5900010001] 
06-17 22:18:55.800  1366 28812 E PQ      : [PQ][PQSessionManager] getPQSessionListHandle, find id[3000ee5900010001] 
06-17 22:18:55.800  1366 28812 E PQ      : [PQ]PQSession::setPipeNum m_PipeNum[1] value[1]
06-17 22:18:55.800  1366 28812 E MDP     : [PQ][PQRSZAdaptor(0)] calRegs PQParam
06-17 22:18:55.800  1366 28812 E PQ      : [PQ][PQSession] getDpPqConfig() id[3000ee5900010001] enable[0], scenario[65537]
06-17 22:18:55.800  1366 28812 E PQ      : [PQ][PQSession] getDpPqConfig() enSharp[0] enDC[0] enColor[0] enHDR[0] enUR[0] enReFocus[0] enCcorr[0] enDRE[0] enHFG[0]
06-17 22:18:55.800  1366 28812 E PQ      : [PQ][PQAshmem] getAshmemValueByOffset : get offset 0x0000001c = 0x00000001
06-17 22:18:55.800  1366 28812 E PQ      : [PQ][PQRSZConfig] PQRSZConfig::getUREnableStatus = 1 
06-17 22:18:55.800  1366 28812 E PQ      : [PQ][PQAshmem] getAshmemValueByOffset : get offset 0x00000088 = 0x00000000
06-17 22:18:55.800  1366 28812 E PQ      : [PQ][PQAshmem] getAshmemValueByAddr : get addr 0x72a1798ffc = 0x00000000
06-17 22:18:55.800  1366 28812 E PQ      : [PQ][PQAshmem] getAshmemValueByAddr : get addr 0x72a1798ffc = 0x00000000
06-17 22:18:55.800  1097  1151 I libPowerHal: [setGPUFreq] INTERACTION user set gpu freq min:0, max:-1
06-17 22:18:55.800  1366 28812 E PQ      : [PQ][PQAshmem] getAshmemValueByAddr : get addr 0x72a179cffc = 0x00000000
06-17 22:18:55.800  1366 28812 E PQ      : [PQ][PQAshmem] getAshmemValueByAddr : get addr 0x72a179cffc = 0x00000000
06-17 22:18:55.800  1366 28812 E MDP     : [PQ][PQRSZAdaptor(0)] MEDIA_ISP_CAPTURE
06-17 22:18:55.800  1366 28812 E PQ      : [PQ][PQAshmem] getAshmemValueByAddr : get addr 0x72a179affc = 0x00000000
06-17 22:18:55.800  1366 28812 E PQ      : [PQ][PQAshmem] getAshmemValueByAddr : get addr 0x72a179affc = 0x00000000
06-17 22:18:55.800  1366 28812 E PQ      : [PQ][PQAshmem] getAshmemValueByAddr : get addr 0x72a179affc = 0x00000000
06-17 22:18:55.800  1366 28812 E MDP     : [PQ][PQRSZAdaptor(0)] calRegs: m_identifier[0]
06-17 22:18:55.800  1366 28812 E MDP     : [PQ][PQRSZAdaptor(0)] PRZ_control_1 = 2270113, RSZ_horizontal_coeff_step = 8000, RSZ_vertical_coeff_step = fd2ee
06-17 22:18:55.800  1097  1151 I libPowerHal: [setGPUFreq] Soft min/max = (0, 0); Hard min/max = (2, 0)
06-17 22:18:55.800  1366 28812 E MDP     : [PQ][PQRSZAdaptor(0)] tapAdaptEnable = 0, TapAdaptSlope = 8
06-17 22:18:55.800  1097  1151 I libPowerHal: [setGPUFreq] final min/max = (0, 0)
06-17 22:18:55.801  1097  1151 I libPowerHal: [setGPUFreq] INTERACTION user set gpu freq min:0, max:-1
06-17 22:18:55.801  1366 25113 I Hal3ARaw: [122311294] SEC data.0304, Dev(1) i4FrameNum(80) MasterIdx = 0, SlaveIdx = 0, m_bIsSkipSync3A(0) rNewParam(0,0,0)(0,0)
06-17 22:18:55.801  1097  1151 I libPowerHal: [setGPUFreq] Soft min/max = (0, 0); Hard min/max = (2, 0)
06-17 22:18:55.801  1097  1151 I libPowerHal: [setGPUFreq] final min/max = (0, 0)
06-17 22:18:55.801  1366  1933 E camiopipe: [vendor/mediatek/proprietary/hardware/mtkcam/drv/src/isp/mt6765/imageio/pipe/CamIOPipe/CamIOPipe.cpp, sendCommand, line3831] ERROR: [0x0]:NOT support command! (sendCommand){#3831:vendor/mediatek/proprietary/hardware/mtkcam/drv/src/isp/mt6765/imageio/pipe/CamIOPipe/CamIOPipe.cpp}
06-17 22:18:55.801  1366  1933 E camiopipe: [vendor/mediatek/proprietary/hardware/mtkcam/drv/src/isp/mt6765/imageio/pipe/CamIOPipe/CamIOPipe.cpp, sendCommand, line3838] ERROR: [0x0]:sendCommand(0x1500) error! (sendCommand){#3838:vendor/mediatek/proprietary/hardware/mtkcam/drv/src/isp/mt6765/imageio/pipe/CamIOPipe/CamIOPipe.cpp}
06-17 22:18:55.801  1366  1933 E NormalPipe: [vendor/mediatek/proprietary/hardware/mtkcam/drv/src/isp/mt6765/iopipe/CamIO/NormalPipe.cpp, sendCommand, line3760] ERROR: error: sendCommand fail: (cmd,arg1,arg2,arg3)=(0x00001500,0x72AF9FE7F0,0x72AF9FE7F4,0xB40000751025DB4C) (sendCommand){#3760:vendor/mediatek/proprietary/hardware/mtkcam/drv/src/isp/mt6765/iopipe/CamIO/NormalPipe.cpp}
06-17 22:18:55.801  1366 25145 W LMVDrv  : [GetLMVStatusAndUpdate]Cannot find magicNum(0) in queue(0)
06-17 22:18:55.802  1366 25113 D isp_tuning_custom: [evaluate_Shading_Ratio] sensorid(14561), preSensorId(14561), eSensorMode(0), preSensorMode(0), isSensorOrModeSwitch(0), isInit(0)
06-17 22:18:55.802  1366 25113 D isp_tuning_custom: [iso_smooth][ISO smooth enabled][ISO idx(35087)]avgISO = 650.
06-17 22:18:55.802  1366 25113 D isp_tuning_custom: [RA_smooth][RA smooth][frm idx(35087)] rto for iso(30), prev_rto(30),RA_incremental_step(2), smoothed ratio(30)
06-17 22:18:55.802  1366 25113 D isp_tuning_custom: xmy-sensor 14561,ratio 30,iso 650
06-17 22:18:55.803  1366 25113 W TuningMgr: TuningMgr[updateEngine] WARNING: [temp log] AF enable(1_0x100e02e0_0x808001e8)
06-17 22:18:55.809  1291 25136 E IMGMapper: set:481 Failed to decode data for type SMPTE2086
06-17 22:18:55.809  1291 25136 E IMGMapper: set:481 Failed to decode data for type CTA861_3
06-17 22:18:55.813 24239 25100 E IMGMapper: set:481 Failed to decode data for type SMPTE2086
06-17 22:18:55.813 24239 25100 E IMGMapper: set:481 Failed to decode data for type CTA861_3
06-17 22:18:55.818  1366 25220 D AfAlgo  : down maxOffset=31 maxCompLevel=31, cutOffset=5, maxOffset=31 offset -22, level 22, cut offset 5, x/y/z/g=-430/598/733/1039
06-17 22:18:55.819  1366 25220 D AfAlgoC : [DAF] DafIO out: mode 2 isL 0 isQ 0 isV 0 afdac 864 afconf 100 qNum -1  sPDWin (0,0,0,0)
06-17 22:18:55.819  1366 25220 D AfAlgoC : [handleAFout0](78) Mode=2,Status=1,StatusC=6,IsAfSearch=3,IsSelROI=0,ROISel=4,FDstatus=0,AFMark=1,mTrig=1,SceneState=00000100,ext=1, PostureDac=755/31, TermalPos=0, searchRange (460,842), camA=-71, post=-22
06-17 22:18:55.819  1366 25220 D AfAlgoC : [AdpComp]Equivalent lens pos = 835
06-17 22:18:55.819  1366 25220 I af_mgr_v3: #(   82,   80) MoveLensTo Dev(1) DAC(733)
06-17 22:18:55.833  1366 25194 E PQ      : [PQ][PQSessionManager] createPQSession(3000ee5900010001) user(0xb4000075b0c7e550)
06-17 22:18:55.833  1366 25194 E PQ      : [PQ][PQSessionManager] Duplicated ID[3000ee5900010001] found, please check if double createPQSession!
06-17 22:18:55.833  1366 25194 E PQ      : [PQ][PQSessionManager] getPQSessionListHandle id[3000ee5900010001] 
06-17 22:18:55.833  1366 25194 E PQ      : [PQ][PQSessionManager] getPQSessionListHandle, find id[3000ee5900010001] 
06-17 22:18:55.833  1366 25194 E PQ      : [PQ][PQSession] incRefCount id[3000ee5900010001] user[0xb4000075b0c7e550] existed
06-17 22:18:55.833  1366 25194 E PQ      : [PQ][PQSession] incRefCount id[3000ee5900010001] user[0xb4000075b0c7e550] numOfUser[1]
06-17 22:18:55.833  1366 25194 E PQ      : [PQ][PQAshmem] getAshmemValueByOffset : get offset 0x00000040 = 0x00000000
06-17 22:18:55.833  1366 25194 E PQ      : [PQ][PQSession] setPQParam() id[3000ee5900010001] enable[0], scenario[65537]
06-17 22:18:55.833  1366 25194 E PQ      : [PQ][PQSession] setDpPqConfig m_svp = 0, enDRE = 0
06-17 22:18:55.833  1366 25194 E PQ      : [PQ][PQSession] Timestamp = [221852933], FrameNo = [78], RequestNo = [78], enableDump = [0]
06-17 22:18:55.833  1366 25194 E PQ      : [PQ][PQSession] PQParam.u.isp.lensId = [0]
06-17 22:18:55.833  1366 25194 E PQ      : [PQ][PQSession] ispScenarioIndex = [0]
06-17 22:18:55.833  1366 25194 E PQ      : [PQ][PQSession] m_pPQSessionHandle->PQParam.u.isp.isIspScenario = [0], m_pPQSessionHandle->PQParam.u.isp.ispScenario = [0]
06-17 22:18:55.833  1366 25194 E PQ      : [PQ][PQSession] getDpPqConfig() id[3000ee5900010001] enable[0], scenario[65537]
06-17 22:18:55.833  1366 25194 E PQ      : [PQ][PQSession] getDpPqConfig() enSharp[0] enDC[0] enColor[0] enHDR[0] enUR[0] enReFocus[0] enCcorr[0] enDRE[0] enHFG[0]
06-17 22:18:55.833  1366 28812 E PQ      : [PQ][PQSessionManager] PQSessionManager::getPQSession id[3000ee5900010001]
06-17 22:18:55.833  1366 28812 E PQ      : [PQ][PQSessionManager] getPQSessionListHandle id[3000ee5900010001] 
06-17 22:18:55.833  1366 28812 E PQ      : [PQ][PQSessionManager] getPQSessionListHandle, find id[3000ee5900010001] 
06-17 22:18:55.833  1366 28812 E PQ      : [PQ]PQSession::setPipeNum m_PipeNum[1] value[1]
06-17 22:18:55.833  1366 28812 E MDP     : [PQ][PQRSZAdaptor(0)] calRegs PQParam
06-17 22:18:55.833  1366 28812 E PQ      : [PQ][PQSession] getDpPqConfig() id[3000ee5900010001] enable[0], scenario[65537]
06-17 22:18:55.833  1366 28812 E PQ      : [PQ][PQSession] getDpPqConfig() enSharp[0] enDC[0] enColor[0] enHDR[0] enUR[0] enReFocus[0] enCcorr[0] enDRE[0] enHFG[0]
06-17 22:18:55.833  1366 28812 E PQ      : [PQ][PQAshmem] getAshmemValueByOffset : get offset 0x0000001c = 0x00000001
06-17 22:18:55.833  1366 28812 E PQ      : [PQ][PQRSZConfig] PQRSZConfig::getUREnableStatus = 1 
06-17 22:18:55.833  1366 28812 E PQ      : [PQ][PQAshmem] getAshmemValueByOffset : get offset 0x00000088 = 0x00000000
06-17 22:18:55.833  1366 28812 E PQ      : [PQ][PQAshmem] getAshmemValueByAddr : get addr 0x72a1798ffc = 0x00000000
06-17 22:18:55.833  1366 28812 E PQ      : [PQ][PQAshmem] getAshmemValueByAddr : get addr 0x72a1798ffc = 0x00000000
06-17 22:18:55.833  1366 28812 E PQ      : [PQ][PQAshmem] getAshmemValueByAddr : get addr 0x72a179cffc = 0x00000000
06-17 22:18:55.833  1366 28812 E PQ      : [PQ][PQAshmem] getAshmemValueByAddr : get addr 0x72a179cffc = 0x00000000
06-17 22:18:55.833  1366 28812 E MDP     : [PQ][PQRSZAdaptor(0)] MEDIA_ISP_CAPTURE
06-17 22:18:55.833  1366 28812 E PQ      : [PQ][PQAshmem] getAshmemValueByAddr : get addr 0x72a179affc = 0x00000000
06-17 22:18:55.833  1366 28812 E PQ      : [PQ][PQAshmem] getAshmemValueByAddr : get addr 0x72a179affc = 0x00000000
06-17 22:18:55.833  1366 28812 E PQ      : [PQ][PQAshmem] getAshmemValueByAddr : get addr 0x72a179affc = 0x00000000
06-17 22:18:55.833  1366 28812 E MDP     : [PQ][PQRSZAdaptor(0)] calRegs: m_identifier[0]
06-17 22:18:55.833  1366 28812 E MDP     : [PQ][PQRSZAdaptor(0)] PRZ_control_1 = 2270113, RSZ_horizontal_coeff_step = 8000, RSZ_vertical_coeff_step = fd2ee
06-17 22:18:55.833  1366 28812 E MDP     : [PQ][PQRSZAdaptor(0)] tapAdaptEnable = 0, TapAdaptSlope = 8
06-17 22:18:55.835  1366 25113 I Hal3ARaw: [122311294] SEC data.0304, Dev(1) i4FrameNum(81) MasterIdx = 0, SlaveIdx = 0, m_bIsSkipSync3A(0) rNewParam(0,0,0)(0,0)
06-17 22:18:55.835  1366  1933 E camiopipe: [vendor/mediatek/proprietary/hardware/mtkcam/drv/src/isp/mt6765/imageio/pipe/CamIOPipe/CamIOPipe.cpp, sendCommand, line3831] ERROR: [0x0]:NOT support command! (sendCommand){#3831:vendor/mediatek/proprietary/hardware/mtkcam/drv/src/isp/mt6765/imageio/pipe/CamIOPipe/CamIOPipe.cpp}
06-17 22:18:55.835  1366  1933 E camiopipe: [vendor/mediatek/proprietary/hardware/mtkcam/drv/src/isp/mt6765/imageio/pipe/CamIOPipe/CamIOPipe.cpp, sendCommand, line3838] ERROR: [0x0]:sendCommand(0x1500) error! (sendCommand){#3838:vendor/mediatek/proprietary/hardware/mtkcam/drv/src/isp/mt6765/imageio/pipe/CamIOPipe/CamIOPipe.cpp}
06-17 22:18:55.835  1366  1933 E NormalPipe: [vendor/mediatek/proprietary/hardware/mtkcam/drv/src/isp/mt6765/iopipe/CamIO/NormalPipe.cpp, sendCommand, line3760] ERROR: error: sendCommand fail: (cmd,arg1,arg2,arg3)=(0x00001500,0x72AF9FE7F0,0x72AF9FE7F4,0xB40000751023CADC) (sendCommand){#3760:vendor/mediatek/proprietary/hardware/mtkcam/drv/src/isp/mt6765/iopipe/CamIO/NormalPipe.cpp}
06-17 22:18:55.835  1366 25145 W LMVDrv  : [GetLMVStatusAndUpdate]Cannot find magicNum(0) in queue(0)
06-17 22:18:55.836  1366 25113 D isp_tuning_custom: [evaluate_Shading_Ratio] sensorid(14561), preSensorId(14561), eSensorMode(0), preSensorMode(0), isSensorOrModeSwitch(0), isInit(0)
06-17 22:18:55.836  1366 25113 D isp_tuning_custom: [iso_smooth][ISO smooth enabled][ISO idx(35088)]avgISO = 650.
06-17 22:18:55.836  1366 25113 D isp_tuning_custom: [RA_smooth][RA smooth][frm idx(35088)] rto for iso(30), prev_rto(30),RA_incremental_step(2), smoothed ratio(30)
06-17 22:18:55.836  1366 25113 D isp_tuning_custom: xmy-sensor 14561,ratio 30,iso 650
06-17 22:18:55.837  1366 25113 W TuningMgr: TuningMgr[updateEngine] WARNING: [temp log] AF enable(1_0x100e02e0_0x808001e8)
06-17 22:18:55.841  1384  1486 D AAL     : 06-17 10:18:55.825 BL=1631,ESS= 256, 
06-17 22:18:55.842  1291 25136 E IMGMapper: set:481 Failed to decode data for type SMPTE2086
06-17 22:18:55.842  1291 25136 E IMGMapper: set:481 Failed to decode data for type CTA861_3
06-17 22:18:55.846 24239 25100 E IMGMapper: set:481 Failed to decode data for type SMPTE2086
06-17 22:18:55.846 24239 25100 E IMGMapper: set:481 Failed to decode data for type CTA861_3
06-17 22:18:55.851  1366 25220 D AfAlgoC : [handleAFin0](79) Mode=2,Status=1,StatusC=6,AFSTrigger=0,FirstEnterCam=0,CurPos=733,ISO=650(50,6400),Shutter=30002,frameT=34,LV=10,deltaBV=0(0),curBV=118(118),stable=1,IsAfSearch=3,IsSelROI=0,ROISel=4,FDstatus=0,fundie=4,tmpv=0,AFMark=1,Time=1781752735,tg 4080 3072, hw 4080 3072, afa 1509 895 config num 76 monitor roi 37 39, focus roi 18 24
06-17 22:18:55.851  1366 25220 D AfAlgoC : [AdpComp] TS_AFDone(115903483405) TS_MLStart(115903451135) PixelInLine(4584) PixelClk(560000000)PSample=843 CSample=843 BeforeM=5368 MIng=12000 AfterM=19959 LENS_MOVING_TIME=12000
06-17 22:18:55.852  1366 25220 D AfAlgo  : down maxOffset=31 maxCompLevel=31, cutOffset=5, maxOffset=31 offset -21, level 21, cut offset 5, x/y/z/g=-382/623/694/1007
06-17 22:18:55.852  1366 25220 I af_mgr_v3: #(   83,   81) MoveLensTo Dev(1) DAC(683)
06-17 22:18:55.866  1366 25194 E PQ      : [PQ][PQSessionManager] createPQSession(3000ee5900010001) user(0xb4000075b0c7e550)
06-17 22:18:55.866  1366 25194 E PQ      : [PQ][PQSessionManager] Duplicated ID[3000ee5900010001] found, please check if double createPQSession!
06-17 22:18:55.866  1366 25194 E PQ      : [PQ][PQSessionManager] getPQSessionListHandle id[3000ee5900010001] 
06-17 22:18:55.866  1366 25194 E PQ      : [PQ][PQSessionManager] getPQSessionListHandle, find id[3000ee5900010001] 
06-17 22:18:55.866  1366 25194 E PQ      : [PQ][PQSession] incRefCount id[3000ee5900010001] user[0xb4000075b0c7e550] existed
06-17 22:18:55.866  1366 25194 E PQ      : [PQ][PQSession] incRefCount id[3000ee5900010001] user[0xb4000075b0c7e550] numOfUser[1]
06-17 22:18:55.866  1366 25194 E PQ      : [PQ][PQAshmem] getAshmemValueByOffset : get offset 0x00000040 = 0x00000000
06-17 22:18:55.866  1366 25194 E PQ      : [PQ][PQSession] setPQParam() id[3000ee5900010001] enable[0], scenario[65537]
06-17 22:18:55.866  1366 25194 E PQ      : [PQ][PQSession] setDpPqConfig m_svp = 0, enDRE = 0
06-17 22:18:55.866  1366 25194 E PQ      : [PQ][PQSession] Timestamp = [221852933], FrameNo = [79], RequestNo = [79], enableDump = [0]
06-17 22:18:55.866  1366 25194 E PQ      : [PQ][PQSession] PQParam.u.isp.lensId = [0]
06-17 22:18:55.866  1366 25194 E PQ      : [PQ][PQSession] ispScenarioIndex = [0]
06-17 22:18:55.866  1366 25194 E PQ      : [PQ][PQSession] m_pPQSessionHandle->PQParam.u.isp.isIspScenario = [0], m_pPQSessionHandle->PQParam.u.isp.ispScenario = [0]
06-17 22:18:55.866  1366 25194 E PQ      : [PQ][PQSession] getDpPqConfig() id[3000ee5900010001] enable[0], scenario[65537]
06-17 22:18:55.866  1366 25194 E PQ      : [PQ][PQSession] getDpPqConfig() enSharp[0] enDC[0] enColor[0] enHDR[0] enUR[0] enReFocus[0] enCcorr[0] enDRE[0] enHFG[0]
06-17 22:18:55.867  1366 28812 E PQ      : [PQ][PQSessionManager] PQSessionManager::getPQSession id[3000ee5900010001]
06-17 22:18:55.867  1366 28812 E PQ      : [PQ][PQSessionManager] getPQSessionListHandle id[3000ee5900010001] 
06-17 22:18:55.867  1366 28812 E PQ      : [PQ][PQSessionManager] getPQSessionListHandle, find id[3000ee5900010001] 
06-17 22:18:55.867  1366 28812 E PQ      : [PQ]PQSession::setPipeNum m_PipeNum[1] value[1]
06-17 22:18:55.867  1366 28812 E MDP     : [PQ][PQRSZAdaptor(0)] calRegs PQParam
06-17 22:18:55.867  1366 28812 E PQ      : [PQ][PQSession] getDpPqConfig() id[3000ee5900010001] enable[0], scenario[65537]
06-17 22:18:55.867  1366 28812 E PQ      : [PQ][PQSession] getDpPqConfig() enSharp[0] enDC[0] enColor[0] enHDR[0] enUR[0] enReFocus[0] enCcorr[0] enDRE[0] enHFG[0]
06-17 22:18:55.867  1366 28812 E PQ      : [PQ][PQAshmem] getAshmemValueByOffset : get offset 0x0000001c = 0x00000001
06-17 22:18:55.867  1366 28812 E PQ      : [PQ][PQRSZConfig] PQRSZConfig::getUREnableStatus = 1 
06-17 22:18:55.867  1366 28812 E PQ      : [PQ][PQAshmem] getAshmemValueByOffset : get offset 0x00000088 = 0x00000000
06-17 22:18:55.867  1366 28812 E PQ      : [PQ][PQAshmem] getAshmemValueByAddr : get addr 0x72a1798ffc = 0x00000000
06-17 22:18:55.867  1366 28812 E PQ      : [PQ][PQAshmem] getAshmemValueByAddr : get addr 0x72a1798ffc = 0x00000000
06-17 22:18:55.867  1366 28812 E PQ      : [PQ][PQAshmem] getAshmemValueByAddr : get addr 0x72a179cffc = 0x00000000
06-17 22:18:55.867  1366 28812 E PQ      : [PQ][PQAshmem] getAshmemValueByAddr : get addr 0x72a179cffc = 0x00000000
06-17 22:18:55.867  1366 28812 E MDP     : [PQ][PQRSZAdaptor(0)] MEDIA_ISP_CAPTURE
06-17 22:18:55.867  1366 28812 E PQ      : [PQ][PQAshmem] getAshmemValueByAddr : get addr 0x72a179affc = 0x00000000
06-17 22:18:55.867  1366 28812 E PQ      : [PQ][PQAshmem] getAshmemValueByAddr : get addr 0x72a179affc = 0x00000000
06-17 22:18:55.867  1366 28812 E PQ      : [PQ][PQAshmem] getAshmemValueByAddr : get addr 0x72a179affc = 0x00000000
06-17 22:18:55.867  1366 28812 E MDP     : [PQ][PQRSZAdaptor(0)] calRegs: m_identifier[0]
06-17 22:18:55.867  1366 28812 E MDP     : [PQ][PQRSZAdaptor(0)] PRZ_control_1 = 2270113, RSZ_horizontal_coeff_step = 8000, RSZ_vertical_coeff_step = fd2ee
06-17 22:18:55.867  1366 28812 E MDP     : [PQ][PQRSZAdaptor(0)] tapAdaptEnable = 0, TapAdaptSlope = 8
06-17 22:18:55.868  1366 25113 I Hal3ARaw: [122311294] SEC data.0304, Dev(1) i4FrameNum(82) MasterIdx = 0, SlaveIdx = 0, m_bIsSkipSync3A(0) rNewParam(0,0,0)(0,0)
06-17 22:18:55.869  1366  1933 E camiopipe: [vendor/mediatek/proprietary/hardware/mtkcam/drv/src/isp/mt6765/imageio/pipe/CamIOPipe/CamIOPipe.cpp, sendCommand, line3831] ERROR: [0x0]:NOT support command! (sendCommand){#3831:vendor/mediatek/proprietary/hardware/mtkcam/drv/src/isp/mt6765/imageio/pipe/CamIOPipe/CamIOPipe.cpp}
06-17 22:18:55.869  1366  1933 E camiopipe: [vendor/mediatek/proprietary/hardware/mtkcam/drv/src/isp/mt6765/imageio/pipe/CamIOPipe/CamIOPipe.cpp, sendCommand, line3838] ERROR: [0x0]:sendCommand(0x1500) error! (sendCommand){#3838:vendor/mediatek/proprietary/hardware/mtkcam/drv/src/isp/mt6765/imageio/pipe/CamIOPipe/CamIOPipe.cpp}
06-17 22:18:55.869  1366  1933 E NormalPipe: [vendor/mediatek/proprietary/hardware/mtkcam/drv/src/isp/mt6765/iopipe/CamIO/NormalPipe.cpp, sendCommand, line3760] ERROR: error: sendCommand fail: (cmd,arg1,arg2,arg3)=(0x00001500,0x72AF9FE7F0,0x72AF9FE7F4,0xB4000075102455EC) (sendCommand){#3760:vendor/mediatek/proprietary/hardware/mtkcam/drv/src/isp/mt6765/iopipe/CamIO/NormalPipe.cpp}
06-17 22:18:55.869  1366 25145 W LMVDrv  : [GetLMVStatusAndUpdate]Cannot find magicNum(0) in queue(0)
06-17 22:18:55.870  1366 25113 D isp_tuning_custom: [evaluate_Shading_Ratio] sensorid(14561), preSensorId(14561), eSensorMode(0), preSensorMode(0), isSensorOrModeSwitch(0), isInit(0)
06-17 22:18:55.870  1366 25113 D isp_tuning_custom: [iso_smooth][ISO smooth enabled][ISO idx(35089)]avgISO = 650.
06-17 22:18:55.870  1366 25113 D isp_tuning_custom: [RA_smooth][RA smooth][frm idx(35089)] rto for iso(30), prev_rto(30),RA_incremental_step(2), smoothed ratio(30)
06-17 22:18:55.870  1366 25113 D isp_tuning_custom: xmy-sensor 14561,ratio 30,iso 650
06-17 22:18:55.870  1366 25113 W TuningMgr: TuningMgr[updateEngine] WARNING: [temp log] AF enable(1_0x100e02e0_0x808001e8)
06-17 22:18:55.876  1291 25136 E IMGMapper: set:481 Failed to decode data for type SMPTE2086
06-17 22:18:55.876  1291 25136 E IMGMapper: set:481 Failed to decode data for type CTA861_3
06-17 22:18:55.879 24239 25100 E IMGMapper: set:481 Failed to decode data for type SMPTE2086
06-17 22:18:55.880 24239 25100 E IMGMapper: set:481 Failed to decode data for type CTA861_3
06-17 22:18:55.881  1097  1151 I libPowerHal: [unsetGPUFreq] current min:0, max:0; scn_gpu_min:0, scn_gpu_max:-1; scn_gpu_min(HL):-1, scn_gpu_max(HL):-1
06-17 22:18:55.881  1097  1151 I libPowerHal: [setGPUFreq] Soft min/max = (0, 0); Hard min/max = (2, 0)
06-17 22:18:55.881  1097  1151 I libPowerHal: [setGPUFreq] final min/max = (0, 0)
06-17 22:18:55.881  1097  1151 I libPowerHal: [unsetGPUFreq] current min:0, max:0; scn_gpu_min:0, scn_gpu_max:-1; scn_gpu_min(HL):-1, scn_gpu_max(HL):-1
06-17 22:18:55.881  1097  1151 I libPowerHal: [setGPUFreq] Soft min/max = (0, 0); Hard min/max = (2, 0)
06-17 22:18:55.881  1097  1151 I libPowerHal: [setGPUFreq] final min/max = (0, 0)
06-17 22:18:55.885  1366 25220 D AfAlgo  : down maxOffset=31 maxCompLevel=31, cutOffset=5, maxOffset=31 offset -21, level 21, cut offset 5, x/y/z/g=-346/582/641/932
06-17 22:18:55.886  1366 25220 I af_mgr_v3: #(   84,   82) MoveLensTo Dev(1) DAC(633)
06-17 22:18:55.900  1366 25194 E PQ      : [PQ][PQSessionManager] createPQSession(3000ee5900010001) user(0xb4000075b0c7e550)
06-17 22:18:55.900  1366 25194 E PQ      : [PQ][PQSessionManager] Duplicated ID[3000ee5900010001] found, please check if double createPQSession!
06-17 22:18:55.900  1366 25194 E PQ      : [PQ][PQSessionManager] getPQSessionListHandle id[3000ee5900010001] 
06-17 22:18:55.900  1366 25194 E PQ      : [PQ][PQSessionManager] getPQSessionListHandle, find id[3000ee5900010001] 
06-17 22:18:55.900  1366 25194 E PQ      : [PQ][PQSession] incRefCount id[3000ee5900010001] user[0xb4000075b0c7e550] existed
06-17 22:18:55.900  1366 25194 E PQ      : [PQ][PQSession] incRefCount id[3000ee5900010001] user[0xb4000075b0c7e550] numOfUser[1]
06-17 22:18:55.900  1366 25194 E PQ      : [PQ][PQAshmem] getAshmemValueByOffset : get offset 0x00000040 = 0x00000000
06-17 22:18:55.901  1366 25194 E PQ      : [PQ][PQSession] setPQParam() id[3000ee5900010001] enable[0], scenario[65537]
06-17 22:18:55.901  1366 25194 E PQ      : [PQ][PQSession] setDpPqConfig m_svp = 0, enDRE = 0
06-17 22:18:55.901  1366 25194 E PQ      : [PQ][PQSession] Timestamp = [221852933], FrameNo = [80], RequestNo = [80], enableDump = [0]
06-17 22:18:55.901  1366 25194 E PQ      : [PQ][PQSession] PQParam.u.isp.lensId = [0]
06-17 22:18:55.901  1366 25194 E PQ      : [PQ][PQSession] ispScenarioIndex = [0]
06-17 22:18:55.901  1366 25194 E PQ      : [PQ][PQSession] m_pPQSessionHandle->PQParam.u.isp.isIspScenario = [0], m_pPQSessionHandle->PQParam.u.isp.ispScenario = [0]
06-17 22:18:55.901  1366 25194 E PQ      : [PQ][PQSession] getDpPqConfig() id[3000ee5900010001] enable[0], scenario[65537]
06-17 22:18:55.901  1366 25194 E PQ      : [PQ][PQSession] getDpPqConfig() enSharp[0] enDC[0] enColor[0] enHDR[0] enUR[0] enReFocus[0] enCcorr[0] enDRE[0] enHFG[0]
06-17 22:18:55.901  1366 28812 E PQ      : [PQ][PQSessionManager] PQSessionManager::getPQSession id[3000ee5900010001]
06-17 22:18:55.901  1366 28812 E PQ      : [PQ][PQSessionManager] getPQSessionListHandle id[3000ee5900010001] 
06-17 22:18:55.901  1366 28812 E PQ      : [PQ][PQSessionManager] getPQSessionListHandle, find id[3000ee5900010001] 
06-17 22:18:55.901  1366 28812 E PQ      : [PQ]PQSession::setPipeNum m_PipeNum[1] value[1]
06-17 22:18:55.901  1366 28812 E MDP     : [PQ][PQRSZAdaptor(0)] calRegs PQParam
06-17 22:18:55.901  1366 28812 E PQ      : [PQ][PQSession] getDpPqConfig() id[3000ee5900010001] enable[0], scenario[65537]
06-17 22:18:55.901  1366 28812 E PQ      : [PQ][PQSession] getDpPqConfig() enSharp[0] enDC[0] enColor[0] enHDR[0] enUR[0] enReFocus[0] enCcorr[0] enDRE[0] enHFG[0]
06-17 22:18:55.901  1366 28812 E PQ      : [PQ][PQAshmem] getAshmemValueByOffset : get offset 0x0000001c = 0x00000001
06-17 22:18:55.901  1366 28812 E PQ      : [PQ][PQRSZConfig] PQRSZConfig::getUREnableStatus = 1 
