06-17 22:18:56.044  1082  1082 D C2MtkVencExt: [0xECCC29D0] ExtImpl: name=c2.mtk.avc.encoder, kind=2, domain=1, mediaType=video/avc
06-17 22:18:56.045  1082  1082 D C2MtkVenc: [0xED680740] Supported params 67
06-17 22:18:56.045  1082  1082 D RPU     : [0xF074E2AC] extent() != 1 for single value type: algo.buffers.max-count.values
06-17 22:18:56.045  1082  1082 D RPU     : [0xF074E2AC] extent() != 1 for single value type: output.subscribed-indices.values
06-17 22:18:56.045  1082  1082 D RPU     : [0xF074E2AC] extent() != 1 for single value type: input.buffers.allocator-ids.values
06-17 22:18:56.045  1082  1082 D RPU     : [0xF074E2AC] extent() != 1 for single value type: output.buffers.allocator-ids.values
06-17 22:18:56.045  1082  1082 D RPU     : [0xF074E2AC] extent() != 1 for single value type: algo.buffers.allocator-ids.values
06-17 22:18:56.045  1082  1082 D RPU     : [0xF074E2AC] extent() != 1 for single value type: output.buffers.pool-ids.values
06-17 22:18:56.045  1082  1082 D RPU     : [0xF074E2AC] extent() != 1 for single value type: algo.buffers.pool-ids.values
06-17 22:18:56.045  1082  1082 D RPU     : [0xF074E2AC] ignored struct field coding.gop.values
06-17 22:18:56.045  1082  1082 D RPU     : [0xF074E2AC] extent() != 1 for single value type: coding.temporal-layering.bitrate-ratios
06-17 22:18:56.045  1082  1082 D RPU     : [0xF074E2AC] ignored struct field coding.qp.values
06-17 22:18:56.046 24239 25241 I CCodec  : Created component [c2.mtk.avc.encoder]
06-17 22:18:56.047 24239 25241 D CCodecConfig: read media type: video/avc
06-17 22:18:56.050 24239 25241 D ReflectedParamUpdater: extent() != 1 for single value type: algo.buffers.max-count.values
06-17 22:18:56.050 24239 25241 D ReflectedParamUpdater: extent() != 1 for single value type: output.subscribed-indices.values
06-17 22:18:56.050 24239 25241 D ReflectedParamUpdater: extent() != 1 for single value type: input.buffers.allocator-ids.values
06-17 22:18:56.050 24239 25241 D ReflectedParamUpdater: extent() != 1 for single value type: output.buffers.allocator-ids.values
06-17 22:18:56.051 24239 25241 D ReflectedParamUpdater: extent() != 1 for single value type: algo.buffers.allocator-ids.values
06-17 22:18:56.051 24239 25241 D ReflectedParamUpdater: extent() != 1 for single value type: output.buffers.pool-ids.values
06-17 22:18:56.051 24239 25241 D ReflectedParamUpdater: extent() != 1 for single value type: algo.buffers.pool-ids.values
06-17 22:18:56.053 24239 25241 D ReflectedParamUpdater: ignored struct field coding.gop.values
06-17 22:18:56.055 24239 25241 D ReflectedParamUpdater: ignored struct field coding.qp.values
06-17 22:18:56.055 24239 25241 D CCodecConfig: ignoring local param raw.color (0xc2001809) as it is already supported
06-17 22:18:56.056 24239 25241 I CCodecConfig: query failed after returning 22 values (BAD_INDEX)
06-17 22:18:56.057 24239 25241 D CCodecConfig: c2 config diff is Dict {
06-17 22:18:56.057 24239 25241 D CCodecConfig:   c2::u32 algo.bitrate-mode.value = 3
06-17 22:18:56.057 24239 25241 D CCodecConfig:   c2::u32 algo.delay.value = 8
06-17 22:18:56.057 24239 25241 D CCodecConfig:   c2::i32 algo.priority.value = 0
06-17 22:18:56.057 24239 25241 D CCodecConfig:   c2::u32 algo.quality.value = 80
06-17 22:18:56.057 24239 25241 D CCodecConfig:   c2::float algo.rate.value = 0
06-17 22:18:56.057 24239 25241 D CCodecConfig:   c2::i32 coded.average-qp.value = 0
06-17 22:18:56.057 24239 25241 D CCodecConfig:   c2::u32 coded.bitrate.value = 64000
06-17 22:18:56.057 24239 25241 D CCodecConfig:   c2::float coded.frame-rate.value = 30
06-17 22:18:56.057 24239 25241 D CCodecConfig:   c2::u32 coded.picture-type.value = 0
06-17 22:18:56.057 24239 25241 D CCodecConfig:   c2::u32 coded.pl.level = 20495
06-17 22:18:56.057 24239 25241 D CCodecConfig:   c2::u32 coded.pl.profile = 20484
06-17 22:18:56.057 24239 25241 D CCodecConfig:   c2::u32 coded.tile-layout.columns = 2
06-17 22:18:56.057 24239 25241 D CCodecConfig:   c2::u32 coded.tile-layout.order = 0
06-17 22:18:56.057 24239 25241 D CCodecConfig:   c2::u32 coded.tile-layout.rows = 1
06-17 22:18:56.057 24239 25241 D CCodecConfig:   c2::u32 coded.tile-layout.tile.height = 256
06-17 22:18:56.057 24239 25241 D CCodecConfig:   c2::u32 coded.tile-layout.tile.width = 256
06-17 22:18:56.057 24239 25241 D CCodecConfig:   c2::u32 coded.vui.color.matrix = 0
06-17 22:18:56.057 24239 25241 D CCodecConfig:   c2::u32 coded.vui.color.primaries = 0
06-17 22:18:56.057 24239 25241 D CCodecConfig:   c2::u32 coded.vui.color.range = 0
06-17 22:18:56.057 24239 25241 D CCodecConfig:   c2::u32 coded.vui.color.transfer = 0
06-17 22:18:56.057 24239 25241 D CCodecConfig:   c2::u32 coding.intra-refresh.mode = 0
06-17 22:18:56.057 24239 25241 D CCodecConfig:   c2::float coding.intra-refresh.period = 0
06-17 22:18:56.057 24239 25241 D CCodecConfig:   c2::u32 coding.request-sync-frame.value = 0
06-17 22:18:56.057 24239 25241 D CCodecConfig:   c2::i64 coding.sync-frame-interval.value = 1000000
06-17 22:18:56.057 24239 25241 D CCodecConfig:   Buffer coding.temporal-layering = {
06-17 22:18:56.057 24239 25241 D CCodecConfig:     00000000:  10 00 00 00 0
06-17 22:18:56.057 24239 25241 W ColorUtils: expected specified color aspects (0:0:0:0)
06-17 22:18:56.059 24239 24239 I VideoEncoder: Prepare video info: SURFACE, 1280x720
06-17 22:18:56.060 24239 24239 I VideoEncoder: bitrate mode CBR not supported using default mode
06-17 22:18:56.061 24239 25240 I MediaCodec: MediaCodec will operate in async mode
06-17 22:18:56.062 24239 24239 D VQApply : raise bitrate: configured 2048000 to floor 2073600
06-17 22:18:56.062 24239 24239 D VQApply : minquality: requested QP unsupported, boost bitrate 2073600 by 414720
06-17 22:18:56.062 24239 24239 D VQApply : minquality/target bitrate raised from 2048000 to 2488320 bps
06-17 22:18:56.062 24239 24239 D MediaCodec: shapeMediaFormat: deltas(2): AMessage(what = 0x00000000) = {
06-17 22:18:56.062 24239 24239 D MediaCodec:     int32_t bitrate = 2488320
06-17 22:18:56.062 24239 24239 D MediaCodec:     int32_t android._encoding-quality-level = 0
06-17 22:18:56.062 24239 24239 D MediaCodec:   }
06-17 22:18:56.062 24239 25240 D MediaCodec: flushMediametrics
06-17 22:18:56.063 24239 25241 D CCodec  : [c2.mtk.avc.encoder] buffers are bound to CCodec for this session
06-17 22:18:56.063 24239 25241 D CCodecConfig: no c2 equivalents for color-format
06-17 22:18:56.063 24239 25241 D CCodecConfig: no c2 equivalents for flags
06-17 22:18:56.063 24239 25241 D CCodecConfig: no c2 equivalents for encoder
06-17 22:18:56.064  1082  1082 V C2MtkVenc: TileLayoutSetter WxH: 1280, 720
06-17 22:18:56.064  1082  1082 V C2MtkVenc: TileLayoutSetter OLD TileLayout 256, 256, 2, 1, 0
06-17 22:18:56.064  1082  1082 V C2MtkVenc: TileLayoutSetter TileLayout     256, 256, 5, 3, 0
06-17 22:18:56.065 24239 25241 D CCodecConfig: c2 config diff is   c2::u32 coded.bitrate.value = 2488320
06-17 22:18:56.065 24239 25241 D CCodecConfig:   c2::i64 coding.sync-frame-interval.value = 2000000
06-17 22:18:56.065 24239 25241 D CCodecConfig:   c2::u32 raw.pixel-format.value = 34
06-17 22:18:56.065 24239 25241 D CCodecConfig:   c2::u32 raw.size.height = 720
06-17 22:18:56.065 24239 25241 D CCodecConfig:   c2::u32 raw.size.width = 1280
06-17 22:18:56.065 24239 25241 W ColorUtils: expected specified color aspects (0:0:0:0)
06-17 22:18:56.066 24239 25241 W Codec2Client: query -- param skipped: index = 3254781982.
06-17 22:18:56.066 24239 25241 D CCodec  : encoding statistics level = 0
06-17 22:18:56.066 24239 25241 D CCodec  : setup formats input: AMessage(what = 0x00000000) = {
06-17 22:18:56.066 24239 25241 D CCodec  :   int32_t android._color-format = 2130708361
06-17 22:18:56.066 24239 25241 D CCodec  :   Rect crop(0, 0, 1279, 719)
06-17 22:18:56.066 24239 25241 D CCodec  :   int32_t color-standard = 0
06-17 22:18:56.066 24239 25241 D CCodec  :   int32_t color-range = 0
06-17 22:18:56.066 24239 25241 D CCodec  :   int32_t color-transfer = 0
06-17 22:18:56.066 24239 25241 D CCodec  :   int32_t frame-rate = 30
06-17 22:18:56.066 24239 25241 D CCodec  :   int32_t height = 720
06-17 22:18:56.066 24239 25241 D CCodec  :   float input.time-stretch = 1.000000
06-17 22:18:56.066 24239 25241 D CCodec  :   int32_t intra-refresh-period = 0
06-17 22:18:56.066 24239 25241 D CCodec  :   int32_t latency = 8
06-17 22:18:56.066 24239 25241 D CCodec  :   string mime = "video/raw"
06-17 22:18:56.066 24239 25241 D CCodec  :   int32_t prepend-sps-pps-to-idr-frames = 0
06-17 22:18:56.066 24239 25241 D CCodec  :   int32_t priority = 0
06-17 22:18:56.066 24239 25241 D CCodec  :   int32_t video-qp-average = 0
06-17 22:18:56.066 24239 25241 D CCodec  :   int32_t width = 1280
06-17 22:18:56.066 24239 25241 D CCodec  :   int32_t android._dataspace = 0
06-17 22:18:56.066 24239 25241 D CCodec  :   int64_t android._C2MemoryUsage = 0
06-17 22:18:56.066 24239 25241 D CCodec  :   int32_t color-format = 2130708361
06-17 22:18:56.066 24239 25241 D CCodec  : }
06-17 22:18:56.066 24239 25241 D CCodec  : setup formats output: AMessage(what = 0x00000000) = {
06-17 22:18:56.066 24239 25241 D CCodec  :   int32_t bitrate = 2488320
06-17 22:18:56.066 24239 25241 D CCodec  :   int32_t bitrate-mode = 1
06-17 22:18:56.066 24239 25241 D CCodec  :   Rect crop(0, 0, 1279, 719)
06-17 22:18:56.066 24239 25241 D CCodec  :   int32_t width = 1280
06-17 22:18:56.066 24239 25241 D CCodec  :   int32_t color-standard = 0
06-17 22:18:56.066 24239 25241 D CCodec  :   int32_t color-range = 0
06-17 22:18:56.066 24239 25241 D CCodec  :   int32_t color-transfer = 0
06-17 22:18:56.066 24239 25241 D CCodec  :   int32_t frame-rate = 30
06-17 22:18:56.066 24239 25241 D CCodec  :   int32_t height = 720
06-17 22:18:56.066 24239 25241 D CCodec  :   float input.time-stretch = 1.000000
06-17 22:18:56.066 24239 25241 D CCodec  :   int32_t intra-refresh-period = 0
06-17 22:18:56.066 24239 25241 D CCodec  :   int32_t latency = 8
06-17 22:18:56.066 24239 25241 D CCodec  :   int32_t level = 32768
06-17 22:18:56.066 24239 25241 D CCodec  :   int32_t max-bitrate = 2488320
06-17 22:18:56.066 24239 25241 D CCodec  :   string mime = "video/avc"
06-17 22:18:56.066 24239 25241 D CCodec  :   int32_t prepend-sps-pps-to-idr-frames = 0
06-17 22:18:56.066 24239 25241 D CCodec  :   int32_t priority = 0
06-17 22:18:56.066 24239 25241 D CCodec  :   int32_t profile = 8
06-17 22:18:56.066 24239 25241 D CCodec  :   int32_t video-qp-average = 0
06-17 22:18:56.066 24239 25241 D CCodec  : }
06-17 22:18:56.066 24239 25241 I CCodecConfig: query failed after returning 23 values (BAD_INDEX)
06-17 22:18:56.066 24239 25241 D CCodecConfig: c2 config diff is   c2::u32 coded.tile-layout.columns = 5
06-17 22:18:56.066 24239 25241 D CCodecConfig:   c2::u32 coded.tile-layout.rows = 3
06-17 22:18:56.067 24239 25241 W ColorUtils: expected specified color aspects (0:0:0:0)
06-17 22:18:56.070 24239 25241 D CCodec  : input format changed to AMessage(what = 0x00000000) = {
06-17 22:18:56.070 24239 25241 D CCodec  :   int32_t android._color-format = 2130708361
06-17 22:18:56.070 24239 25241 D CCodec  :   Rect crop(0, 0, 1279, 719)
06-17 22:18:56.070 24239 25241 D CCodec  :   int32_t color-standard = 1
06-17 22:18:56.070 24239 25241 D CCodec  :   int32_t color-range = 2
06-17 22:18:56.070 24239 25241 D CCodec  :   int32_t color-transfer = 3
06-17 22:18:56.070 24239 25241 D CCodec  :   int32_t frame-rate = 30
06-17 22:18:56.070 24239 25241 D CCodec  :   int32_t height = 720
06-17 22:18:56.070 24239 25241 D CCodec  :   float input.time-stretch = 1.000000
06-17 22:18:56.070 24239 25241 D CCodec  :   int32_t intra-refresh-period = 0
06-17 22:18:56.070 24239 25241 D CCodec  :   int32_t latency = 8
06-17 22:18:56.070 24239 25241 D CCodec  :   string mime = "video/raw"
06-17 22:18:56.070 24239 25241 D CCodec  :   int32_t prepend-sps-pps-to-idr-frames = 0
06-17 22:18:56.070 24239 25241 D CCodec  :   int32_t priority = 0
06-17 22:18:56.070 24239 25241 D CCodec  :   int32_t video-qp-average = 0
06-17 22:18:56.070 24239 25241 D CCodec  :   int32_t width = 1280
06-17 22:18:56.070 24239 25241 D CCodec  :   int32_t android._dataspace = 260
06-17 22:18:56.070 24239 25241 D CCodec  :   int64_t android._C2MemoryUsage = 0
06-17 22:18:56.070 24239 25241 D CCodec  :   int32_t color-format = 2130708361
06-17 22:18:56.070 24239 25241 D CCodec  : }
06-17 22:18:56.071  1353 30760 D GraphicBufferSource: setting dataspace: 0x104, acquired=0
06-17 22:18:56.071 24239 25241 D CCodec  : ISConfig not changed
06-17 22:18:56.072 24239 24239 I VideoEncoder: prepared
06-17 22:18:56.080  1610  1979 D AudioALSAStreamManager: openInputStream(), devices = 0x80000004, format = 0x1, channels = 0xc, sampleRate = 44100, status = 854, acoustics = 0x0, input_flag 0x0
06-17 22:18:56.080  1610  1979 D AudioALSAStreamIn: AudioALSAStreamIn()
06-17 22:18:56.080  1610  1979 D AudioUtility: AudioThrottleTimeControl(), mIsOutput = 0, mBytesSum = 0, mThrottleControlStartTime = 0
06-17 22:18:56.080  1610  1979 D AudioSpeechEnhanceInfo: IsBesRecTuningEnable()- 0
06-17 22:18:56.080  1610  1979 D AudioALSAStreamIn: checkOpenStreamSampleRate(), origin sampleRate 44100, kDefaultInputSourceSampleRate 48000.
06-17 22:18:56.080  1610  1979 D AudioALSAStreamIn: set() done, devices: 0x80000004, flags: 0, acoustics: 0x0, format: 0x1, sampleRate: 44100/44100, num_channels: 12/2, buffer_size: 3520, tempDebugflag: 0
06-17 22:18:56.080  1610  1979 D AudioALSAStreamIn: setParameters() InputSource: 0 => 1, reopen
06-17 22:18:56.080  1610  1979 D DeviceHAL: openInputStreamImpl, flags: 0, open_input_stream success, mOpenedStreamsCount 4
06-17 22:18:56.080  1610  1979 D AudioALSAStreamIn: updateSinkMetadataV7(), sink_metadata = 0xe5ebd8b0, Project config MTK_BT_HEARING_AID_SUPPORT is not support, return
06-17 22:18:56.082  1607 25251 I AudioFlinger: AudioFlinger's thread 0xb400007b9be01bb0 tid=25251 ready to run
06-17 22:18:56.082  1610 28768 D AudioALSAStreamIn: standby(), halRequest 0, mDestroy 0, flag 0
06-17 22:18:56.083  1610  1979 D AudioALSAStreamIn: standby(), halRequest 0, mDestroy 0, flag 0
06-17 22:18:56.090  1097  1151 I libPowerHal: [unsetGPUFreq] current min:0, max:0; scn_gpu_min:0, scn_gpu_max:-1; scn_gpu_min(HL):-1, scn_gpu_max(HL):-1
06-17 22:18:56.090  1097  1151 I libPowerHal: [setGPUFreq] Soft min/max = (0, 0); Hard min/max = (2, 0)
06-17 22:18:56.090  1097  1151 I libPowerHal: [setGPUFreq] final min/max = (0, 0)
06-17 22:18:56.091  1336 16820 D AudioAnalytics: gc(1700, 2000): log size:1700 item map size:141, item map items:1700
06-17 22:18:56.094  1610  1979 I EffectsFactory: EffectCreate() UUID: 9F35ED76-0B66-4330-8F79-E39CA266DC7C
06-17 22:18:56.094  1610  1979 I EffectsFactory: EffectCreate() create_effect
06-17 22:18:56.095  1610  8339 I EffectsFactory: Effect_Command(): self = 0xeb4063f0, cmdCode = 0
06-17 22:18:56.095  1610  1891 I EffectsFactory: Effect_Command(): self = 0xeb4063f0, cmdCode = 1
06-17 22:18:56.095  1610  1891 W EffectHAL: Effect 0xeb4063f0 command SET_CONFIG returned status: Invalid argument
06-17 22:18:56.095  1610  1610 I EffectsFactory: Effect_Command(): self = 0xeb4063f0, cmdCode = 1
06-17 22:18:56.095  1610 23736 I EffectsFactory: Effect_Command(): self = 0xeb4063f0, cmdCode = 1
06-17 22:18:56.095  1610 23736 W EffectHAL: Effect 0xeb4063f0 command SET_CONFIG returned status: Invalid argument
06-17 22:18:56.095  1610  1978 I EffectsFactory: Effect_Command(): self = 0xeb4063f0, cmdCode = 1
06-17 22:18:56.097 24239 24239 I AudioPostProcessEffect: EchoCanceler enabled
06-17 22:18:56.104  1610  1979 I EffectsFactory: EffectCreate() UUID: 300ABE9F-DFC5-4340-9C4B-79EF1BE4E651
06-17 22:18:56.104  1610  1979 I EffectsFactory: EffectCreate() create_effect
06-17 22:18:56.104  1610  1891 I EffectsFactory: Effect_Command(): self = 0xeb4069f0, cmdCode = 0
06-17 22:18:56.104  1610  1978 I EffectsFactory: Effect_Command(): self = 0xeb4069f0, cmdCode = 1
06-17 22:18:56.105  1610  1978 W EffectHAL: Effect 0xeb4069f0 command SET_CONFIG returned status: Invalid argument
06-17 22:18:56.105  1610 23736 I EffectsFactory: Effect_Command(): self = 0xeb4069f0, cmdCode = 1
06-17 22:18:56.105  1610  1610 I EffectsFactory: Effect_Command(): self = 0xeb4063f0, cmdCode = 1
06-17 22:18:56.105  1610  1610 W EffectHAL: Effect 0xeb4063f0 command SET_CONFIG returned status: Invalid argument
06-17 22:18:56.105  1610  8339 I EffectsFactory: Effect_Command(): self = 0xeb4063f0, cmdCode = 1
06-17 22:18:56.105  1610  9305 I EffectsFactory: Effect_Command(): self = 0xeb4069f0, cmdCode = 1
06-17 22:18:56.105  1610  9305 W EffectHAL: Effect 0xeb4069f0 command SET_CONFIG returned status: Invalid argument
06-17 22:18:56.105  1610 28768 I EffectsFactory: Effect_Command(): self = 0xeb4069f0, cmdCode = 1
06-17 22:18:56.107 24239 24239 I AudioPostProcessEffect: NoiseSuppressor enabled
06-17 22:18:56.107 24239 24239 I MicrophoneManager: Microphone created, 44100hz, Stereo
06-17 22:18:56.108 24239 24239 I AudioEncoder: 2 encoders found
06-17 22:18:56.108 24239 24239 I AudioEncoder: Encoder selected c2.android.aac.encoder
06-17 22:18:56.110 24239 25252 D CCodec  : allocate(c2.android.aac.encoder)
06-17 22:18:56.111 24239 25252 I CCodec  : setting up 'default' as default (vendor) store
06-17 22:18:56.112  1386 32452 V C2Store : in init
06-17 22:18:56.112  1386 32452 V C2Store : loading dll
06-17 22:18:56.114 24239 25252 I CCodec  : Created component [c2.android.aac.encoder]
06-17 22:18:56.115 24239 25252 D CCodecConfig: read media type: audio/mp4a-latm
06-17 22:18:56.116 24239 25252 D ReflectedParamUpdater: extent() != 1 for single value type: algo.buffers.max-count.values
06-17 22:18:56.117 24239 25252 D ReflectedParamUpdater: extent() != 1 for single value type: output.subscribed-indices.values
06-17 22:18:56.117 24239 25252 D ReflectedParamUpdater: extent() != 1 for single value type: input.buffers.allocator-ids.values
06-17 22:18:56.117 24239 25252 D ReflectedParamUpdater: extent() != 1 for single value type: output.buffers.allocator-ids.values
06-17 22:18:56.117 24239 25252 D ReflectedParamUpdater: extent() != 1 for single value type: algo.buffers.allocator-ids.values
06-17 22:18:56.117 24239 25252 D ReflectedParamUpdater: extent() != 1 for single value type: output.buffers.pool-ids.values
06-17 22:18:56.117 24239 25252 D ReflectedParamUpdater: extent() != 1 for single value type: algo.buffers.pool-ids.values
06-17 22:18:56.119 24239 25252 I CCodecConfig: query failed after returning 9 values (BAD_INDEX)
06-17 22:18:56.119 24239 25252 D CCodecConfig: c2 config diff is Dict {
06-17 22:18:56.119 24239 25252 D CCodecConfig:   c2::u32 coded.bitrate.value = 64000
06-17 22:18:56.119 24239 25252 D CCodecConfig:   c2::u32 coded.pl.level = 0
06-17 22:18:56.119 24239 25252 D CCodecConfig:   c2::u32 coded.pl.profile = 8192
06-17 22:18:56.119 24239 25252 D CCodecConfig:   c2::u32 coding.aac-sbr-mode.value = 3
06-17 22:18:56.119 24239 25252 D CCodecConfig:   c2::u32 input.buffers.max-size.value = 2048
06-17 22:18:56.119 24239 25252 D CCodecConfig:   c2::u32 input.delay.value = 0
06-17 22:18:56.119 24239 25252 D CCodecConfig:   string input.media-type.value = "audio/raw"
06-17 22:18:56.119 24239 25252 D CCodecConfig:   string output.media-type.value = "audio/mp4a-latm"
06-17 22:18:56.119 24239 25252 D CCodecConfig:   c2::u32 raw.channel-count.value = 1
06-17 22:18:56.119 24239 25252 D CCodecConfig:   c2::u32 raw.sample-rate.value = 44100
06-17 22:18:56.119 24239 25252 D CCodecConfig: }
06-17 22:18:56.121 24239 25252 I MediaCodec: MediaCodec will operate in async mode
06-17 22:18:56.122 24239 24239 D MediaCodec: shapeMediaFormat: deltas(0): AMessage(what = 0x00000000) = {
06-17 22:18:56.122 24239 24239 D MediaCodec:   }
06-17 22:18:56.122 24239 25252 D MediaCodec: flushMediametrics
06-17 22:18:56.122 24239 25252 D CCodec  : [c2.android.aac.encoder] buffers are bound to CCodec for this session
06-17 22:18:56.123 24239 25252 D CCodecConfig: no c2 equivalents for flags
06-17 22:18:56.123 24239 25252 D CCodecConfig: no c2 equivalents for encoder
06-17 22:18:56.124 24239 25252 D CCodecConfig: c2 config diff is   c2::u32 coded.bitrate.value = 131072
06-17 22:18:56.124 24239 25252 D CCodecConfig:   c2::u32 input.buffers.max-size.value = 4096
06-17 22:18:56.124 24239 25252 D CCodecConfig:   c2::u32 raw.channel-count.value = 2
06-17 22:18:56.125 24239 25252 W Codec2Client: query -- param skipped: index = 1107298332.
06-17 22:18:56.125 24239 25252 D CCodec  : encoding statistics level = 0
06-17 22:18:56.125 24239 25252 D CCodec  : setup formats input: AMessage(what = 0x00000000) = {
06-17 22:18:56.125 24239 25252 D CCodec  :   int32_t sample-rate = 44100
06-17 22:18:56.125 24239 25252 D CCodec  :   int32_t channel-count = 2
06-17 22:18:56.125 24239 25252 D CCodec  :   int32_t max-input-size = 7056
06-17 22:18:56.125 24239 25252 D CCodec  :   string mime = "audio/raw"
06-17 22:18:56.125 24239 25252 D CCodec  :   int32_t android._config-pcm-encoding = 2
06-17 22:18:56.125 24239 25252 D CCodec  : }
06-17 22:18:56.125 24239 25252 D CCodec  : setup formats output: AMessage(what = 0x00000000) = {
06-17 22:18:56.125 24239 25252 D CCodec  :   int32_t sample-rate = 44100
06-17 22:18:56.125 24239 25252 D CCodec  :   int32_t bitrate = 131072
06-17 22:18:56.125 24239 25252 D CCodec  :   int32_t channel-count = 2
06-17 22:18:56.125 24239 25252 D CCodec  :   int32_t level = 0
06-17 22:18:56.125 24239 25252 D CCodec  :   int32_t max-bitrate = 131072
06-17 22:18:56.125 24239 25252 D CCodec  :   string mime = "audio/mp4a-latm"
06-17 22:18:56.125 24239 25252 D CCodec  :   int32_t profile = 2
06-17 22:18:56.125 24239 25252 D CCodec  : }
06-17 22:18:56.125 24239 25252 I CCodecConfig: query failed after returning 9 values (BAD_INDEX)
06-17 22:18:56.126 24239 24239 I AudioEncoder: prepared
06-17 22:18:56.126 24239 24239 D MainActivity: Encoders ready: 1280x720 @ 2000 Kbps.
06-17 22:18:56.129 24239 24239 D MainActivity: Connecting to srt://192.168.1.100:9000/publish:Default?latency=120000
06-17 22:18:56.133 24239 24239 I VideoEncoder: started
06-17 22:18:56.133 24239 24239 D MediaCodec: keep callback message for reclaim
06-17 22:18:56.134  1082  1082 D C2MtkComponent: [0xED680740] start
06-17 22:18:56.134  1082 25243 D C2MtkComponent: [0xED680750] setWorkflow: PROCESSED->COMPLETED
06-17 22:18:56.134  1082 25243 D C2MtkComponent: [0xED680750] setWorkflow: PREPROCESSED->PROCESSED
06-17 22:18:56.134  1082 25243 D C2MtkComponent: [0xED680750] setWorkflow: UNPROCESSED->PREPROCESSED
06-17 22:18:56.134  1082 25243 D C2MtkVenc: [0xED680740] mOnInit
06-17 22:18:56.135 24239 25241 W Codec2Client: query -- param skipped: index = 1342179345.
06-17 22:18:56.135 24239 25241 W Codec2Client: query -- param skipped: index = 2415921170.
06-17 22:18:56.136 24239 25241 D CCodecBufferChannel: [c2.mtk.avc.encoder#439] Using basic input block pool with poolID 1 => got 1 - OK (0)
06-17 22:18:56.137 24239 25241 I CCodecBufferChannel: [c2.mtk.avc.encoder#439] Created output block pool with allocatorID 16 => poolID 293 - OK
06-17 22:18:56.137 24239 25241 D CCodecBufferChannel: [c2.mtk.avc.encoder#439] Configured output block pool ids 293 => OK
06-17 22:18:56.138  1293  4716 W ResourceManagerService: Ignoring request to add new resource entry with value <= 0
06-17 22:18:56.139 24239 24239 I AudioEncoder: started
06-17 22:18:56.139 24239 24239 D MediaCodec: keep callback message for reclaim
06-17 22:18:56.141 24239 25252 W Codec2Client: query -- param skipped: index = 1342179345.
06-17 22:18:56.141 24239 25252 W Codec2Client: query -- param skipped: index = 2415921170.
06-17 22:18:56.141 24239 25252 W Codec2Client: query -- param skipped: index = 3254792206.
06-17 22:18:56.141 24239 25252 W Codec2Client: query -- param skipped: index = 3254792194.
06-17 22:18:56.142  1082  7399 D BufferPoolAccessor2.0: Destruction - bufferpool2 0xed640ec8 cached: 0/0M, 0/0% in use; allocs: 109, 88% recycled; transfers: 96, 86% unfetched
06-17 22:18:56.142 24239 25252 D CCodecBufferChannel: [c2.android.aac.encoder#960] Created input block pool with allocatorID 16 => poolID 21 - OK (0)
06-17 22:18:56.142  1386 32452 D BufferPoolAccessor2.0: Destruction - bufferpool2 0xb400007209a20558 cached: 0/0M, 0/0% in use; allocs: 143, 98% recycled; transfers: 143, 98% unfetched
06-17 22:18:56.144 24239 24442 D BufferPoolAccessor2.0: Destruction - bufferpool2 0xb4000073ce545d78 cached: 0/0M, 0/0% in use; allocs: 88, 94% recycled; transfers: 168, 97% unfetched
06-17 22:18:56.144 24239 25252 I CCodecBufferChannel: [c2.android.aac.encoder#960] Created output block pool with allocatorID 16 => poolID 1160 - OK
06-17 22:18:56.144 24239 25252 D CCodecBufferChannel: [c2.android.aac.encoder#960] Configured output block pool ids 1160 => OK
06-17 22:18:56.145  1082  7399 D C2MtkComponentStore: setIonUsage: usage 5, flags 65539, minAlign 0, heapMask 1024 for decoder and encoder.
06-17 22:18:56.146  1386 25253 D SimpleC2Component: Using output block pool with poolID 1160 => got 1160 - 0
06-17 22:18:56.147 24239 25255 E SurfaceManager: GL already released
06-17 22:18:56.147 24239 25255 D libMEOW : meow new tls: 0xb4000074ee642130
06-17 22:18:56.147 24239 25255 D libMEOW : applied 1 plugins for [com.meeting.srt]:
06-17 22:18:56.147 24239 25255 D libMEOW :   plugin 1: [libMEOW_gift.so]: 0xb4000074ae52b840
06-17 22:18:56.148 24239 25255 D libMEOW : rebuild call chain: 0xb4000074ee5c20b0
06-17 22:18:56.155 24239 25255 I SurfaceManager: GL initialized
06-17 22:18:56.166 24239 25255 E SurfaceManager: GL already released
06-17 22:18:56.172 24239 25255 I SurfaceManager: GL initialized
06-17 22:18:56.177 24239 25255 I SurfaceManager: GL released
06-17 22:18:56.177 24239 25255 E SurfaceManager: GL already released
06-17 22:18:56.183 24239 25255 I SurfaceManager: GL initialized
06-17 22:18:56.189 24239 25255 I SurfaceManager: GL initialized
06-17 22:18:56.202 24239 24239 I Camera2ApiManager: optimal resolution set to: 1280x720
06-17 22:18:56.207  1610  1979 I EffectsFactory: Effect_Command(): self = 0xeb4063f0, cmdCode = 13
06-17 22:18:56.208  1610  8339 I EffectsFactory: Effect_Command(): self = 0xeb4069f0, cmdCode = 13
06-17 22:18:56.208  1610 28768 D AudioALSAHardware: +createAudioPatch() num_sources [1] , num_sinks [1], handle [0x0], current mAudioHalPatchVector size 3
06-17 22:18:56.208  1610 28768 D AudioALSAStreamManager: +setParameters(), IOport = 854, keyValuePairs = input_source=1;routing=-2147483644
06-17 22:18:56.208  1610 28768 D AudioALSAStreamManager: +routingInputDevice(), input_device: 0x80000004 => 0x80000004
06-17 22:18:56.208  1610 28768 W AudioALSAStreamManager: -routingInputDevice(), input_device(0x80000004) is AUDIO_DEVICE_NONE(0x0) or current_input_device(0x80000004), return
06-17 22:18:56.208  1610 28768 D AudioALSAHardware: -createAudioPatch() num_sources [1] , num_sinks [1], handle [0x88]
06-17 22:18:56.210  1610  1891 D AudioALSAStreamIn: updateSinkMetadataV7(), sink_metadata = 0xe697bc20, Project config MTK_BT_HEARING_AID_SUPPORT is not support, return
06-17 22:18:56.213  1610 28768 I EffectsFactory: Effect_Command(): self = 0xeb4063f0, cmdCode = 3
06-17 22:18:56.213  1610  1891 W StreamHAL: Error from HAL stream in function set_microphone_direction: Function not implemented
06-17 22:18:56.214  1610  1891 I StreamHAL: addEffect(): halEffect = 0xeb4063f0, effectId = 206
06-17 22:18:56.214  1610  1891 D AudioALSAStreamIn: addAudioEffect(), this = 0xe8219ed0, effect = 0xeb4063f0
06-17 22:18:56.214  1610  1891 D AudioALSAStreamIn: addAudioEffect(), effect name:Acoustic Echo Canceler, BackupCount=0
06-17 22:18:56.214  1610  1891 D AudioALSAStreamIn: addAudioEffect(), AECOn, need reopen the capture handle
06-17 22:18:56.214  1610  1891 D AudioALSAStreamIn: addAudioEffect()-
06-17 22:18:56.214  1610  1610 W StreamHAL: Error from HAL stream in function set_microphone_field_dimension: Function not implemented
06-17 22:18:56.214 24239 24239 I MicrophoneManager: Microphone started
06-17 22:18:56.214  1610  1610 I EffectsFactory: Effect_Command(): self = 0xeb4069f0, cmdCode = 3
06-17 22:18:56.215  1610 28768 I StreamHAL: addEffect(): halEffect = 0xeb4069f0, effectId = 207
06-17 22:18:56.215  1610 28768 D AudioALSAStreamIn: addAudioEffect(), this = 0xe8219ed0, effect = 0xeb4069f0
06-17 22:18:56.215  1610 28768 D AudioALSAStreamIn: addAudioEffect(), effect name:Noise Suppression, BackupCount=1
06-17 22:18:56.215  1610 28768 D AudioALSAStreamIn: addAudioEffect(), NSOn, need reopen the capture handle
06-17 22:18:56.215  1610 28768 D AudioALSAStreamIn: addAudioEffect()-
06-17 22:18:56.217  1610 25257 D AudioALSAStreamIn: open(), flag 0x0
06-17 22:18:56.217  1610 25257 D AudioALSAStreamManager: +createCaptureHandler(), mAudioMode = 0, input_source = 1, input_device = 0x80000004, mBypassDualMICProcessUL=0, rate=44100, flag=0x0
06-17 22:18:56.217  1610 25257 D AudioALSACaptureHandlerAEC: AudioALSACaptureHandlerAEC()
06-17 22:18:56.217  1610 25257 D AudioALSACaptureHandlerAEC: +open(), input_device = 0x80000004, input_source = 0x1, sample_rate=44100, num_channels=2, output_devices=0x2
06-17 22:18:56.217  1610 25257 D AudioALSACaptureDataClientAurisysNormal: AudioALSACaptureDataClientAurisysNormal(+)
06-17 22:18:56.217  1610 25257 D AudioALSACaptureDataProviderBase: configStreamAttribute(), audio_mode: 0 => 0, input_device: 0x80000004 => 0x80000004, flag: 0x0 => 0x0, input_source: 1->1, output_device: 0x2 => 0x2, sample_rate: 48000 => 44100, period_us: 0 => 0, DSP out sample_rate: 44100 => 44100
06-17 22:18:56.217  1610 25257 D AudioALSACaptureDataProviderBase: attach(), 0xe8003790, mCaptureDataClientVector.size()=0, Identity=0xe86128b0, mCaptureDataProviderType = 0
06-17 22:18:56.217  1610 25257 D AudioALSADeviceParser: compare pcm success = 1, stringpair = MultiMedia1_Capture
06-17 22:18:56.217  1610 25257 D AudioALSACaptureDataProviderNormal: open(+), audiomode=0, cardindex = 0, pcmindex = 1
06-17 22:18:56.219  1610 25257 D AudioSpeechEnhanceInfo: GetHifiRecord, mHiFiRecordEnable=0
06-17 22:18:56.219  1610 25257 D AudioALSACaptureDataProviderNormal: buffersizemax: 49152, bHifiRecord: 0, btempDebug: 0
06-17 22:18:56.220  1610 25257 D AudioSpeechEnhanceInfo: GetHifiRecord, mHiFiRecordEnable=0
06-17 22:18:56.220  1610 25257 D AudioALSACaptureDataProviderBase: getInputSampleRate(), input_device: 0x80000004, output_device 0x2, hifi_record = 0, phone call open = 0
06-17 22:18:56.220  1610 25257 D AudioALSACaptureDataProviderNormal: mConfig format: 1, channels: 1, rate: 48000, period_size: 960, period_count: 6, latency: 20, kReadBufferSize: 3840, mCaptureDropSize: 0
06-17 22:18:56.220 24239 24239 W libc    : Access denied finding property "persist.vendor.camera.privapp.list"
06-17 22:18:56.224  1610 25257 D AudioALSAHardwareResourceManager: +startInputDevice_l(), new_device: 0x80000004, mInputDevice: 0x0, mStartInputDeviceCount: 0, mMicInverse: 0, mNumPhoneMicSupport: 1, mBuiltInMicSpecificTyp: 0
06-17 22:18:56.224  1610 25257 D AudioALSADeviceConfigManager: ApplyDeviceTurnonSequenceByName() DeviceName = builtin_Mic_SingleMic descriptor->DeviceStatusCounte = 0
06-17 22:18:56.225  1610 25257 D AudioALSAHardwareResourceManager: -startInputDevice_l(), mInputDevice = 0x80000004, mStartInputDeviceCount = 1
06-17 22:18:56.225  1291  1291 I CameraService: CameraService::connect call (PID 24239 "com.meeting.srt", camera ID 0) and Camera API version 2
06-17 22:18:56.225  1610 25257 D AudioALSACaptureDataProviderNormal: open(-)
06-17 22:18:56.225  1610 25257 D AudioALSACaptureDataProviderBase: configStreamAttribute(), audio_mode: 0 => 0, input_device: 0x80000004 => 0x80000004, flag: 0x0 => 0x0, input_source: 1->1, output_device: 0x2 => 0x2, sample_rate: 48000 => 44100, period_us: 0 => 0, DSP out sample_rate: 44100 => 44100
06-17 22:18:56.225  1610 25257 D AudioALSACaptureDataProviderBase: attach(), 0xe8004a10, mCaptureDataClientVector.size()=0, Identity=0xe86128b0, mCaptureDataProviderType = 5
06-17 22:18:56.225  1610 25257 D AudioUtility: chooseTargetSampleRate() hiFiState 0 isDeviceSupportHiFi 0 sampleRate 48000 targetSampleRate 48000
06-17 22:18:56.225  1610 25257 D AudioALSACaptureDataProviderEchoRef: open(), audio_format = 1, output_device=0x2, audio_channel_mask=c, num_channels=2, sample_rate=48000, buf_total_latency=160ms
06-17 22:18:56.225  1610 25257 D AudioALSACaptureDataProviderEchoRef: open(), format = 0, channels=2, rate=48000, period_size=960, period_count=8,latency=20,kReadBufferSize=3840
06-17 22:18:56.225  1610 25259 D AudioALSACaptureDataProviderNormal: +readThread(), pid: 1610, tid: 25259, kReadBufferSize=0xf00, open_index=114, UPLINK_SET_AMICDCC_BUFFER_TIME_MS = 80, counter=1 
06-17 22:18:56.225  1610 25257 D AudioALSADeviceParser: compare pcm success = 9, stringpair = DL1_AWB_Record
06-17 22:18:56.226  1610 25257 D AudioALSACaptureDataClientAurisysNormal: mLatency 20, mRawDataPeriodBufSize 3840, mProcessedDataPeriodBufSize 3528, mEchoRefDataPeriodBufSize 3840, stream_attribute_target->audio_format = 1 mStreamAttributeSource->audio_format = 4
06-17 22:18:56.226  1610 25260 D AudioALSACaptureDataProviderEchoRef: +readThread(), pid: 1610, tid: 25260, kReadBufferSize=f00
06-17 22:18:56.227  1291  1291 I Camera2ClientBase: Camera 0: Opened. Client: com.meeting.srt (PID 24239, UID 10569)
06-17 22:18:56.228  1291  1291 W libc    : Access denied finding property "persist.vendor.camera.privapp.list"
06-17 22:18:56.228  1291  1291 I CameraDeviceClient: CameraDeviceClient 0: Opened
06-17 22:18:56.228  1291  1291 I CameraService: makeClient: Camera2 API, override to portrait 0
06-17 22:18:56.228  1610 25257 D AudioALSACaptureDataClientAurisysNormal: isNeedSyncPcmStart, read thread ready! pcm start
06-17 22:18:56.228  1610 25257 D AudioMTKGainController: +SetCaptureGain(), mode=0, source=1, input device=0x80000004, output device=0x2
06-17 22:18:56.228  1610 25260 D AudioALSACaptureDataProviderBase: pcm_start
06-17 22:18:56.229  1610 25257 D AudioALSACaptureDataClientAurisysNormal: CreateAurisysLibManager(), voip: 0, HDR record: 0,low_latency: 0, aec: 1, input_source: 1, flag: 0x0 => mAurisysScenario: 3
06-17 22:18:56.229  1610 25257 D aurisys_utility: input dev: 0x80000004, fmt = 0x4, fs: 48000, max fs: 48000, ch: 1, max ch: 1, ch maks: 0x10, hw_info_mask: 0x0; output dev: 0x2, fmt = 0x0, fs: 0, max fs: 48000, ch: 0, max ch: 2, ch maks: 0x0, hw_info_mask: 0x0; task_scene: 3, audio_mode: 0, stream_type: 0, output_flags: 0x0, input_source: 1, input_flags: 0x0; network_info: 0, enhancement_feature_mask: 0x0
06-17 22:18:56.229  1610 25257 D AudioUtility: setupCustomInfoStr(), custom_info = "SetAudioCustomScene=;", (scene = , vol_level = -1, bt_codec = -1)
06-17 22:18:56.229  1610 25257 D aurisys_utility: lib, working fs: 48000, fmt: 0x4, frame = 20, b_interleave = 0, num_ul_ref_buf_array = 0, num_dl_ref_buf_array = 0
06-17 22:18:56.229  1610 25257 D aurisys_utility: ul in[type:0], ch: 1, ch_mask: 0x10, buf fs: 48000, buf content fs: 48000, fmt: 0x4; ul out[type:1], ch: 1, ch_mask: 0x10, buf fs: 48000, buf content fs: 48000, fmt: 0x4
06-17 22:18:56.229  1610 25257 D android.hardware.audio.service.mediatek: get_custom_info_value(), cusom_info = SetAudioCustomScene=;, key= SetAudioCustomScene, ret = 0, ptr = 0xe5848cd8, value_str = , max_value_str_leng = 64
06-17 22:18:56.229  1610 25257 D android.hardware.audio.service.mediatek: categoryPath = Scene,Default,Application,SndRecNormal,Profile,Handset, custom_scene = Default
06-17 22:18:56.229  1610 25257 D android.hardware.audio.service.mediatek: parm_WB[ 0]=0, 479, 16388, 36895, 36911, 8192, 1152, 0, 36816, 197
06-17 22:18:56.229  1610 25257 D android.hardware.audio.service.mediatek: ,parm_WB[10]=611, 0, 0, 0, 0, 8192, 0, 0, 0
06-17 22:18:56.229  1610 25257 D android.hardware.audio.service.mediatek: ,parm_WB[32]=0, parm_WB[47]=0
06-17 22:18:56.229  1610 25257 D android.hardware.audio.service.mediatek: comm_parm[ 0]=0, 55997, 31000, 10752, 32769, 0, 0, 0, 0, 0, 0, 0
06-17 22:18:56.229  1610 25257 D android.hardware.audio.service.mediatek: [=coef=]Compen_filter_WB: p[0]=32767, p[1]=0, p[2]=0, p[3]=0, p[4]=0
06-17 22:18:56.229  1610 25257 D android.hardware.audio.service.mediatek: [=coef=]MIC1_IIR_COEF_UL_WB: p[0]=58178, p[1]=15521, p[2]=7644, p[3]=50248, p[4]=7644
06-17 22:18:56.229  1610 25257 D android.hardware.audio.service.mediatek: [=coef=]MIC2_IIR_COEF_UL_WB: p[0]=57527, p[1]=16194, p[2]=7884, p[3]=49768, p[4]=7884
06-17 22:18:56.229  1610 25257 D android.hardware.audio.service.mediatek: [=coef=]ENH_IIR_COEF_UL_WB: p[0]=0, p[1]=0, p[2]=0, p[3]=0, p[4]=0
06-17 22:18:56.229  1610 25257 D android.hardware.audio.service.mediatek: [=coef=]ENH_IIR_COEF_DL_WB: p[0]=0, p[1]=0, p[2]=0, p[3]=0, p[4]=0
06-17 22:18:56.229  1610 25257 D aurisys_lib_handler: aurisys_arsi_parsing_param_file(), gProductInfo "platform=MT6765,device=tdgsi_arm64_ab,model=TrebleDroid vanilla", file_path "/vendor/etc/audio_param", enhancement_mode 0, param_buf_size 15260, data_size 15260, custom_info SetAudioCustomScene=;
06-17 22:18:56.230  1291  1291 I CameraService: onTorchStatusChangedLocked: Torch status changed for cameraId=0, newStatus=0
06-17 22:18:56.231  1291  2601 D Camera2ClientBase: Camera 0: start to disconnect
06-17 22:18:56.231  1291  2601 D Camera2ClientBase: Camera 0: serializationLock acquired
06-17 22:18:56.231  1291  2601 D Camera2ClientBase: Camera 0: Shutting down
06-17 22:18:56.231  1291  2601 I Camera3-Device: disconnectImpl: E
06-17 22:18:56.231  1291  2601 I Camera2ClientBase: Closed Camera 0. Client was: com.meeting.srt (PID 24239, UID 10569)
06-17 22:18:56.231  1366 10473 I mtkcam-dev3: 0[CameraDevice3Impl::open] open camera3 device (device@3.6/internal/0) systraceLevel(1) instanceId(0) vid(0)
06-17 22:18:56.231  1366 10473 I mtkcam-dev3-hidl: [0-hidl-session::HidlCameraDeviceSession] ctor
06-17 22:18:56.231  1291  8621 D Camera2ClientBase: Camera 0: start to disconnect
06-17 22:18:56.231  1291  8621 D Camera2ClientBase: Camera 0: serializationLock acquired
06-17 22:18:56.231  1291  8621 D Camera2ClientBase: Camera 0: Shutting down
06-17 22:18:56.231  1291  8621 I Camera3-Device: disconnectImpl: E
06-17 22:18:56.231  1291  8621 I Camera2ClientBase: Closed Camera 0. Client was: com.meeting.srt (PID 24239, UID 10569)
06-17 22:18:56.231  1291  2601 I Camera3-Device: disconnectImpl: E
06-17 22:18:56.231  1291  2601 I Camera3DeviceInjectionMethods: injectionDisconnectImpl: Injection camera disconnect
06-17 22:18:56.231  1366 10473 I mtkcam-dev3-hidl: [0-hidl-session::initialize] FMQ request size : 2097152, result size : 16777216
06-17 22:18:56.232  1366 10473 I mtkcam-dev3: [0-session::open] +
06-17 22:18:56.232  1291  8621 I Camera3-Device: disconnectImpl: E
06-17 22:18:56.232  1291  8621 I Camera3DeviceInjectionMethods: injectionDisconnectImpl: Injection camera disconnect
06-17 22:18:56.233  1610 25257 D android.hardware.audio.service.mediatek: MTK_SP1 Soft. Version 1.1.17, 2019-03-04
06-17 22:18:56.233  1610 25257 D android.hardware.audio.service.mediatek: Current sample rate, 48000 
06-17 22:18:56.233  1366 10473 I mtkcam-devicemgr: [attachOpenDeviceLocked] device: device@3.6/internal/0 openTimestamp:06-17 22:18:56.233
06-17 22:18:56.233  1366 10473 I FlashHal: getTorchStatus(): torch status(0).
06-17 22:18:56.233  1366 10473 I FlashHal: getTorchStatus(): torch status(0).
06-17 22:18:56.233  1366 10473 I FlashHal: getTorchStatus(): torch status(0).
06-17 22:18:56.233  1366 10473 I FlashHal: getTorchStatus(): torch status(0).
06-17 22:18:56.233  1366 10473 I FlashHal: getTorchStatus(): torch status(0).
06-17 22:18:56.233  1610 25257 D aurisys_lib_handler: aurisys_arsi_create_handler(), lib_name mtk_speech_enh, 0xe9347990, memory_size 2731328, arsi_handler 0xe4ec22c0, retval 0x0
06-17 22:18:56.233  1610 25257 D aurisys_lib_manager: UL Lib, lib_name mtk_speech_enh, 0xe9347990, sample_rate: 48000 => 48000, num_channels: 1 => 1, audio_format: 0x4 => 0x4, interleave: 1 => 0, frame: 0 => 20
06-17 22:18:56.233  1610 25257 D aurisys_lib_manager: UL out, sample_rate: 48000 => 44100, num_channels: 1 => 2, audio_format: 0x4 => 0x1, interleave: 0 => 1, frame: 20 => 0
06-17 22:18:56.233  1366 10473 I mtkcam-AppStreamMgr: [0-CallbackHandler::CallbackHandler] enableMetaMerge 1, bEnableDejitter 1
06-17 22:18:56.233  1610 25259 D AudioALSACaptureDataProviderBase: pcm_start
06-17 22:18:56.233  1097  1151 I libPowerHal: cmdSetting - unknown cmd:1010100, scmd:(null) ,param_1:1
06-17 22:18:56.233  1097  1151 I libPowerHal: cmdSetting - unknown cmd:1404100, scmd:(null) ,param_1:1
06-17 22:18:56.233  1097  1151 I libPowerHal: cmdSetting - unknown cmd:2008400, scmd:(null) ,param_1:1
06-17 22:18:56.234  1610 25257 D aurisys_lib_handler: lib_name mtk_speech_enh, 0xe9347990, set ul_analog_gain_ref_only 96, ul_digital_gain 44, retval 0
06-17 22:18:56.234  1610 25257 D AudioPreProcess: addAudioEffect()+ this = 0xe8615010, effect = 0xeb4063f0
06-17 22:18:56.234  1610 25257 D AudioPreProcess: addAudioEffect(), effect type: 7b491460, effect name:Acoustic Echo Canceler
06-17 22:18:56.234  1610 25257 D AudioPreProcess: addAudioEffect(), StreamInAttributeinfo num_channels=2, audio_channel_mask=c, sample_rate=44100
06-17 22:18:56.234  1610 25257 D AudioPreProcess: addAudioEffect()-, RetStatus=0
06-17 22:18:56.234  1610 25257 D AudioPreProcess: addAudioEffect()+ this = 0xe8615010, effect = 0xeb4069f0
06-17 22:18:56.234  1610 25257 D AudioPreProcess: addAudioEffect(), effect type: 58b4b260, effect name:Noise Suppression
06-17 22:18:56.234  1610 25257 D AudioPreProcess: addAudioEffect(), StreamInAttributeinfo num_channels=2, audio_channel_mask=c, sample_rate=44100
06-17 22:18:56.234  1610 25257 D AudioPreProcess: addAudioEffect()-, RetStatus=0
06-17 22:18:56.234  1610 25257 D AudioALSACaptureDataClientAurisysNormal: AudioALSACaptureDataClientAurisysNormal(-), drop_ms = 60, mDropPopSize = 10584
06-17 22:18:56.234  1610 25257 D AudioALSACaptureHandlerAEC: -open()
06-17 22:18:56.234  1610 25257 D AudioALSAStreamIn: open(), Set RawStartFrameCount = 0
06-17 22:18:56.234  1610 25257 D AudioALSAStreamIn: openWavDump(), mDumpFile is NULL
06-17 22:18:56.234  1366 10473 I mtkcam-AppStreamMgr: [0-FrameHandler::FrameHandler] IsDejitterEnabled = 1, EnableMetaPending = 1, EnableMetaHitched = 1
06-17 22:18:56.234  1291  2601 D Camera2ClientBase: Camera 0: start to disconnect
06-17 22:18:56.234  1291  2601 D Camera2ClientBase: Camera 0: serializationLock acquired
06-17 22:18:56.235  1291  2601 D Camera2ClientBase: Camera 0: Shutting down
06-17 22:18:56.235  1291  2601 I Camera3-Device: disconnectImpl: E
06-17 22:18:56.235  1291  2601 I Camera2ClientBase: Closed Camera 0. Client was: com.meeting.srt (PID 24239, UID 10569)
06-17 22:18:56.235  1291  2601 I Camera3-Device: disconnectImpl: E
06-17 22:18:56.235  1291  2601 I Camera3DeviceInjectionMethods: injectionDisconnectImpl: Injection camera disconnect
06-17 22:18:56.235  1366 25269 I mtkcam-DeviceAdapter: 0[HalDeviceAdapter::powerOn] powerOn +
06-17 22:18:56.235  1366 25269 I Drv/HWsync: Drv/HWsync[init] +, user&cnt(HW_SYNC_USER_AE,0),srIdxNum(0)
06-17 22:18:56.235  1366 25269 I Drv/HWsync: Drv/HWsync[init] mAECyclePeriod(3)
06-17 22:18:56.235  1366 25269 W nvbuf_util.cpp: [getInstance:403] getInstance, bInit(1)
06-17 22:18:56.235  1366 25269 W nvbuf_util.cpp: [getBufAndReadNoLock:691] ramId(1), sensorDev(1), p(0xb4000075b579b700), bForceRead(0) +
06-17 22:18:56.236  1366 10473 I mtkcam-dev3: [0-session::tryRunCommandLocked] Run command onOpenLocked -
06-17 22:18:56.236  1366 25269 W nvbuf_util.cpp: [getInstance:403] getInstance, bInit(1)
06-17 22:18:56.236  1366 25269 W nvbuf_util.cpp: [getBufAndReadNoLock:691] ramId(4), sensorDev(1), p(0xb4000075b0828b50), bForceRead(0) +
06-17 22:18:56.236  1366 25269 W nvbuf_util.cpp: [getInstance:403] getInstance, bInit(1)
06-17 22:18:56.236  1366 25269 W nvbuf_util.cpp: [getBufAndReadNoLock:691] ramId(0), sensorDev(1), p(0x0), bForceRead(0) +
06-17 22:18:56.236  1366 25269 E CAM_CUS_MSDK: CAM_CUS_MSDKErr:   136: Tuning select: software:<RF1>, carrier:<unknown>
06-17 22:18:56.236  1291  1291 I CameraProviderManager: Camera device device@3.6/internal/0 torch status is now NOT_AVAILABLE
06-17 22:18:56.236  1366 25269 I af_mgr_v3: AF-init           : + Dev 1
06-17 22:18:56.236  1291  1291 I CameraService: onTorchStatusChangedLocked: Torch status changed for cameraId=0, newStatus=0
06-17 22:18:56.236  1366 10473 I mtkcam-camprovider: [onTorchModeStatusChange] device@3.6/internal/0 TorchModeStatus:0
06-17 22:18:56.236  1291  1291 I CameraProviderManager: Camera device device@3.6/internal/2 torch status is now NOT_AVAILABLE
06-17 22:18:56.236  1291  1291 I CameraService: onTorchStatusChangedLocked: Torch status changed for cameraId=2, newStatus=0
06-17 22:18:56.237  1366 10473 I mtkcam-camprovider: [onTorchModeStatusChange] device@3.6/internal/2 TorchModeStatus:0
06-17 22:18:56.237  1291  1291 I CameraProviderManager: Camera device device@3.6/internal/3 torch status is now NOT_AVAILABLE
06-17 22:18:56.237  1291  1291 I CameraService: onTorchStatusChangedLocked: Torch status changed for cameraId=3, newStatus=0
06-17 22:18:56.237  1366 25269 D LaserDrv: Device error opening : No such file or directory
06-17 22:18:56.237  1366 10473 I mtkcam-camprovider: [onTorchModeStatusChange] device@3.6/internal/3 TorchModeStatus:0
06-17 22:18:56.237  1291  1291 I CameraProviderManager: Camera device device@3.6/internal/4 torch status is now NOT_AVAILABLE
06-17 22:18:56.237  1291  1291 I CameraService: onTorchStatusChangedLocked: Torch status changed for cameraId=4, newStatus=0
06-17 22:18:56.237  1366 10473 I mtkcam-camprovider: [onTorchModeStatusChange] device@3.6/internal/4 TorchModeStatus:0
06-17 22:18:56.238  1291  1291 I CameraProviderManager: Camera device device@3.6/internal/5 torch status is now NOT_AVAILABLE
06-17 22:18:56.238  1291  1291 I CameraService: onTorchStatusChangedLocked: Torch status changed for cameraId=5, newStatus=0
06-17 22:18:56.238  1366 25269 I af_mgr_v3: Dev(1):enable SensorProvider success for Gyro 
06-17 22:18:56.238  1366 25269 I af_mgr_v3: Dev(1):enable SensorProvider success for Acce 
06-17 22:18:56.238  1366 25269 I af_mgr_v3: AF-init           : EnAF 1, Algo(0xb4000072b4c42420), users 1
06-17 22:18:56.238  1366 25269 I af_mgr_v3: AF-init           : -
06-17 22:18:56.238  1366 25269 I FlashHal: init().
06-17 22:18:56.238  1366 10473 I mtkcam-camprovider: [onTorchModeStatusChange] device@3.6/internal/5 TorchModeStatus:0
06-17 22:18:56.238  1366 25269 I StrobeDrvFlashlightFops: openkd(): mUsers(1).
06-17 22:18:56.238  1366 25269 I StrobeDrvFlashlightFops: ioctl failed: type/ct (1,1) Inappropriate ioctl for device
06-17 22:18:56.238  1366 25269 E StrobeDrvFlashlight: getMaxDuty(): failed. (getMaxDuty){#266:vendor/mediatek/proprietary/hardware/mtkcam/aaa/source/mt6765/../common/strobe/strobe_drv_flashlight.cpp}
06-17 22:18:56.238  1366 25269 I StrobeDrvFlashlight: maxDuty:0
06-17 22:18:56.238  1366 25269 I StrobeDrvFlashlight: init(): mUsers(1).
06-17 22:18:56.238  1366 25269 I StrobeDrvFlashlightFops: ioctl failed: type/ct (1,1) Inappropriate ioctl for device
06-17 22:18:56.238  1366 25269 E StrobeDrvFlashlight: getMaxDuty(): failed. (getMaxDuty){#266:vendor/mediatek/proprietary/hardware/mtkcam/aaa/source/mt6765/../common/strobe/strobe_drv_flashlight.cpp}
06-17 22:18:56.238  1366 25269 I StrobeDrvFlashlight: lowPowerDetectStart(): duty(2).
06-17 22:18:56.238  1366 25269 I FlashMgrM: init().
06-17 22:18:56.238  1366 25269 D FLASH_ALGO: line=108: init(), gitVersion: $Rev: 4252 $
06-17 22:18:56.238  1366 25269 I FlashNvram: nvRead3A().
06-17 22:18:56.238  1366 25269 W nvbuf_util.cpp: [getInstance:403] getInstance, bInit(1)
06-17 22:18:56.238  1366 25269 W nvbuf_util.cpp: [getBufAndReadNoLock:691] ramId(1), sensorDev(1), p(0xb4000075b579b700), bForceRead(0) +
06-17 22:18:56.238  1366 25269 I FlashNvram: nvReadStrobe().
06-17 22:18:56.238  1366 25269 W nvbuf_util.cpp: [getInstance:403] getInstance, bInit(1)
06-17 22:18:56.238  1366 25269 W nvbuf_util.cpp: [getBufAndReadNoLock:691] ramId(5), sensorDev(1), p(0xb400007510227e90), bForceRead(0) +
06-17 22:18:56.238  1366 25269 I FlashNvram: nvReadFlashCali().
06-17 22:18:56.238  1366 25269 W nvbuf_util.cpp: [getInstance:403] getInstance, bInit(1)
06-17 22:18:56.238  1366 25269 W nvbuf_util.cpp: [getBufAndReadNoLock:691] ramId(12), sensorDev(1), p(0xb40000757024faa0), bForceRead(0) +
06-17 22:18:56.238  1366 25269 E CAM_CUS_MSDK: CAM_CUS_MSDKErr:   136: Tuning select: software:<RF1>, carrier:<unknown>
06-17 22:18:56.238  1366 25269 D flash_tuning_custom.cpp: paraIdx=0 aeSceneInd =2
06-17 22:18:56.238  1366 25269 D flash_tuning_custom.cpp: copyTuningPara main yTarget=188
06-17 22:18:56.238  1366 25269 E CAM_CUS_MSDK: CAM_CUS_MSDKErr:   136: Tuning select: software:<RF1>, carrier:<unknown>
06-17 22:18:56.238  1366 25269 I StrobeDrvFlashlightFops: ioctl failed: type/ct (1,1) Inappropriate ioctl for device
06-17 22:18:56.238  1366 25269 E StrobeDrvFlashlight: getMaxDuty(): failed. (getMaxDuty){#266:vendor/mediatek/proprietary/hardware/mtkcam/aaa/source/mt6765/../common/strobe/strobe_drv_flashlight.cpp}
06-17 22:18:56.238  1366 25269 E CAM_CUS_MSDK: CAM_CUS_MSDKErr:   136: Tuning select: software:<RF1>, carrier:<unknown>
06-17 22:18:56.238  1366 25269 I FlickerHal: init(). m_sensorDev(1)
06-17 22:18:56.238  1366 25269 I FlickerHal: init flicker custom adaptor.
06-17 22:18:56.238  1366 25269 I FlickerPlatformAdapter: createBuf(). Create buf success.
06-17 22:18:56.238  1366 25269 W nvbuf_util.cpp: [getInstance:403] getInstance, bInit(1)
06-17 22:18:56.238  1366 25269 W nvbuf_util.cpp: [getBufAndReadNoLock:691] ramId(0), sensorDev(1), p(0x0), bForceRead(0) +
06-17 22:18:56.239  1366 25269 E paramctrl_lifetime: open /proc/driver/thermal/clNR_status failed, disable NR cooler
06-17 22:18:56.239  1366 25269 E paramctrl_lifetime:  (Paramctrl){#256:vendor/mediatek/proprietary/hardware/mtkcam/aaa/source/mt6765/isp_tuning/paramctrl/paramctrl_lifetime.cpp}
