--------- beginning of system
06-17 22:18:28.411  1957 22986 D CompatibilityChangeReporter: Compat change id reported: 194532703; UID 1000; state: ENABLED
06-17 22:18:28.412  1957 22986 D CompatibilityChangeReporter: Compat change id reported: 194532703; UID 1000; state: DISABLED
06-17 22:18:29.278  1957 22986 D CoreBackPreview: Window{fb20011 u0 Splash Screen com.meeting.srt EXITING}: Setting back callback null
06-17 22:18:29.296  1957 22986 D CompatibilityChangeReporter: Compat change id reported: 214016041; UID 10569; state: ENABLED
06-17 22:18:29.314  1957  2192 D CoreBackPreview: Window{ecebc56 u0 fr.neamar.kiss/fr.neamar.kiss.MainActivity}: Setting back callback OnBackInvokedCallbackInfo{mCallback=android.window.IOnBackInvokedCallback$Stub$Proxy@9a88ba3, mPriority=0}
06-17 22:18:29.513  4871 11935 D PowerUI : can't show warning due to - plugged: true status unknown: false
06-17 22:18:29.532  4871 11936 D PowerUI : can't show warning due to - plugged: true status unknown: false
06-17 22:18:29.683  1957  1957 D BatterySaverPolicy: accessibility changed to true, updating policy.
06-17 22:18:29.858  4871  5734 D PowerUI : can't show warning due to - plugged: true status unknown: false
06-17 22:18:30.203  4871 11939 D PowerUI : can't show warning due to - plugged: true status unknown: false
06-17 22:18:30.228  4871 10633 D PowerUI : can't show warning due to - plugged: true status unknown: false
06-17 22:18:30.551  4871 11959 D PowerUI : can't show warning due to - plugged: true status unknown: false
06-17 22:18:30.572  4871 10985 D PowerUI : can't show warning due to - plugged: true status unknown: false
06-17 22:18:30.852  1957  1957 D BatterySaverPolicy: accessibility changed to false, updating policy.
06-17 22:18:34.527  4871  6873 D PowerUI : can't show warning due to - plugged: true status unknown: false
06-17 22:18:40.712  1957  4749 V CameraService_proxy: The activity is N or above and claims to support resizeable-activity. Crop-rotate-scale is disabled.
06-17 22:18:44.337  1957  4749 E AppOps  : Attribution not found: uid=10569 pkg=com.meeting.srt(null) op=RECORD_AUDIO
06-17 22:18:44.507  4871 11935 D PowerUI : can't show warning due to - plugged: true status unknown: false
06-17 22:18:44.526  4871 11936 D PowerUI : can't show warning due to - plugged: true status unknown: false
06-17 22:18:44.863  4871  5734 D PowerUI : can't show warning due to - plugged: true status unknown: false
06-17 22:18:44.881  4871 11939 D PowerUI : can't show warning due to - plugged: true status unknown: false
06-17 22:18:45.219  4871 10633 D PowerUI : can't show warning due to - plugged: true status unknown: false
06-17 22:18:45.236  4871 11959 D PowerUI : can't show warning due to - plugged: true status unknown: false
06-17 22:18:45.539  4871 10985 D PowerUI : can't show warning due to - plugged: true status unknown: false
06-17 22:18:45.548  4871  6873 D PowerUI : can't show warning due to - plugged: true status unknown: false
06-17 22:18:45.864  1957 23922 V CameraService_proxy: The activity is N or above and claims to support resizeable-activity. Crop-rotate-scale is disabled.
06-17 22:18:49.348  1957  4915 E AppOps  : Attribution not found: uid=10569 pkg=com.meeting.srt(null) op=RECORD_AUDIO
06-17 22:18:49.835  1957  4915 V CameraService_proxy: The activity is N or above and claims to support resizeable-activity. Crop-rotate-scale is disabled.
06-17 22:18:51.867  1957  4915 E AppOps  : Attribution not found: uid=10569 pkg=com.meeting.srt(null) op=RECORD_AUDIO
06-17 22:18:52.886  1957 23922 V CameraService_proxy: The activity is N or above and claims to support resizeable-activity. Crop-rotate-scale is disabled.
--------- beginning of main
06-17 22:18:54.687  1366 28812 E PQ      : [PQ][PQAshmem] getAshmemValueByAddr : get addr 0x72a179cffc = 0x00000000
06-17 22:18:54.687  1366 28812 E PQ      : [PQ][PQAshmem] getAshmemValueByAddr : get addr 0x72a179cffc = 0x00000000
06-17 22:18:54.687  1366 28812 E MDP     : [PQ][PQRSZAdaptor(0)] MEDIA_ISP_CAPTURE
06-17 22:18:54.687  1366 28812 E PQ      : [PQ][PQAshmem] getAshmemValueByAddr : get addr 0x72a179affc = 0x00000000
06-17 22:18:54.687  1366 28812 E PQ      : [PQ][PQAshmem] getAshmemValueByAddr : get addr 0x72a179affc = 0x00000000
06-17 22:18:54.687  1366 28812 E PQ      : [PQ][PQAshmem] getAshmemValueByAddr : get addr 0x72a179affc = 0x00000000
06-17 22:18:54.687  1366 28812 E MDP     : [PQ][PQRSZAdaptor(0)] calRegs: m_identifier[0]
06-17 22:18:54.687  1366 28812 E MDP     : [PQ][PQRSZAdaptor(0)] PRZ_control_1 = 2270113, RSZ_horizontal_coeff_step = 8000, RSZ_vertical_coeff_step = fd2ee
06-17 22:18:54.687  1366 28812 E MDP     : [PQ][PQRSZAdaptor(0)] tapAdaptEnable = 0, TapAdaptSlope = 8
06-17 22:18:54.688  1366 25113 D isp_tuning_custom: [evaluate_Shading_Ratio] sensorid(14561), preSensorId(14561), eSensorMode(0), preSensorMode(0), isSensorOrModeSwitch(0), isInit(0)
06-17 22:18:54.688  1366 25113 D isp_tuning_custom: [iso_smooth][ISO smooth enabled][ISO idx(35054)]avgISO = 650.
06-17 22:18:54.688  1366 25113 D isp_tuning_custom: [RA_smooth][RA smooth][frm idx(35054)] rto for iso(30), prev_rto(30),RA_incremental_step(2), smoothed ratio(30)
06-17 22:18:54.688  1366 25113 D isp_tuning_custom: xmy-sensor 14561,ratio 30,iso 650
06-17 22:18:54.689  1366 25113 W TuningMgr: TuningMgr[updateEngine] WARNING: [temp log] AF enable(1_0x100e02e0_0x808001e8)
06-17 22:18:54.698  1291 25136 E IMGMapper: set:481 Failed to decode data for type SMPTE2086
06-17 22:18:54.698  1082 25086 E VDO_LOG : [tid: 30][WARNING] h264_enc_getParameter -258895408 not supported
06-17 22:18:54.698  1291 25136 E IMGMapper: set:481 Failed to decode data for type CTA861_3
06-17 22:18:54.698  1082 25086 E VDO_LOG : [tid: 30][WARNING] h264_enc_getParameter 0 not supported
06-17 22:18:54.698  1082 25086 E VDO_LOG : [tid: 34][WARNING] h264_enc_getParameter 0 not supported
06-17 22:18:54.703 24239 24632 I SrtSender: wrote PSI packet, size 204
06-17 22:18:54.704 24239 25100 E IMGMapper: set:481 Failed to decode data for type SMPTE2086
06-17 22:18:54.704  1366 25220 D AfAlgo  : down maxOffset=31 maxCompLevel=31, cutOffset=5, maxOffset=31 offset -21, level 21, cut offset 5, x/y/z/g=-362/616/670/979
06-17 22:18:54.704 24239 25100 E IMGMapper: set:481 Failed to decode data for type CTA861_3
06-17 22:18:54.705 24239 24632 I SrtSender: wrote PSI packet, size 204
06-17 22:18:54.706 24239 24632 I SrtSender: wrote PSI packet, size 204
06-17 22:18:54.706  1366 25220 I af_mgr_v3: #(   49,   47) MoveLensTo Dev(1) DAC(660)
06-17 22:18:54.706  1610 25114 D AudioPreProcess: NativePreprocess: 3528 bytes, 882 frames, proc_buf_frames=0, mAPPS->num_preprocessors=2,num_channel=2
06-17 22:18:54.706 24239 24632 I SrtSender: wrote VIDEO packet, size 204
06-17 22:18:54.707 24239 25100 E IMGMapper: set:481 Failed to decode data for type SMPTE2086
06-17 22:18:54.707 24239 25100 E IMGMapper: set:481 Failed to decode data for type CTA861_3
06-17 22:18:54.710 24239 24632 I SrtSender: wrote AUDIO packet, size 580
06-17 22:18:54.712  1082 25088 E PQ      : [PQ][PQSessionManager] createPQSession(0) user(0xe968c030)
06-17 22:18:54.712  1082 25088 E PQ      : [PQ][PQSessionManager] Duplicated ID[0] found, please check if double createPQSession!
06-17 22:18:54.712  1082 25088 E PQ      : [PQ][PQSessionManager] getPQSessionListHandle id[0] 
06-17 22:18:54.712  1082 25088 E PQ      : [PQ][PQSession] incRefCount id[0] user[0xe968c030] existed
06-17 22:18:54.713  1082 25088 E PQ      : [PQ][PQSession] incRefCount id[0] user[0xe968c030] numOfUser[1]
06-17 22:18:54.713  1082 25088 E PQ      : [PQ][PQAshmem] getAshmemValueByOffset : get offset 0x00000040 = 0x00000000
06-17 22:18:54.713  1082 25088 E PQ      : [PQ][PQSession] setPQParam() id[0] enable[0], scenario[1]
06-17 22:18:54.713  1082 25088 E PQ      : [PQ][PQAshmem] getAshmemValueByOffset : get offset 0x00000014 = 0x00000001
06-17 22:18:54.713  1082 25088 E PQ      : [PQ][PQDCConfig] PQDCConfig::getEnableStatus = 1 
06-17 22:18:54.713  1082 25088 E PQ      : [PQ][PQAshmem] getAshmemValueByOffset : get offset 0x00000014 = 0x00000001
06-17 22:18:54.713  1082 25088 E PQ      : [PQ][PQDCConfig] getAshmemContext(DC_ENABLE) = 1 
06-17 22:18:54.713  1082 25088 E PQ      : [PQ][PQColorConfig] m_ColorMode = 1 
06-17 22:18:54.713  1082 25088 E PQ      : [PQ][PQAshmem] getAshmemValueByOffset : get offset 0x00000024 = 0x00000001
06-17 22:18:54.713  1082 25088 E PQ      : [PQ][PQAshmem] getAshmemValueByOffset : get offset 0x00000010 = 0x00000001
06-17 22:18:54.713  1082 25088 E PQ      : [PQ][PQColorConfig] PQColorConfig::getEnableStatus = 1 
06-17 22:18:54.713  1082 25088 E PQ      : [PQ][PQColorConfig] m_ColorTableInit 1
06-17 22:18:54.713  1082 25088 E PQ      : [PQ][PQAshmem] getAshmemValueByOffset : get offset 0x00000024 = 0x00000001
06-17 22:18:54.713  1082 25088 E PQ      : [PQ][PQColorConfig] getAshmemContext(CONTENT_COLOR_ENABLE) = 1 
06-17 22:18:54.713  1082 25088 E PQ      : [PQ][PQAshmem] getAshmemValueByOffset : get offset 0x00000010 = 0x00000001
06-17 22:18:54.713  1082 25088 E PQ      : [PQ][PQColorConfig] getAshmemContext(VIDEO_CONTENT_COLOR_ENABLE) = 1 
06-17 22:18:54.713  1082 25088 E PQ      : [PQ]PQDSConfig::getEnableStatus check1  time 0 ms
06-17 22:18:54.713  1082 25088 E PQ      : [PQ][PQAshmem] getAshmemValueByOffset : get offset 0x00000008 = 0x00000001
06-17 22:18:54.713  1082 25088 E PQ      : [PQ][PQDSConfig] PQDSConfig::getEnableStatus = 1 
06-17 22:18:54.713  1082 25088 E PQ      : [PQ][PQDSConfig] m_TDSHPTableInit 1
06-17 22:18:54.713  1082 25088 E PQ      : [PQ][PQAshmem] getAshmemValueByOffset : get offset 0x00000008 = 0x00000001
06-17 22:18:54.713  1082 25088 E PQ      : [PQ][PQDSConfig] getAshmemContext(SHP_ENABLE) = 1 
06-17 22:18:54.713  1082 25088 E PQ      : [PQ]PQDSConfig::getEnableStatus check2  time 0 ms
06-17 22:18:54.713  1082 25088 E PQ      : [PQ][PQAshmem] getAshmemValueByOffset : get offset 0x0000001c = 0x00000001
06-17 22:18:54.713  1082 25088 E PQ      : [PQ][PQDSConfig] PQDSConfig::getUREnableStatus = 1 
06-17 22:18:54.713  1082 25088 E PQ      : [PQ][PQSession] setDpPqConfig m_svp = 0, enDRE = 0
06-17 22:18:54.713  1082 25088 E PQ      : [PQ] setPQParam globalPQSupport = [0] globalPQSwitch = [0] globalPQStrength = [0] globalPQType = [0]
06-17 22:18:54.713  1082 25088 E PQ      : [PQ][PQSession] getDpPqConfig() id[0] enable[0], scenario[1]
06-17 22:18:54.713  1082 25088 E PQ      : [PQ][PQSession] getDpPqConfig() enSharp[0] enDC[0] enColor[0] enHDR[0] enUR[0] enReFocus[0] enCcorr[0] enDRE[0] enHFG[0]
06-17 22:18:54.719  1082 25087 D VCodec  : [Config] Config Lookup Not Found: mtk.venc.max.qp
06-17 22:18:54.719  1082 25087 D VCodec  : [Config] Config Lookup Not Found: mtk.venc.min.qp
06-17 22:18:54.719  1082 25087 D VCodec  : [Config] Config Lookup Not Found: mtk.venc.ip.qpdelta
06-17 22:18:54.719  1366 25194 E PQ      : [PQ][PQSessionManager] createPQSession(3000ee5900010001) user(0xb4000075b0c7e550)
06-17 22:18:54.720  1366 25194 E PQ      : [PQ][PQSessionManager] Duplicated ID[3000ee5900010001] found, please check if double createPQSession!
06-17 22:18:54.720  1366 25194 E PQ      : [PQ][PQSessionManager] getPQSessionListHandle id[3000ee5900010001] 
06-17 22:18:54.720  1366 25194 E PQ      : [PQ][PQSessionManager] getPQSessionListHandle, find id[3000ee5900010001] 
06-17 22:18:54.720  1366 25194 E PQ      : [PQ][PQSession] incRefCount id[3000ee5900010001] user[0xb4000075b0c7e550] existed
06-17 22:18:54.720  1366 25194 E PQ      : [PQ][PQSession] incRefCount id[3000ee5900010001] user[0xb4000075b0c7e550] numOfUser[1]
06-17 22:18:54.720  1366 25194 E PQ      : [PQ][PQAshmem] getAshmemValueByOffset : get offset 0x00000040 = 0x00000000
06-17 22:18:54.720  1366 25194 E PQ      : [PQ][PQSession] setPQParam() id[3000ee5900010001] enable[0], scenario[65537]
06-17 22:18:54.720  1366 25194 E PQ      : [PQ][PQSession] setDpPqConfig m_svp = 0, enDRE = 0
06-17 22:18:54.720  1366 25194 E PQ      : [PQ][PQSession] Timestamp = [221852933], FrameNo = [45], RequestNo = [45], enableDump = [0]
06-17 22:18:54.720  1366 25194 E PQ      : [PQ][PQSession] PQParam.u.isp.lensId = [0]
06-17 22:18:54.720  1366 25194 E PQ      : [PQ][PQSession] ispScenarioIndex = [0]
06-17 22:18:54.720  1366 25194 E PQ      : [PQ][PQSession] m_pPQSessionHandle->PQParam.u.isp.isIspScenario = [0], m_pPQSessionHandle->PQParam.u.isp.ispScenario = [0]
06-17 22:18:54.720  1366 25194 E PQ      : [PQ][PQSession] getDpPqConfig() id[3000ee5900010001] enable[0], scenario[65537]
06-17 22:18:54.720  1366 25194 E PQ      : [PQ][PQSession] getDpPqConfig() enSharp[0] enDC[0] enColor[0] enHDR[0] enUR[0] enReFocus[0] enCcorr[0] enDRE[0] enHFG[0]
06-17 22:18:54.720  1366 28812 E PQ      : [PQ][PQSessionManager] PQSessionManager::getPQSession id[3000ee5900010001]
06-17 22:18:54.720  1366 28812 E PQ      : [PQ][PQSessionManager] getPQSessionListHandle id[3000ee5900010001] 
06-17 22:18:54.720  1366 28812 E PQ      : [PQ][PQSessionManager] getPQSessionListHandle, find id[3000ee5900010001] 
06-17 22:18:54.720  1366 25113 I Hal3ARaw: [122311294] SEC data.0304, Dev(1) i4FrameNum(48) MasterIdx = 0, SlaveIdx = 0, m_bIsSkipSync3A(0) rNewParam(0,0,0)(0,0)
06-17 22:18:54.720  1366 28812 E PQ      : [PQ]PQSession::setPipeNum m_PipeNum[1] value[1]
06-17 22:18:54.720  1366 28812 E MDP     : [PQ][PQRSZAdaptor(0)] calRegs PQParam
06-17 22:18:54.720  1366 28812 E PQ      : [PQ][PQSession] getDpPqConfig() id[3000ee5900010001] enable[0], scenario[65537]
06-17 22:18:54.720  1366 28812 E PQ      : [PQ][PQSession] getDpPqConfig() enSharp[0] enDC[0] enColor[0] enHDR[0] enUR[0] enReFocus[0] enCcorr[0] enDRE[0] enHFG[0]
06-17 22:18:54.720  1366 28812 E PQ      : [PQ][PQAshmem] getAshmemValueByOffset : get offset 0x0000001c = 0x00000001
06-17 22:18:54.720  1366 28812 E PQ      : [PQ][PQRSZConfig] PQRSZConfig::getUREnableStatus = 1 
06-17 22:18:54.720  1366 28812 E PQ      : [PQ][PQAshmem] getAshmemValueByOffset : get offset 0x00000088 = 0x00000000
06-17 22:18:54.720  1366 28812 E PQ      : [PQ][PQAshmem] getAshmemValueByAddr : get addr 0x72a1798ffc = 0x00000000
06-17 22:18:54.720  1366  1931 E camiopipe: [vendor/mediatek/proprietary/hardware/mtkcam/drv/src/isp/mt6765/imageio/pipe/CamIOPipe/CamIOPipe.cpp, sendCommand, line3831] ERROR: [0x0]:NOT support command! (sendCommand){#3831:vendor/mediatek/proprietary/hardware/mtkcam/drv/src/isp/mt6765/imageio/pipe/CamIOPipe/CamIOPipe.cpp}
06-17 22:18:54.720  1366 28812 E PQ      : [PQ][PQAshmem] getAshmemValueByAddr : get addr 0x72a1798ffc = 0x00000000
06-17 22:18:54.720  1366  1931 E camiopipe: [vendor/mediatek/proprietary/hardware/mtkcam/drv/src/isp/mt6765/imageio/pipe/CamIOPipe/CamIOPipe.cpp, sendCommand, line3838] ERROR: [0x0]:sendCommand(0x1500) error! (sendCommand){#3838:vendor/mediatek/proprietary/hardware/mtkcam/drv/src/isp/mt6765/imageio/pipe/CamIOPipe/CamIOPipe.cpp}
06-17 22:18:54.720  1366 28812 E PQ      : [PQ][PQAshmem] getAshmemValueByAddr : get addr 0x72a179cffc = 0x00000000
06-17 22:18:54.720  1366  1931 E NormalPipe: [vendor/mediatek/proprietary/hardware/mtkcam/drv/src/isp/mt6765/iopipe/CamIO/NormalPipe.cpp, sendCommand, line3760] ERROR: error: sendCommand fail: (cmd,arg1,arg2,arg3)=(0x00001500,0x72B1BF87F0,0x72B1BF87F4,0xB40000751025503C) (sendCommand){#3760:vendor/mediatek/proprietary/hardware/mtkcam/drv/src/isp/mt6765/iopipe/CamIO/NormalPipe.cpp}
06-17 22:18:54.720  1366 28812 E PQ      : [PQ][PQAshmem] getAshmemValueByAddr : get addr 0x72a179cffc = 0x00000000
06-17 22:18:54.720  1366 28812 E MDP     : [PQ][PQRSZAdaptor(0)] MEDIA_ISP_CAPTURE
06-17 22:18:54.720  1366 28812 E PQ      : [PQ][PQAshmem] getAshmemValueByAddr : get addr 0x72a179affc = 0x00000000
06-17 22:18:54.720  1366 28812 E PQ      : [PQ][PQAshmem] getAshmemValueByAddr : get addr 0x72a179affc = 0x00000000
06-17 22:18:54.721  1366 28812 E PQ      : [PQ][PQAshmem] getAshmemValueByAddr : get addr 0x72a179affc = 0x00000000
06-17 22:18:54.721  1366 28812 E MDP     : [PQ][PQRSZAdaptor(0)] calRegs: m_identifier[0]
06-17 22:18:54.721  1366 28812 E MDP     : [PQ][PQRSZAdaptor(0)] PRZ_control_1 = 2270113, RSZ_horizontal_coeff_step = 8000, RSZ_vertical_coeff_step = fd2ee
06-17 22:18:54.721  1366 28812 E MDP     : [PQ][PQRSZAdaptor(0)] tapAdaptEnable = 0, TapAdaptSlope = 8
06-17 22:18:54.721  1366 25145 W LMVDrv  : [GetLMVStatusAndUpdate]Cannot find magicNum(0) in queue(0)
06-17 22:18:54.722  1366 25113 D isp_tuning_custom: [evaluate_Shading_Ratio] sensorid(14561), preSensorId(14561), eSensorMode(0), preSensorMode(0), isSensorOrModeSwitch(0), isInit(0)
06-17 22:18:54.722  1366 25113 D isp_tuning_custom: [iso_smooth][ISO smooth enabled][ISO idx(35055)]avgISO = 650.
06-17 22:18:54.722  1366 25113 D isp_tuning_custom: [RA_smooth][RA smooth][frm idx(35055)] rto for iso(30), prev_rto(30),RA_incremental_step(2), smoothed ratio(30)
06-17 22:18:54.722  1366 25113 D isp_tuning_custom: xmy-sensor 14561,ratio 30,iso 650
06-17 22:18:54.723  1366 25113 W TuningMgr: TuningMgr[updateEngine] WARNING: [temp log] AF enable(1_0x100e02e0_0x808001e8)
06-17 22:18:54.726  1610 25114 D AudioPreProcess: NativePreprocess: 3528 bytes, 882 frames, proc_buf_frames=0, mAPPS->num_preprocessors=2,num_channel=2
06-17 22:18:54.730  1291 25136 E IMGMapper: set:481 Failed to decode data for type SMPTE2086
06-17 22:18:54.730  1291 25136 E IMGMapper: set:481 Failed to decode data for type CTA861_3
06-17 22:18:54.734  1082 25086 E VDO_LOG : [tid: 30][WARNING] h264_enc_getParameter -258905168 not supported
06-17 22:18:54.734  1082 25086 E VDO_LOG : [tid: 30][WARNING] h264_enc_getParameter 0 not supported
06-17 22:18:54.734  1082 25086 E VDO_LOG : [tid: 34][WARNING] h264_enc_getParameter 0 not supported
06-17 22:18:54.737 24239 25100 E IMGMapper: set:481 Failed to decode data for type SMPTE2086
06-17 22:18:54.737 24239 25100 E IMGMapper: set:481 Failed to decode data for type CTA861_3
06-17 22:18:54.737  1366 25220 W af_mgr_v3: pd result is not ready! statMagicNum(48)
06-17 22:18:54.738  1366 25220 D AfAlgo  : down maxOffset=31 maxCompLevel=31, cutOffset=5, maxOffset=31 offset -21, level 21, cut offset 5, x/y/z/g=-361/606/665/969
06-17 22:18:54.738  1366 25220 I af_mgr_v3: #(   50,   48) MoveLensTo Dev(1) DAC(640)
06-17 22:18:54.740 24239 24632 I SrtSender: wrote VIDEO packet, size 204
06-17 22:18:54.740 24239 25100 E IMGMapper: set:481 Failed to decode data for type SMPTE2086
06-17 22:18:54.740 24239 25100 E IMGMapper: set:481 Failed to decode data for type CTA861_3
06-17 22:18:54.745  1082 25088 E PQ      : [PQ][PQSessionManager] createPQSession(0) user(0xe968c030)
06-17 22:18:54.745  1082 25088 E PQ      : [PQ][PQSessionManager] Duplicated ID[0] found, please check if double createPQSession!
06-17 22:18:54.745  1082 25088 E PQ      : [PQ][PQSessionManager] getPQSessionListHandle id[0] 
06-17 22:18:54.745  1082 25088 E PQ      : [PQ][PQSession] incRefCount id[0] user[0xe968c030] existed
06-17 22:18:54.745  1082 25088 E PQ      : [PQ][PQSession] incRefCount id[0] user[0xe968c030] numOfUser[1]
06-17 22:18:54.745  1082 25088 E PQ      : [PQ][PQAshmem] getAshmemValueByOffset : get offset 0x00000040 = 0x00000000
06-17 22:18:54.745  1082 25088 E PQ      : [PQ][PQSession] setPQParam() id[0] enable[0], scenario[1]
06-17 22:18:54.745  1082 25088 E PQ      : [PQ][PQAshmem] getAshmemValueByOffset : get offset 0x00000014 = 0x00000001
06-17 22:18:54.745  1082 25088 E PQ      : [PQ][PQDCConfig] PQDCConfig::getEnableStatus = 1 
06-17 22:18:54.745  1082 25088 E PQ      : [PQ][PQAshmem] getAshmemValueByOffset : get offset 0x00000014 = 0x00000001
06-17 22:18:54.745  1082 25088 E PQ      : [PQ][PQDCConfig] getAshmemContext(DC_ENABLE) = 1 
06-17 22:18:54.745  1082 25088 E PQ      : [PQ][PQColorConfig] m_ColorMode = 1 
06-17 22:18:54.745  1082 25088 E PQ      : [PQ][PQAshmem] getAshmemValueByOffset : get offset 0x00000024 = 0x00000001
06-17 22:18:54.745  1082 25088 E PQ      : [PQ][PQAshmem] getAshmemValueByOffset : get offset 0x00000010 = 0x00000001
06-17 22:18:54.745  1082 25088 E PQ      : [PQ][PQColorConfig] PQColorConfig::getEnableStatus = 1 
06-17 22:18:54.745  1082 25088 E PQ      : [PQ][PQColorConfig] m_ColorTableInit 1
06-17 22:18:54.745  1082 25088 E PQ      : [PQ][PQAshmem] getAshmemValueByOffset : get offset 0x00000024 = 0x00000001
06-17 22:18:54.745  1082 25088 E PQ      : [PQ][PQColorConfig] getAshmemContext(CONTENT_COLOR_ENABLE) = 1 
06-17 22:18:54.745  1082 25088 E PQ      : [PQ][PQAshmem] getAshmemValueByOffset : get offset 0x00000010 = 0x00000001
06-17 22:18:54.745  1082 25088 E PQ      : [PQ][PQColorConfig] getAshmemContext(VIDEO_CONTENT_COLOR_ENABLE) = 1 
06-17 22:18:54.746  1082 25088 E PQ      : [PQ]PQDSConfig::getEnableStatus check1  time 0 ms
06-17 22:18:54.746  1082 25088 E PQ      : [PQ][PQAshmem] getAshmemValueByOffset : get offset 0x00000008 = 0x00000001
06-17 22:18:54.746  1082 25088 E PQ      : [PQ][PQDSConfig] PQDSConfig::getEnableStatus = 1 
06-17 22:18:54.746  1082 25088 E PQ      : [PQ][PQDSConfig] m_TDSHPTableInit 1
06-17 22:18:54.746  1082 25088 E PQ      : [PQ][PQAshmem] getAshmemValueByOffset : get offset 0x00000008 = 0x00000001
06-17 22:18:54.746  1082 25088 E PQ      : [PQ][PQDSConfig] getAshmemContext(SHP_ENABLE) = 1 
06-17 22:18:54.746  1082 25088 E PQ      : [PQ]PQDSConfig::getEnableStatus check2  time 0 ms
06-17 22:18:54.746  1082 25088 E PQ      : [PQ][PQAshmem] getAshmemValueByOffset : get offset 0x0000001c = 0x00000001
06-17 22:18:54.746  1082 25088 E PQ      : [PQ][PQDSConfig] PQDSConfig::getUREnableStatus = 1 
06-17 22:18:54.746  1082 25088 E PQ      : [PQ][PQSession] setDpPqConfig m_svp = 0, enDRE = 0
06-17 22:18:54.746  1082 25088 E PQ      : [PQ] setPQParam globalPQSupport = [0] globalPQSwitch = [0] globalPQStrength = [0] globalPQType = [0]
06-17 22:18:54.746  1082 25088 E PQ      : [PQ][PQSession] getDpPqConfig() id[0] enable[0], scenario[1]
06-17 22:18:54.746  1082 25088 E PQ      : [PQ][PQSession] getDpPqConfig() enSharp[0] enDC[0] enColor[0] enHDR[0] enUR[0] enReFocus[0] enCcorr[0] enDRE[0] enHFG[0]
06-17 22:18:54.746  1610 25114 D AudioPreProcess: NativePreprocess: 3528 bytes, 882 frames, proc_buf_frames=0, mAPPS->num_preprocessors=2,num_channel=2
06-17 22:18:54.752 24239 24632 I SrtSender: wrote AUDIO packet, size 580
06-17 22:18:54.752  1082 25087 D VCodec  : [Config] Config Lookup Not Found: mtk.venc.max.qp
06-17 22:18:54.752  1082 25087 D VCodec  : [Config] Config Lookup Not Found: mtk.venc.min.qp
06-17 22:18:54.752  1082 25087 D VCodec  : [Config] Config Lookup Not Found: mtk.venc.ip.qpdelta
06-17 22:18:54.754  1366 25113 I Hal3ARaw: [122311294] SEC data.0304, Dev(1) i4FrameNum(49) MasterIdx = 0, SlaveIdx = 0, m_bIsSkipSync3A(0) rNewParam(0,0,0)(0,0)
06-17 22:18:54.754  1366  1931 E camiopipe: [vendor/mediatek/proprietary/hardware/mtkcam/drv/src/isp/mt6765/imageio/pipe/CamIOPipe/CamIOPipe.cpp, sendCommand, line3831] ERROR: [0x0]:NOT support command! (sendCommand){#3831:vendor/mediatek/proprietary/hardware/mtkcam/drv/src/isp/mt6765/imageio/pipe/CamIOPipe/CamIOPipe.cpp}
06-17 22:18:54.754  1366  1931 E camiopipe: [vendor/mediatek/proprietary/hardware/mtkcam/drv/src/isp/mt6765/imageio/pipe/CamIOPipe/CamIOPipe.cpp, sendCommand, line3838] ERROR: [0x0]:sendCommand(0x1500) error! (sendCommand){#3838:vendor/mediatek/proprietary/hardware/mtkcam/drv/src/isp/mt6765/imageio/pipe/CamIOPipe/CamIOPipe.cpp}
06-17 22:18:54.754  1366  1931 E NormalPipe: [vendor/mediatek/proprietary/hardware/mtkcam/drv/src/isp/mt6765/iopipe/CamIO/NormalPipe.cpp, sendCommand, line3760] ERROR: error: sendCommand fail: (cmd,arg1,arg2,arg3)=(0x00001500,0x72B1BF87F0,0x72B1BF87F4,0xB4000075102455EC) (sendCommand){#3760:vendor/mediatek/proprietary/hardware/mtkcam/drv/src/isp/mt6765/iopipe/CamIO/NormalPipe.cpp}
06-17 22:18:54.754  1366 25145 W LMVDrv  : [GetLMVStatusAndUpdate]Cannot find magicNum(0) in queue(0)
06-17 22:18:54.754 24239 24632 I SrtSender: wrote AUDIO packet, size 580
06-17 22:18:54.755  1366 25194 E PQ      : [PQ][PQSessionManager] createPQSession(3000ee5900010001) user(0xb4000075b0c7e550)
06-17 22:18:54.755  1366 25194 E PQ      : [PQ][PQSessionManager] Duplicated ID[3000ee5900010001] found, please check if double createPQSession!
06-17 22:18:54.755  1366 25194 E PQ      : [PQ][PQSessionManager] getPQSessionListHandle id[3000ee5900010001] 
06-17 22:18:54.755  1366 25194 E PQ      : [PQ][PQSessionManager] getPQSessionListHandle, find id[3000ee5900010001] 
06-17 22:18:54.755  1366 25194 E PQ      : [PQ][PQSession] incRefCount id[3000ee5900010001] user[0xb4000075b0c7e550] existed
06-17 22:18:54.755  1366 25194 E PQ      : [PQ][PQSession] incRefCount id[3000ee5900010001] user[0xb4000075b0c7e550] numOfUser[1]
06-17 22:18:54.756  1366 25194 E PQ      : [PQ][PQAshmem] getAshmemValueByOffset : get offset 0x00000040 = 0x00000000
06-17 22:18:54.756  1366 25194 E PQ      : [PQ][PQSession] setPQParam() id[3000ee5900010001] enable[0], scenario[65537]
06-17 22:18:54.756  1366 25194 E PQ      : [PQ][PQSession] setDpPqConfig m_svp = 0, enDRE = 0
06-17 22:18:54.756  1366 25194 E PQ      : [PQ][PQSession] Timestamp = [221852933], FrameNo = [46], RequestNo = [46], enableDump = [0]
06-17 22:18:54.756  1366 25194 E PQ      : [PQ][PQSession] PQParam.u.isp.lensId = [0]
06-17 22:18:54.756  1366 25194 E PQ      : [PQ][PQSession] ispScenarioIndex = [0]
06-17 22:18:54.756  1366 25194 E PQ      : [PQ][PQSession] m_pPQSessionHandle->PQParam.u.isp.isIspScenario = [0], m_pPQSessionHandle->PQParam.u.isp.ispScenario = [0]
06-17 22:18:54.756  1366 25194 E PQ      : [PQ][PQSession] getDpPqConfig() id[3000ee5900010001] enable[0], scenario[65537]
06-17 22:18:54.756  1366 25194 E PQ      : [PQ][PQSession] getDpPqConfig() enSharp[0] enDC[0] enColor[0] enHDR[0] enUR[0] enReFocus[0] enCcorr[0] enDRE[0] enHFG[0]
06-17 22:18:54.756  1366 28812 E PQ      : [PQ][PQSessionManager] PQSessionManager::getPQSession id[3000ee5900010001]
06-17 22:18:54.756  1366 28812 E PQ      : [PQ][PQSessionManager] getPQSessionListHandle id[3000ee5900010001] 
06-17 22:18:54.756  1366 28812 E PQ      : [PQ][PQSessionManager] getPQSessionListHandle, find id[3000ee5900010001] 
06-17 22:18:54.756  1366 28812 E PQ      : [PQ]PQSession::setPipeNum m_PipeNum[1] value[1]
06-17 22:18:54.756  1366 28812 E MDP     : [PQ][PQRSZAdaptor(0)] calRegs PQParam
06-17 22:18:54.756  1366 28812 E PQ      : [PQ][PQSession] getDpPqConfig() id[3000ee5900010001] enable[0], scenario[65537]
06-17 22:18:54.756  1366 28812 E PQ      : [PQ][PQSession] getDpPqConfig() enSharp[0] enDC[0] enColor[0] enHDR[0] enUR[0] enReFocus[0] enCcorr[0] enDRE[0] enHFG[0]
06-17 22:18:54.756  1366 28812 E PQ      : [PQ][PQAshmem] getAshmemValueByOffset : get offset 0x0000001c = 0x00000001
06-17 22:18:54.756  1366 28812 E PQ      : [PQ][PQRSZConfig] PQRSZConfig::getUREnableStatus = 1 
06-17 22:18:54.756  1366 28812 E PQ      : [PQ][PQAshmem] getAshmemValueByOffset : get offset 0x00000088 = 0x00000000
06-17 22:18:54.756  1366 28812 E PQ      : [PQ][PQAshmem] getAshmemValueByAddr : get addr 0x72a1798ffc = 0x00000000
06-17 22:18:54.756  1366 28812 E PQ      : [PQ][PQAshmem] getAshmemValueByAddr : get addr 0x72a1798ffc = 0x00000000
06-17 22:18:54.756  1366 28812 E PQ      : [PQ][PQAshmem] getAshmemValueByAddr : get addr 0x72a179cffc = 0x00000000
06-17 22:18:54.756  1366 28812 E PQ      : [PQ][PQAshmem] getAshmemValueByAddr : get addr 0x72a179cffc = 0x00000000
06-17 22:18:54.756  1366 28812 E MDP     : [PQ][PQRSZAdaptor(0)] MEDIA_ISP_CAPTURE
06-17 22:18:54.756  1366 28812 E PQ      : [PQ][PQAshmem] getAshmemValueByAddr : get addr 0x72a179affc = 0x00000000
06-17 22:18:54.756  1366 25113 D isp_tuning_custom: [evaluate_Shading_Ratio] sensorid(14561), preSensorId(14561), eSensorMode(0), preSensorMode(0), isSensorOrModeSwitch(0), isInit(0)
06-17 22:18:54.757  1366 28812 E PQ      : [PQ][PQAshmem] getAshmemValueByAddr : get addr 0x72a179affc = 0x00000000
06-17 22:18:54.757  1366 28812 E PQ      : [PQ][PQAshmem] getAshmemValueByAddr : get addr 0x72a179affc = 0x00000000
06-17 22:18:54.757  1366 25113 D isp_tuning_custom: [iso_smooth][ISO smooth enabled][ISO idx(35056)]avgISO = 650.
06-17 22:18:54.757  1366 28812 E MDP     : [PQ][PQRSZAdaptor(0)] calRegs: m_identifier[0]
06-17 22:18:54.757  1366 25113 D isp_tuning_custom: [RA_smooth][RA smooth][frm idx(35056)] rto for iso(30), prev_rto(30),RA_incremental_step(2), smoothed ratio(30)
06-17 22:18:54.757  1366 28812 E MDP     : [PQ][PQRSZAdaptor(0)] PRZ_control_1 = 2270113, RSZ_horizontal_coeff_step = 8000, RSZ_vertical_coeff_step = fd2ee
06-17 22:18:54.757  1366 28812 E MDP     : [PQ][PQRSZAdaptor(0)] tapAdaptEnable = 0, TapAdaptSlope = 8
06-17 22:18:54.757  1366 25113 D isp_tuning_custom: xmy-sensor 14561,ratio 30,iso 650
06-17 22:18:54.757  1366 25113 W TuningMgr: TuningMgr[updateEngine] WARNING: [temp log] AF enable(1_0x100e02e0_0x808001e8)
06-17 22:18:54.766  1082 25086 E VDO_LOG : [tid: 30][WARNING] h264_enc_getParameter -258916336 not supported
06-17 22:18:54.767  1082 25086 E VDO_LOG : [tid: 30][WARNING] h264_enc_getParameter 0 not supported
06-17 22:18:54.767  1082 25086 E VDO_LOG : [tid: 34][WARNING] h264_enc_getParameter 0 not supported
06-17 22:18:54.767  1610 25114 D AudioPreProcess: NativePreprocess: 3528 bytes, 882 frames, proc_buf_frames=0, mAPPS->num_preprocessors=2,num_channel=2
06-17 22:18:54.767  1291 25136 E IMGMapper: set:481 Failed to decode data for type SMPTE2086
06-17 22:18:54.767  1291 25136 E IMGMapper: set:481 Failed to decode data for type CTA861_3
06-17 22:18:54.771  1366 25220 D AfAlgo  : down maxOffset=31 maxCompLevel=31, cutOffset=5, maxOffset=31 offset -21, level 21, cut offset 5, x/y/z/g=-360/600/668/967
06-17 22:18:54.773  1366 25220 I af_mgr_v3: #(   51,   49) MoveLensTo Dev(1) DAC(620)
06-17 22:18:54.774 24239 25100 E IMGMapper: set:481 Failed to decode data for type SMPTE2086
06-17 22:18:54.774 24239 25100 E IMGMapper: set:481 Failed to decode data for type CTA861_3
06-17 22:18:54.775 24239 24632 I SrtSender: wrote VIDEO packet, size 204
06-17 22:18:54.777 24239 25100 E IMGMapper: set:481 Failed to decode data for type SMPTE2086
06-17 22:18:54.777 24239 25100 E IMGMapper: set:481 Failed to decode data for type CTA861_3
06-17 22:18:54.782  1082 25088 E PQ      : [PQ][PQSessionManager] createPQSession(0) user(0xe968c030)
06-17 22:18:54.782  1082 25088 E PQ      : [PQ][PQSessionManager] Duplicated ID[0] found, please check if double createPQSession!
06-17 22:18:54.782  1082 25088 E PQ      : [PQ][PQSessionManager] getPQSessionListHandle id[0] 
06-17 22:18:54.782  1082 25088 E PQ      : [PQ][PQSession] incRefCount id[0] user[0xe968c030] existed
06-17 22:18:54.782  1082 25088 E PQ      : [PQ][PQSession] incRefCount id[0] user[0xe968c030] numOfUser[1]
06-17 22:18:54.782  1082 25088 E PQ      : [PQ][PQAshmem] getAshmemValueByOffset : get offset 0x00000040 = 0x00000000
06-17 22:18:54.782  1082 25088 E PQ      : [PQ][PQSession] setPQParam() id[0] enable[0], scenario[1]
06-17 22:18:54.782  1082 25088 E PQ      : [PQ][PQAshmem] getAshmemValueByOffset : get offset 0x00000014 = 0x00000001
06-17 22:18:54.782  1082 25088 E PQ      : [PQ][PQDCConfig] PQDCConfig::getEnableStatus = 1 
06-17 22:18:54.782  1082 25088 E PQ      : [PQ][PQAshmem] getAshmemValueByOffset : get offset 0x00000014 = 0x00000001
06-17 22:18:54.782  1082 25088 E PQ      : [PQ][PQDCConfig] getAshmemContext(DC_ENABLE) = 1 
06-17 22:18:54.782  1082 25088 E PQ      : [PQ][PQColorConfig] m_ColorMode = 1 
06-17 22:18:54.782  1082 25088 E PQ      : [PQ][PQAshmem] getAshmemValueByOffset : get offset 0x00000024 = 0x00000001
06-17 22:18:54.782  1082 25088 E PQ      : [PQ][PQAshmem] getAshmemValueByOffset : get offset 0x00000010 = 0x00000001
06-17 22:18:54.782  1082 25088 E PQ      : [PQ][PQColorConfig] PQColorConfig::getEnableStatus = 1 
06-17 22:18:54.782  1082 25088 E PQ      : [PQ][PQColorConfig] m_ColorTableInit 1
06-17 22:18:54.782  1082 25088 E PQ      : [PQ][PQAshmem] getAshmemValueByOffset : get offset 0x00000024 = 0x00000001
06-17 22:18:54.782  1082 25088 E PQ      : [PQ][PQColorConfig] getAshmemContext(CONTENT_COLOR_ENABLE) = 1 
06-17 22:18:54.782  1082 25088 E PQ      : [PQ][PQAshmem] getAshmemValueByOffset : get offset 0x00000010 = 0x00000001
06-17 22:18:54.782  1082 25088 E PQ      : [PQ][PQColorConfig] getAshmemContext(VIDEO_CONTENT_COLOR_ENABLE) = 1 
06-17 22:18:54.783  1082 25088 E PQ      : [PQ]PQDSConfig::getEnableStatus check1  time 0 ms
06-17 22:18:54.783  1082 25088 E PQ      : [PQ][PQAshmem] getAshmemValueByOffset : get offset 0x00000008 = 0x00000001
06-17 22:18:54.783  1082 25088 E PQ      : [PQ][PQDSConfig] PQDSConfig::getEnableStatus = 1 
06-17 22:18:54.783  1082 25088 E PQ      : [PQ][PQDSConfig] m_TDSHPTableInit 1
06-17 22:18:54.783  1082 25088 E PQ      : [PQ][PQAshmem] getAshmemValueByOffset : get offset 0x00000008 = 0x00000001
06-17 22:18:54.783  1082 25088 E PQ      : [PQ][PQDSConfig] getAshmemContext(SHP_ENABLE) = 1 
06-17 22:18:54.783  1082 25088 E PQ      : [PQ]PQDSConfig::getEnableStatus check2  time 0 ms
06-17 22:18:54.783  1082 25088 E PQ      : [PQ][PQAshmem] getAshmemValueByOffset : get offset 0x0000001c = 0x00000001
06-17 22:18:54.783  1082 25088 E PQ      : [PQ][PQDSConfig] PQDSConfig::getUREnableStatus = 1 
06-17 22:18:54.783  1082 25088 E PQ      : [PQ][PQSession] setDpPqConfig m_svp = 0, enDRE = 0
06-17 22:18:54.783  1082 25088 E PQ      : [PQ] setPQParam globalPQSupport = [0] globalPQSwitch = [0] globalPQStrength = [0] globalPQType = [0]
06-17 22:18:54.783  1082 25088 E PQ      : [PQ][PQSession] getDpPqConfig() id[0] enable[0], scenario[1]
06-17 22:18:54.783  1082 25088 E PQ      : [PQ][PQSession] getDpPqConfig() enSharp[0] enDC[0] enColor[0] enHDR[0] enUR[0] enReFocus[0] enCcorr[0] enDRE[0] enHFG[0]
06-17 22:18:54.786  1610 25114 D AudioPreProcess: NativePreprocess: 3528 bytes, 882 frames, proc_buf_frames=0, mAPPS->num_preprocessors=2,num_channel=2
06-17 22:18:54.788  1366 25113 I Hal3ARaw: [122311294] SEC data.0304, Dev(1) i4FrameNum(50) MasterIdx = 0, SlaveIdx = 0, m_bIsSkipSync3A(0) rNewParam(0,0,0)(0,0)
06-17 22:18:54.788  1366  1933 E camiopipe: [vendor/mediatek/proprietary/hardware/mtkcam/drv/src/isp/mt6765/imageio/pipe/CamIOPipe/CamIOPipe.cpp, sendCommand, line3831] ERROR: [0x0]:NOT support command! (sendCommand){#3831:vendor/mediatek/proprietary/hardware/mtkcam/drv/src/isp/mt6765/imageio/pipe/CamIOPipe/CamIOPipe.cpp}
06-17 22:18:54.788  1366  1933 E camiopipe: [vendor/mediatek/proprietary/hardware/mtkcam/drv/src/isp/mt6765/imageio/pipe/CamIOPipe/CamIOPipe.cpp, sendCommand, line3838] ERROR: [0x0]:sendCommand(0x1500) error! (sendCommand){#3838:vendor/mediatek/proprietary/hardware/mtkcam/drv/src/isp/mt6765/imageio/pipe/CamIOPipe/CamIOPipe.cpp}
06-17 22:18:54.788  1366  1933 E NormalPipe: [vendor/mediatek/proprietary/hardware/mtkcam/drv/src/isp/mt6765/iopipe/CamIO/NormalPipe.cpp, sendCommand, line3760] ERROR: error: sendCommand fail: (cmd,arg1,arg2,arg3)=(0x00001500,0x72AF9FE7F0,0x72AF9FE7F4,0xB40000751023AF0C) (sendCommand){#3760:vendor/mediatek/proprietary/hardware/mtkcam/drv/src/isp/mt6765/iopipe/CamIO/NormalPipe.cpp}
06-17 22:18:54.789  1366 25145 W LMVDrv  : [GetLMVStatusAndUpdate]Cannot find magicNum(0) in queue(0)
06-17 22:18:54.789  1366 25194 E PQ      : [PQ][PQSessionManager] createPQSession(3000ee5900010001) user(0xb4000075b0c7e550)
06-17 22:18:54.789  1366 25194 E PQ      : [PQ][PQSessionManager] Duplicated ID[3000ee5900010001] found, please check if double createPQSession!
06-17 22:18:54.789  1366 25194 E PQ      : [PQ][PQSessionManager] getPQSessionListHandle id[3000ee5900010001] 
06-17 22:18:54.789  1366 25194 E PQ      : [PQ][PQSessionManager] getPQSessionListHandle, find id[3000ee5900010001] 
06-17 22:18:54.789  1366 25194 E PQ      : [PQ][PQSession] incRefCount id[3000ee5900010001] user[0xb4000075b0c7e550] existed
06-17 22:18:54.789  1366 25194 E PQ      : [PQ][PQSession] incRefCount id[3000ee5900010001] user[0xb4000075b0c7e550] numOfUser[1]
06-17 22:18:54.789  1366 25194 E PQ      : [PQ][PQAshmem] getAshmemValueByOffset : get offset 0x00000040 = 0x00000000
06-17 22:18:54.789  1366 25194 E PQ      : [PQ][PQSession] setPQParam() id[3000ee5900010001] enable[0], scenario[65537]
06-17 22:18:54.789  1366 25194 E PQ      : [PQ][PQSession] setDpPqConfig m_svp = 0, enDRE = 0
06-17 22:18:54.789  1366 25194 E PQ      : [PQ][PQSession] Timestamp = [221852933], FrameNo = [47], RequestNo = [47], enableDump = [0]
06-17 22:18:54.789  1366 25194 E PQ      : [PQ][PQSession] PQParam.u.isp.lensId = [0]
06-17 22:18:54.789  1366 25194 E PQ      : [PQ][PQSession] ispScenarioIndex = [0]
06-17 22:18:54.789  1366 25194 E PQ      : [PQ][PQSession] m_pPQSessionHandle->PQParam.u.isp.isIspScenario = [0], m_pPQSessionHandle->PQParam.u.isp.ispScenario = [0]
06-17 22:18:54.789  1366 25194 E PQ      : [PQ][PQSession] getDpPqConfig() id[3000ee5900010001] enable[0], scenario[65537]
06-17 22:18:54.789  1366 25194 E PQ      : [PQ][PQSession] getDpPqConfig() enSharp[0] enDC[0] enColor[0] enHDR[0] enUR[0] enReFocus[0] enCcorr[0] enDRE[0] enHFG[0]
06-17 22:18:54.790  1366 25113 D isp_tuning_custom: [evaluate_Shading_Ratio] sensorid(14561), preSensorId(14561), eSensorMode(0), preSensorMode(0), isSensorOrModeSwitch(0), isInit(0)
06-17 22:18:54.790  1366 25113 D isp_tuning_custom: [iso_smooth][ISO smooth enabled][ISO idx(35057)]avgISO = 650.
06-17 22:18:54.790  1366 25113 D isp_tuning_custom: [RA_smooth][RA smooth][frm idx(35057)] rto for iso(30), prev_rto(30),RA_incremental_step(2), smoothed ratio(30)
06-17 22:18:54.790  1366 28812 E PQ      : [PQ][PQSessionManager] PQSessionManager::getPQSession id[3000ee5900010001]
06-17 22:18:54.790  1366 25113 D isp_tuning_custom: xmy-sensor 14561,ratio 30,iso 650
06-17 22:18:54.790  1366 28812 E PQ      : [PQ][PQSessionManager] getPQSessionListHandle id[3000ee5900010001] 
06-17 22:18:54.790  1366 28812 E PQ      : [PQ][PQSessionManager] getPQSessionListHandle, find id[3000ee5900010001] 
06-17 22:18:54.790  1366 28812 E PQ      : [PQ]PQSession::setPipeNum m_PipeNum[1] value[1]
06-17 22:18:54.790  1366 28812 E MDP     : [PQ][PQRSZAdaptor(0)] calRegs PQParam
06-17 22:18:54.790  1366 28812 E PQ      : [PQ][PQSession] getDpPqConfig() id[3000ee5900010001] enable[0], scenario[65537]
06-17 22:18:54.790  1366 28812 E PQ      : [PQ][PQSession] getDpPqConfig() enSharp[0] enDC[0] enColor[0] enHDR[0] enUR[0] enReFocus[0] enCcorr[0] enDRE[0] enHFG[0]
06-17 22:18:54.790  1366 28812 E PQ      : [PQ][PQAshmem] getAshmemValueByOffset : get offset 0x0000001c = 0x00000001
06-17 22:18:54.790  1366 28812 E PQ      : [PQ][PQRSZConfig] PQRSZConfig::getUREnableStatus = 1 
06-17 22:18:54.790  1366 28812 E PQ      : [PQ][PQAshmem] getAshmemValueByOffset : get offset 0x00000088 = 0x00000000
06-17 22:18:54.790  1366 28812 E PQ      : [PQ][PQAshmem] getAshmemValueByAddr : get addr 0x72a1798ffc = 0x00000000
06-17 22:18:54.790  1366 28812 E PQ      : [PQ][PQAshmem] getAshmemValueByAddr : get addr 0x72a1798ffc = 0x00000000
06-17 22:18:54.790  1366 28812 E PQ      : [PQ][PQAshmem] getAshmemValueByAddr : get addr 0x72a179cffc = 0x00000000
06-17 22:18:54.790  1366 28812 E PQ      : [PQ][PQAshmem] getAshmemValueByAddr : get addr 0x72a179cffc = 0x00000000
06-17 22:18:54.790  1366 28812 E MDP     : [PQ][PQRSZAdaptor(0)] MEDIA_ISP_CAPTURE
06-17 22:18:54.790  1366 28812 E PQ      : [PQ][PQAshmem] getAshmemValueByAddr : get addr 0x72a179affc = 0x00000000
06-17 22:18:54.790  1366 28812 E PQ      : [PQ][PQAshmem] getAshmemValueByAddr : get addr 0x72a179affc = 0x00000000
06-17 22:18:54.790  1366 28812 E PQ      : [PQ][PQAshmem] getAshmemValueByAddr : get addr 0x72a179affc = 0x00000000
06-17 22:18:54.790  1366 28812 E MDP     : [PQ][PQRSZAdaptor(0)] calRegs: m_identifier[0]
06-17 22:18:54.790  1366 28812 E MDP     : [PQ][PQRSZAdaptor(0)] PRZ_control_1 = 2270113, RSZ_horizontal_coeff_step = 8000, RSZ_vertical_coeff_step = fd2ee
06-17 22:18:54.790  1366 28812 E MDP     : [PQ][PQRSZAdaptor(0)] tapAdaptEnable = 0, TapAdaptSlope = 8
06-17 22:18:54.790  1366 25113 W TuningMgr: TuningMgr[updateEngine] WARNING: [temp log] AF enable(1_0x100e02e0_0x808001e8)
06-17 22:18:54.792  1082 25087 D VCodec  : [Config] Config Lookup Not Found: mtk.venc.max.qp
06-17 22:18:54.792  1082 25087 D VCodec  : [Config] Config Lookup Not Found: mtk.venc.min.qp
06-17 22:18:54.792  1082 25087 D VCodec  : [Config] Config Lookup Not Found: mtk.venc.ip.qpdelta
06-17 22:18:54.793 24239 24632 I SrtSender: wrote AUDIO packet, size 580
06-17 22:18:54.795 24239 24632 I SrtSender: wrote AUDIO packet, size 580
06-17 22:18:54.797 24239 24632 I SrtSender: wrote AUDIO packet, size 580
06-17 22:18:54.799 24239 24632 I SrtSender: wrote AUDIO packet, size 580
06-17 22:18:54.800  1291 25136 E IMGMapper: set:481 Failed to decode data for type SMPTE2086
06-17 22:18:54.800  1291 25136 E IMGMapper: set:481 Failed to decode data for type CTA861_3
06-17 22:18:54.801 24239 24632 I SrtSender: wrote AUDIO packet, size 580
06-17 22:18:54.805 24239 25100 E IMGMapper: set:481 Failed to decode data for type SMPTE2086
06-17 22:18:54.805 24239 25100 E IMGMapper: set:481 Failed to decode data for type CTA861_3
06-17 22:18:54.806  1366 25220 D AfAlgo  : down maxOffset=31 maxCompLevel=31, cutOffset=5, maxOffset=31 offset -21, level 21, cut offset 5, x/y/z/g=-359/610/670/974
06-17 22:18:54.807  1082 25086 E VDO_LOG : [tid: 30][WARNING] h264_enc_getParameter 16 not supported
06-17 22:18:54.807  1366 25220 I af_mgr_v3: #(   52,   50) MoveLensTo Dev(1) DAC(600)
06-17 22:18:54.807  1610 25114 D AudioPreProcess: NativePreprocess: 3528 bytes, 882 frames, proc_buf_frames=0, mAPPS->num_preprocessors=2,num_channel=2
06-17 22:18:54.807  1082 25086 E VDO_LOG : [tid: 30][WARNING] h264_enc_getParameter 0 not supported
06-17 22:18:54.807  1082 25086 E VDO_LOG : [tid: 34][WARNING] h264_enc_getParameter 0 not supported
06-17 22:18:54.808 24239 25100 E IMGMapper: set:481 Failed to decode data for type SMPTE2086
06-17 22:18:54.808 24239 25100 E IMGMapper: set:481 Failed to decode data for type CTA861_3
06-17 22:18:54.813  1082 25088 E PQ      : [PQ][PQSessionManager] createPQSession(0) user(0xe968c030)
06-17 22:18:54.813  1082 25088 E PQ      : [PQ][PQSessionManager] Duplicated ID[0] found, please check if double createPQSession!
06-17 22:18:54.813  1082 25088 E PQ      : [PQ][PQSessionManager] getPQSessionListHandle id[0] 
06-17 22:18:54.813  1082 25088 E PQ      : [PQ][PQSession] incRefCount id[0] user[0xe968c030] existed
06-17 22:18:54.813  1082 25088 E PQ      : [PQ][PQSession] incRefCount id[0] user[0xe968c030] numOfUser[1]
06-17 22:18:54.813  1082 25088 E PQ      : [PQ][PQAshmem] getAshmemValueByOffset : get offset 0x00000040 = 0x00000000
06-17 22:18:54.813  1082 25088 E PQ      : [PQ][PQSession] setPQParam() id[0] enable[0], scenario[1]
06-17 22:18:54.813  1082 25088 E PQ      : [PQ][PQAshmem] getAshmemValueByOffset : get offset 0x00000014 = 0x00000001
06-17 22:18:54.813  1082 25088 E PQ      : [PQ][PQDCConfig] PQDCConfig::getEnableStatus = 1 
06-17 22:18:54.813  1082 25088 E PQ      : [PQ][PQAshmem] getAshmemValueByOffset : get offset 0x00000014 = 0x00000001
06-17 22:18:54.813  1082 25088 E PQ      : [PQ][PQDCConfig] getAshmemContext(DC_ENABLE) = 1 
06-17 22:18:54.813  1082 25088 E PQ      : [PQ][PQColorConfig] m_ColorMode = 1 
06-17 22:18:54.813  1082 25088 E PQ      : [PQ][PQAshmem] getAshmemValueByOffset : get offset 0x00000024 = 0x00000001
06-17 22:18:54.813  1082 25088 E PQ      : [PQ][PQAshmem] getAshmemValueByOffset : get offset 0x00000010 = 0x00000001
06-17 22:18:54.813  1082 25088 E PQ      : [PQ][PQColorConfig] PQColorConfig::getEnableStatus = 1 
06-17 22:18:54.813  1082 25088 E PQ      : [PQ][PQColorConfig] m_ColorTableInit 1
06-17 22:18:54.813  1082 25088 E PQ      : [PQ][PQAshmem] getAshmemValueByOffset : get offset 0x00000024 = 0x00000001
06-17 22:18:54.813  1082 25088 E PQ      : [PQ][PQColorConfig] getAshmemContext(CONTENT_COLOR_ENABLE) = 1 
06-17 22:18:54.813  1082 25088 E PQ      : [PQ][PQAshmem] getAshmemValueByOffset : get offset 0x00000010 = 0x00000001
06-17 22:18:54.813  1082 25088 E PQ      : [PQ][PQColorConfig] getAshmemContext(VIDEO_CONTENT_COLOR_ENABLE) = 1 
06-17 22:18:54.813  1082 25088 E PQ      : [PQ]PQDSConfig::getEnableStatus check1  time 0 ms
06-17 22:18:54.813  1082 25088 E PQ      : [PQ][PQAshmem] getAshmemValueByOffset : get offset 0x00000008 = 0x00000001
06-17 22:18:54.813  1082 25088 E PQ      : [PQ][PQDSConfig] PQDSConfig::getEnableStatus = 1 
06-17 22:18:54.813  1082 25088 E PQ      : [PQ][PQDSConfig] m_TDSHPTableInit 1
06-17 22:18:54.813  1082 25088 E PQ      : [PQ][PQAshmem] getAshmemValueByOffset : get offset 0x00000008 = 0x00000001
06-17 22:18:54.813  1082 25088 E PQ      : [PQ][PQDSConfig] getAshmemContext(SHP_ENABLE) = 1 
06-17 22:18:54.813  1082 25088 E PQ      : [PQ]PQDSConfig::getEnableStatus check2  time 0 ms
06-17 22:18:54.813  1082 25088 E PQ      : [PQ][PQAshmem] getAshmemValueByOffset : get offset 0x0000001c = 0x00000001
06-17 22:18:54.813  1082 25088 E PQ      : [PQ][PQDSConfig] PQDSConfig::getUREnableStatus = 1 
06-17 22:18:54.813  1082 25088 E PQ      : [PQ][PQSession] setDpPqConfig m_svp = 0, enDRE = 0
06-17 22:18:54.813  1082 25088 E PQ      : [PQ] setPQParam globalPQSupport = [0] globalPQSwitch = [0] globalPQStrength = [0] globalPQType = [0]
06-17 22:18:54.813  1082 25088 E PQ      : [PQ][PQSession] getDpPqConfig() id[0] enable[0], scenario[1]
06-17 22:18:54.813  1082 25088 E PQ      : [PQ][PQSession] getDpPqConfig() enSharp[0] enDC[0] enColor[0] enHDR[0] enUR[0] enReFocus[0] enCcorr[0] enDRE[0] enHFG[0]
06-17 22:18:54.814 24239 24632 I SrtSender: wrote PSI packet, size 204
06-17 22:18:54.815 24239 24632 I SrtSender: wrote PSI packet, size 204
06-17 22:18:54.815 24239 24632 I SrtSender: wrote PSI packet, size 204
06-17 22:18:54.817 24239 24632 I SrtSender: wrote VIDEO packet, size 204
06-17 22:18:54.820  1082 25087 D VCodec  : [Config] Config Lookup Not Found: mtk.venc.max.qp
06-17 22:18:54.820  1082 25087 D VCodec  : [Config] Config Lookup Not Found: mtk.venc.min.qp
06-17 22:18:54.820  1082 25087 D VCodec  : [Config] Config Lookup Not Found: mtk.venc.ip.qpdelta
06-17 22:18:54.821  1366 25113 I Hal3ARaw: [122311294] SEC data.0304, Dev(1) i4FrameNum(51) MasterIdx = 0, SlaveIdx = 0, m_bIsSkipSync3A(0) rNewParam(0,0,0)(0,0)
06-17 22:18:54.821  1366  1933 E camiopipe: [vendor/mediatek/proprietary/hardware/mtkcam/drv/src/isp/mt6765/imageio/pipe/CamIOPipe/CamIOPipe.cpp, sendCommand, line3831] ERROR: [0x0]:NOT support command! (sendCommand){#3831:vendor/mediatek/proprietary/hardware/mtkcam/drv/src/isp/mt6765/imageio/pipe/CamIOPipe/CamIOPipe.cpp}
06-17 22:18:54.822  1366  1933 E camiopipe: [vendor/mediatek/proprietary/hardware/mtkcam/drv/src/isp/mt6765/imageio/pipe/CamIOPipe/CamIOPipe.cpp, sendCommand, line3838] ERROR: [0x0]:sendCommand(0x1500) error! (sendCommand){#3838:vendor/mediatek/proprietary/hardware/mtkcam/drv/src/isp/mt6765/imageio/pipe/CamIOPipe/CamIOPipe.cpp}
06-17 22:18:54.822  1366  1933 E NormalPipe: [vendor/mediatek/proprietary/hardware/mtkcam/drv/src/isp/mt6765/iopipe/CamIO/NormalPipe.cpp, sendCommand, line3760] ERROR: error: sendCommand fail: (cmd,arg1,arg2,arg3)=(0x00001500,0x72AF9FE7F0,0x72AF9FE7F4,0xB40000751025DB4C) (sendCommand){#3760:vendor/mediatek/proprietary/hardware/mtkcam/drv/src/isp/mt6765/iopipe/CamIO/NormalPipe.cpp}
06-17 22:18:54.822  1366 25145 W LMVDrv  : [GetLMVStatusAndUpdate]Cannot find magicNum(0) in queue(0)
06-17 22:18:54.822  1366 25194 E PQ      : [PQ][PQSessionManager] createPQSession(3000ee5900010001) user(0xb4000075b0c7e550)
06-17 22:18:54.822  1366 25194 E PQ      : [PQ][PQSessionManager] Duplicated ID[3000ee5900010001] found, please check if double createPQSession!
06-17 22:18:54.822  1366 25194 E PQ      : [PQ][PQSessionManager] getPQSessionListHandle id[3000ee5900010001] 
06-17 22:18:54.822  1366 25194 E PQ      : [PQ][PQSessionManager] getPQSessionListHandle, find id[3000ee5900010001] 
06-17 22:18:54.822  1366 25194 E PQ      : [PQ][PQSession] incRefCount id[3000ee5900010001] user[0xb4000075b0c7e550] existed
06-17 22:18:54.822  1366 25194 E PQ      : [PQ][PQSession] incRefCount id[3000ee5900010001] user[0xb4000075b0c7e550] numOfUser[1]
06-17 22:18:54.822  1366 25194 E PQ      : [PQ][PQAshmem] getAshmemValueByOffset : get offset 0x00000040 = 0x00000000
06-17 22:18:54.822  1366 25194 E PQ      : [PQ][PQSession] setPQParam() id[3000ee5900010001] enable[0], scenario[65537]
06-17 22:18:54.822  1366 25194 E PQ      : [PQ][PQSession] setDpPqConfig m_svp = 0, enDRE = 0
06-17 22:18:54.822  1366 25194 E PQ      : [PQ][PQSession] Timestamp = [221852933], FrameNo = [48], RequestNo = [48], enableDump = [0]
06-17 22:18:54.822  1366 25194 E PQ      : [PQ][PQSession] PQParam.u.isp.lensId = [0]
06-17 22:18:54.822  1366 25194 E PQ      : [PQ][PQSession] ispScenarioIndex = [0]
06-17 22:18:54.822  1366 25194 E PQ      : [PQ][PQSession] m_pPQSessionHandle->PQParam.u.isp.isIspScenario = [0], m_pPQSessionHandle->PQParam.u.isp.ispScenario = [0]
06-17 22:18:54.822  1366 25194 E PQ      : [PQ][PQSession] getDpPqConfig() id[3000ee5900010001] enable[0], scenario[65537]
06-17 22:18:54.822  1366 25194 E PQ      : [PQ][PQSession] getDpPqConfig() enSharp[0] enDC[0] enColor[0] enHDR[0] enUR[0] enReFocus[0] enCcorr[0] enDRE[0] enHFG[0]
06-17 22:18:54.823  1366 28812 E PQ      : [PQ][PQSessionManager] PQSessionManager::getPQSession id[3000ee5900010001]
06-17 22:18:54.823  1366 28812 E PQ      : [PQ][PQSessionManager] getPQSessionListHandle id[3000ee5900010001] 
06-17 22:18:54.823  1366 28812 E PQ      : [PQ][PQSessionManager] getPQSessionListHandle, find id[3000ee5900010001] 
06-17 22:18:54.823  1366 28812 E PQ      : [PQ]PQSession::setPipeNum m_PipeNum[1] value[1]
06-17 22:18:54.823  1366 28812 E MDP     : [PQ][PQRSZAdaptor(0)] calRegs PQParam
06-17 22:18:54.823  1366 28812 E PQ      : [PQ][PQSession] getDpPqConfig() id[3000ee5900010001] enable[0], scenario[65537]
06-17 22:18:54.823  1366 28812 E PQ      : [PQ][PQSession] getDpPqConfig() enSharp[0] enDC[0] enColor[0] enHDR[0] enUR[0] enReFocus[0] enCcorr[0] enDRE[0] enHFG[0]
